Archive member included to satisfy reference by file (symbol)

c:/st/stm32cubeide_1.5.1/stm32cubeide/plugins/com.st.stm32cube.ide.mcu.externaltools.gnu-tools-for-stm32.7-2018-q2-update.win32_1.5.0.202011040924/tools/bin/../lib/gcc/arm-none-eabi/7.3.1/../../../../arm-none-eabi/lib/thumb/v7e-m/fpv4-sp/hard\libc_nano.a(lib_a-errno.o)
                              Core/Src/syscalls.o (__errno)
c:/st/stm32cubeide_1.5.1/stm32cubeide/plugins/com.st.stm32cube.ide.mcu.externaltools.gnu-tools-for-stm32.7-2018-q2-update.win32_1.5.0.202011040924/tools/bin/../lib/gcc/arm-none-eabi/7.3.1/../../../../arm-none-eabi/lib/thumb/v7e-m/fpv4-sp/hard\libc_nano.a(lib_a-exit.o)
                              c:/st/stm32cubeide_1.5.1/stm32cubeide/plugins/com.st.stm32cube.ide.mcu.externaltools.gnu-tools-for-stm32.7-2018-q2-update.win32_1.5.0.202011040924/tools/bin/../lib/gcc/arm-none-eabi/7.3.1/../../../../arm-none-eabi/lib/thumb/v7e-m/fpv4-sp/hard/crt0.o (exit)
c:/st/stm32cubeide_1.5.1/stm32cubeide/plugins/com.st.stm32cube.ide.mcu.externaltools.gnu-tools-for-stm32.7-2018-q2-update.win32_1.5.0.202011040924/tools/bin/../lib/gcc/arm-none-eabi/7.3.1/../../../../arm-none-eabi/lib/thumb/v7e-m/fpv4-sp/hard\libc_nano.a(lib_a-impure.o)
                              c:/st/stm32cubeide_1.5.1/stm32cubeide/plugins/com.st.stm32cube.ide.mcu.externaltools.gnu-tools-for-stm32.7-2018-q2-update.win32_1.5.0.202011040924/tools/bin/../lib/gcc/arm-none-eabi/7.3.1/../../../../arm-none-eabi/lib/thumb/v7e-m/fpv4-sp/hard\libc_nano.a(lib_a-exit.o) (_global_impure_ptr)
c:/st/stm32cubeide_1.5.1/stm32cubeide/plugins/com.st.stm32cube.ide.mcu.externaltools.gnu-tools-for-stm32.7-2018-q2-update.win32_1.5.0.202011040924/tools/bin/../lib/gcc/arm-none-eabi/7.3.1/../../../../arm-none-eabi/lib/thumb/v7e-m/fpv4-sp/hard\libc_nano.a(lib_a-init.o)
                              c:/st/stm32cubeide_1.5.1/stm32cubeide/plugins/com.st.stm32cube.ide.mcu.externaltools.gnu-tools-for-stm32.7-2018-q2-update.win32_1.5.0.202011040924/tools/bin/../lib/gcc/arm-none-eabi/7.3.1/../../../../arm-none-eabi/lib/thumb/v7e-m/fpv4-sp/hard/crt0.o (__libc_init_array)
c:/st/stm32cubeide_1.5.1/stm32cubeide/plugins/com.st.stm32cube.ide.mcu.externaltools.gnu-tools-for-stm32.7-2018-q2-update.win32_1.5.0.202011040924/tools/bin/../lib/gcc/arm-none-eabi/7.3.1/../../../../arm-none-eabi/lib/thumb/v7e-m/fpv4-sp/hard\libc_nano.a(lib_a-memcpy-stub.o)
                              Core/Src/w6100.o (memcpy)
c:/st/stm32cubeide_1.5.1/stm32cubeide/plugins/com.st.stm32cube.ide.mcu.externaltools.gnu-tools-for-stm32.7-2018-q2-update.win32_1.5.0.202011040924/tools/bin/../lib/gcc/arm-none-eabi/7.3.1/../../../../arm-none-eabi/lib/thumb/v7e-m/fpv4-sp/hard\libc_nano.a(lib_a-memset.o)
                              c:/st/stm32cubeide_1.5.1/stm32cubeide/plugins/com.st.stm32cube.ide.mcu.externaltools.gnu-tools-for-stm32.7-2018-q2-update.win32_1.5.0.202011040924/tools/bin/../lib/gcc/arm-none-eabi/7.3.1/../../../../arm-none-eabi/lib/thumb/v7e-m/fpv4-sp/hard/crt0.o (memset)

Allocating common symbols
Common symbol       size              file

can_rx_message      0x18              Core/Src/can.o

Discarded input sections

 .text          0x0000000000000000        0x0 c:/st/stm32cubeide_1.5.1/stm32cubeide/plugins/com.st.stm32cube.ide.mcu.externaltools.gnu-tools-for-stm32.7-2018-q2-update.win32_1.5.0.202011040924/tools/bin/../lib/gcc/arm-none-eabi/7.3.1/thumb/v7e-m/fpv4-sp/hard/crti.o
 .data          0x0000000000000000        0x0 c:/st/stm32cubeide_1.5.1/stm32cubeide/plugins/com.st.stm32cube.ide.mcu.externaltools.gnu-tools-for-stm32.7-2018-q2-update.win32_1.5.0.202011040924/tools/bin/../lib/gcc/arm-none-eabi/7.3.1/thumb/v7e-m/fpv4-sp/hard/crti.o
 .bss           0x0000000000000000        0x0 c:/st/stm32cubeide_1.5.1/stm32cubeide/plugins/com.st.stm32cube.ide.mcu.externaltools.gnu-tools-for-stm32.7-2018-q2-update.win32_1.5.0.202011040924/tools/bin/../lib/gcc/arm-none-eabi/7.3.1/thumb/v7e-m/fpv4-sp/hard/crti.o
 .data          0x0000000000000000        0x4 c:/st/stm32cubeide_1.5.1/stm32cubeide/plugins/com.st.stm32cube.ide.mcu.externaltools.gnu-tools-for-stm32.7-2018-q2-update.win32_1.5.0.202011040924/tools/bin/../lib/gcc/arm-none-eabi/7.3.1/thumb/v7e-m/fpv4-sp/hard/crtbegin.o
 .text          0x0000000000000000       0x74 c:/st/stm32cubeide_1.5.1/stm32cubeide/plugins/com.st.stm32cube.ide.mcu.externaltools.gnu-tools-for-stm32.7-2018-q2-update.win32_1.5.0.202011040924/tools/bin/../lib/gcc/arm-none-eabi/7.3.1/../../../../arm-none-eabi/lib/thumb/v7e-m/fpv4-sp/hard/crt0.o
 .data          0x0000000000000000        0x0 c:/st/stm32cubeide_1.5.1/stm32cubeide/plugins/com.st.stm32cube.ide.mcu.externaltools.gnu-tools-for-stm32.7-2018-q2-update.win32_1.5.0.202011040924/tools/bin/../lib/gcc/arm-none-eabi/7.3.1/../../../../arm-none-eabi/lib/thumb/v7e-m/fpv4-sp/hard/crt0.o
 .bss           0x0000000000000000        0x0 c:/st/stm32cubeide_1.5.1/stm32cubeide/plugins/com.st.stm32cube.ide.mcu.externaltools.gnu-tools-for-stm32.7-2018-q2-update.win32_1.5.0.202011040924/tools/bin/../lib/gcc/arm-none-eabi/7.3.1/../../../../arm-none-eabi/lib/thumb/v7e-m/fpv4-sp/hard/crt0.o
 .ARM.extab     0x0000000000000000        0x0 c:/st/stm32cubeide_1.5.1/stm32cubeide/plugins/com.st.stm32cube.ide.mcu.externaltools.gnu-tools-for-stm32.7-2018-q2-update.win32_1.5.0.202011040924/tools/bin/../lib/gcc/arm-none-eabi/7.3.1/../../../../arm-none-eabi/lib/thumb/v7e-m/fpv4-sp/hard/crt0.o
 .ARM.exidx     0x0000000000000000        0x8 c:/st/stm32cubeide_1.5.1/stm32cubeide/plugins/com.st.stm32cube.ide.mcu.externaltools.gnu-tools-for-stm32.7-2018-q2-update.win32_1.5.0.202011040924/tools/bin/../lib/gcc/arm-none-eabi/7.3.1/../../../../arm-none-eabi/lib/thumb/v7e-m/fpv4-sp/hard/crt0.o
 .ARM.attributes
                0x0000000000000000       0x20 c:/st/stm32cubeide_1.5.1/stm32cubeide/plugins/com.st.stm32cube.ide.mcu.externaltools.gnu-tools-for-stm32.7-2018-q2-update.win32_1.5.0.202011040924/tools/bin/../lib/gcc/arm-none-eabi/7.3.1/../../../../arm-none-eabi/lib/thumb/v7e-m/fpv4-sp/hard/crt0.o
 .group         0x0000000000000000        0xc Core/Src/can.o
 .group         0x0000000000000000        0xc Core/Src/can.o
 .group         0x0000000000000000        0xc Core/Src/can.o
 .group         0x0000000000000000        0xc Core/Src/can.o
 .group         0x0000000000000000        0xc Core/Src/can.o
 .group         0x0000000000000000        0xc Core/Src/can.o
 .group         0x0000000000000000        0xc Core/Src/can.o
 .group         0x0000000000000000        0xc Core/Src/can.o
 .group         0x0000000000000000        0xc Core/Src/can.o
 .group         0x0000000000000000        0xc Core/Src/can.o
 .group         0x0000000000000000        0xc Core/Src/can.o
 .group         0x0000000000000000        0xc Core/Src/can.o
 .group         0x0000000000000000        0xc Core/Src/can.o
 .group         0x0000000000000000        0xc Core/Src/can.o
 .group         0x0000000000000000        0xc Core/Src/can.o
 .group         0x0000000000000000        0xc Core/Src/can.o
 .group         0x0000000000000000        0xc Core/Src/can.o
 .group         0x0000000000000000        0xc Core/Src/can.o
 .group         0x0000000000000000        0xc Core/Src/can.o
 .group         0x0000000000000000        0xc Core/Src/can.o
 .group         0x0000000000000000        0xc Core/Src/can.o
 .group         0x0000000000000000        0xc Core/Src/can.o
 .group         0x0000000000000000        0xc Core/Src/can.o
 .group         0x0000000000000000        0xc Core/Src/can.o
 .group         0x0000000000000000        0xc Core/Src/can.o
 .group         0x0000000000000000        0xc Core/Src/can.o
 .group         0x0000000000000000        0xc Core/Src/can.o
 .group         0x0000000000000000        0xc Core/Src/can.o
 .group         0x0000000000000000        0xc Core/Src/can.o
 .group         0x0000000000000000        0xc Core/Src/can.o
 .group         0x0000000000000000        0xc Core/Src/can.o
 .group         0x0000000000000000        0xc Core/Src/can.o
 .group         0x0000000000000000        0xc Core/Src/can.o
 .group         0x0000000000000000        0xc Core/Src/can.o
 .group         0x0000000000000000        0xc Core/Src/can.o
 .group         0x0000000000000000        0xc Core/Src/can.o
 .group         0x0000000000000000        0xc Core/Src/can.o
 .group         0x0000000000000000        0xc Core/Src/can.o
 .group         0x0000000000000000        0xc Core/Src/can.o
 .group         0x0000000000000000        0xc Core/Src/can.o
 .group         0x0000000000000000        0xc Core/Src/can.o
 .group         0x0000000000000000        0xc Core/Src/can.o
 .group         0x0000000000000000        0xc Core/Src/can.o
 .text          0x0000000000000000        0x0 Core/Src/can.o
 .data          0x0000000000000000        0x0 Core/Src/can.o
 .bss           0x0000000000000000        0x0 Core/Src/can.o
 .group         0x0000000000000000        0xc Core/Src/config.o
 .group         0x0000000000000000        0xc Core/Src/config.o
 .group         0x0000000000000000        0xc Core/Src/config.o
 .group         0x0000000000000000        0xc Core/Src/config.o
 .group         0x0000000000000000        0xc Core/Src/config.o
 .group         0x0000000000000000        0xc Core/Src/config.o
 .group         0x0000000000000000        0xc Core/Src/config.o
 .group         0x0000000000000000        0xc Core/Src/config.o
 .group         0x0000000000000000        0xc Core/Src/config.o
 .group         0x0000000000000000        0xc Core/Src/config.o
 .group         0x0000000000000000        0xc Core/Src/config.o
 .group         0x0000000000000000        0xc Core/Src/config.o
 .group         0x0000000000000000        0xc Core/Src/config.o
 .group         0x0000000000000000        0xc Core/Src/config.o
 .group         0x0000000000000000        0xc Core/Src/config.o
 .group         0x0000000000000000        0xc Core/Src/config.o
 .group         0x0000000000000000        0xc Core/Src/config.o
 .group         0x0000000000000000        0xc Core/Src/config.o
 .group         0x0000000000000000        0xc Core/Src/config.o
 .group         0x0000000000000000        0xc Core/Src/config.o
 .group         0x0000000000000000        0xc Core/Src/config.o
 .group         0x0000000000000000        0xc Core/Src/config.o
 .group         0x0000000000000000        0xc Core/Src/config.o
 .group         0x0000000000000000        0xc Core/Src/config.o
 .group         0x0000000000000000        0xc Core/Src/config.o
 .group         0x0000000000000000        0xc Core/Src/config.o
 .group         0x0000000000000000        0xc Core/Src/config.o
 .group         0x0000000000000000        0xc Core/Src/config.o
 .group         0x0000000000000000        0xc Core/Src/config.o
 .group         0x0000000000000000        0xc Core/Src/config.o
 .group         0x0000000000000000        0xc Core/Src/config.o
 .group         0x0000000000000000        0xc Core/Src/config.o
 .group         0x0000000000000000        0xc Core/Src/config.o
 .group         0x0000000000000000        0xc Core/Src/config.o
 .group         0x0000000000000000        0xc Core/Src/config.o
 .group         0x0000000000000000        0xc Core/Src/config.o
 .group         0x0000000000000000        0xc Core/Src/config.o
 .group         0x0000000000000000        0xc Core/Src/config.o
 .group         0x0000000000000000        0xc Core/Src/config.o
 .group         0x0000000000000000        0xc Core/Src/config.o
 .group         0x0000000000000000        0xc Core/Src/config.o
 .group         0x0000000000000000        0xc Core/Src/config.o
 .text          0x0000000000000000        0x0 Core/Src/config.o
 .data          0x0000000000000000        0x0 Core/Src/config.o
 .bss           0x0000000000000000        0x0 Core/Src/config.o
 .debug_macro   0x0000000000000000      0xa5a Core/Src/config.o
 .debug_macro   0x0000000000000000       0x22 Core/Src/config.o
 .debug_macro   0x0000000000000000       0x40 Core/Src/config.o
 .debug_macro   0x0000000000000000       0x18 Core/Src/config.o
 .debug_macro   0x0000000000000000       0x94 Core/Src/config.o
 .debug_macro   0x0000000000000000       0x3c Core/Src/config.o
 .debug_macro   0x0000000000000000       0x34 Core/Src/config.o
 .debug_macro   0x0000000000000000       0x16 Core/Src/config.o
 .debug_macro   0x0000000000000000       0x57 Core/Src/config.o
 .debug_macro   0x0000000000000000       0x97 Core/Src/config.o
 .debug_macro   0x0000000000000000      0x330 Core/Src/config.o
 .debug_macro   0x0000000000000000       0xfd Core/Src/config.o
 .debug_macro   0x0000000000000000       0x10 Core/Src/config.o
 .debug_macro   0x0000000000000000       0x52 Core/Src/config.o
 .debug_macro   0x0000000000000000       0x1f Core/Src/config.o
 .debug_macro   0x0000000000000000       0x43 Core/Src/config.o
 .debug_macro   0x0000000000000000       0x20 Core/Src/config.o
 .debug_macro   0x0000000000000000      0x1a3 Core/Src/config.o
 .debug_macro   0x0000000000000000       0x10 Core/Src/config.o
 .debug_macro   0x0000000000000000       0x6a Core/Src/config.o
 .debug_macro   0x0000000000000000       0x1c Core/Src/config.o
 .debug_macro   0x0000000000000000       0x52 Core/Src/config.o
 .debug_macro   0x0000000000000000       0x40 Core/Src/config.o
 .debug_macro   0x0000000000000000       0x10 Core/Src/config.o
 .debug_macro   0x0000000000000000       0x40 Core/Src/config.o
 .debug_macro   0x0000000000000000       0xd7 Core/Src/config.o
 .debug_macro   0x0000000000000000       0x1c Core/Src/config.o
 .debug_macro   0x0000000000000000       0x3d Core/Src/config.o
 .debug_macro   0x0000000000000000       0x16 Core/Src/config.o
 .debug_macro   0x0000000000000000      0x145 Core/Src/config.o
 .debug_macro   0x0000000000000000       0x16 Core/Src/config.o
 .debug_macro   0x0000000000000000       0x35 Core/Src/config.o
 .debug_macro   0x0000000000000000       0x20 Core/Src/config.o
 .debug_macro   0x0000000000000000       0x2f Core/Src/config.o
 .debug_macro   0x0000000000000000       0xef Core/Src/config.o
 .debug_macro   0x0000000000000000      0x1df Core/Src/config.o
 .debug_macro   0x0000000000000000       0x1c Core/Src/config.o
 .debug_macro   0x0000000000000000       0x22 Core/Src/config.o
 .debug_macro   0x0000000000000000       0xd9 Core/Src/config.o
 .debug_macro   0x0000000000000000     0x102d Core/Src/config.o
 .debug_macro   0x0000000000000000      0x11f Core/Src/config.o
 .debug_macro   0x0000000000000000    0x14251 Core/Src/config.o
 .group         0x0000000000000000        0xc Core/Src/main.o
 .group         0x0000000000000000        0xc Core/Src/main.o
 .group         0x0000000000000000        0xc Core/Src/main.o
 .group         0x0000000000000000        0xc Core/Src/main.o
 .group         0x0000000000000000        0xc Core/Src/main.o
 .group         0x0000000000000000        0xc Core/Src/main.o
 .group         0x0000000000000000        0xc Core/Src/main.o
 .group         0x0000000000000000        0xc Core/Src/main.o
 .group         0x0000000000000000        0xc Core/Src/main.o
 .group         0x0000000000000000        0xc Core/Src/main.o
 .group         0x0000000000000000        0xc Core/Src/main.o
 .group         0x0000000000000000        0xc Core/Src/main.o
 .group         0x0000000000000000        0xc Core/Src/main.o
 .group         0x0000000000000000        0xc Core/Src/main.o
 .group         0x0000000000000000        0xc Core/Src/main.o
 .group         0x0000000000000000        0xc Core/Src/main.o
 .group         0x0000000000000000        0xc Core/Src/main.o
 .group         0x0000000000000000        0xc Core/Src/main.o
 .group         0x0000000000000000        0xc Core/Src/main.o
 .group         0x0000000000000000        0xc Core/Src/main.o
 .group         0x0000000000000000        0xc Core/Src/main.o
 .group         0x0000000000000000        0xc Core/Src/main.o
 .group         0x0000000000000000        0xc Core/Src/main.o
 .group         0x0000000000000000        0xc Core/Src/main.o
 .group         0x0000000000000000        0xc Core/Src/main.o
 .group         0x0000000000000000        0xc Core/Src/main.o
 .group         0x0000000000000000        0xc Core/Src/main.o
 .group         0x0000000000000000        0xc Core/Src/main.o
 .group         0x0000000000000000        0xc Core/Src/main.o
 .group         0x0000000000000000        0xc Core/Src/main.o
 .group         0x0000000000000000        0xc Core/Src/main.o
 .group         0x0000000000000000        0xc Core/Src/main.o
 .group         0x0000000000000000        0xc Core/Src/main.o
 .group         0x0000000000000000        0xc Core/Src/main.o
 .group         0x0000000000000000        0xc Core/Src/main.o
 .group         0x0000000000000000        0xc Core/Src/main.o
 .group         0x0000000000000000        0xc Core/Src/main.o
 .group         0x0000000000000000        0xc Core/Src/main.o
 .group         0x0000000000000000        0xc Core/Src/main.o
 .group         0x0000000000000000        0xc Core/Src/main.o
 .group         0x0000000000000000        0xc Core/Src/main.o
 .group         0x0000000000000000        0xc Core/Src/main.o
 .group         0x0000000000000000        0xc Core/Src/main.o
 .group         0x0000000000000000        0xc Core/Src/main.o
 .text          0x0000000000000000        0x0 Core/Src/main.o
 .data          0x0000000000000000        0x0 Core/Src/main.o
 .bss           0x0000000000000000        0x0 Core/Src/main.o
 .debug_macro   0x0000000000000000      0xa5a Core/Src/main.o
 .debug_macro   0x0000000000000000       0x22 Core/Src/main.o
 .debug_macro   0x0000000000000000       0x40 Core/Src/main.o
 .debug_macro   0x0000000000000000       0x18 Core/Src/main.o
 .debug_macro   0x0000000000000000       0x94 Core/Src/main.o
 .debug_macro   0x0000000000000000       0x3c Core/Src/main.o
 .debug_macro   0x0000000000000000       0x34 Core/Src/main.o
 .debug_macro   0x0000000000000000       0x16 Core/Src/main.o
 .debug_macro   0x0000000000000000       0x57 Core/Src/main.o
 .debug_macro   0x0000000000000000       0x97 Core/Src/main.o
 .debug_macro   0x0000000000000000      0x330 Core/Src/main.o
 .debug_macro   0x0000000000000000       0xfd Core/Src/main.o
 .debug_macro   0x0000000000000000       0x10 Core/Src/main.o
 .debug_macro   0x0000000000000000       0x52 Core/Src/main.o
 .debug_macro   0x0000000000000000       0x1f Core/Src/main.o
 .debug_macro   0x0000000000000000       0x43 Core/Src/main.o
 .debug_macro   0x0000000000000000       0x20 Core/Src/main.o
 .debug_macro   0x0000000000000000      0x1a3 Core/Src/main.o
 .debug_macro   0x0000000000000000       0x10 Core/Src/main.o
 .debug_macro   0x0000000000000000       0x6a Core/Src/main.o
 .debug_macro   0x0000000000000000       0x1c Core/Src/main.o
 .debug_macro   0x0000000000000000       0x52 Core/Src/main.o
 .debug_macro   0x0000000000000000       0x40 Core/Src/main.o
 .debug_macro   0x0000000000000000       0x10 Core/Src/main.o
 .debug_macro   0x0000000000000000       0x40 Core/Src/main.o
 .debug_macro   0x0000000000000000       0xd7 Core/Src/main.o
 .debug_macro   0x0000000000000000       0x1c Core/Src/main.o
 .debug_macro   0x0000000000000000       0x3d Core/Src/main.o
 .debug_macro   0x0000000000000000       0x16 Core/Src/main.o
 .debug_macro   0x0000000000000000      0x145 Core/Src/main.o
 .debug_macro   0x0000000000000000       0x16 Core/Src/main.o
 .debug_macro   0x0000000000000000       0x35 Core/Src/main.o
 .debug_macro   0x0000000000000000       0x20 Core/Src/main.o
 .debug_macro   0x0000000000000000       0x2f Core/Src/main.o
 .debug_macro   0x0000000000000000       0xef Core/Src/main.o
 .debug_macro   0x0000000000000000      0x1df Core/Src/main.o
 .debug_macro   0x0000000000000000       0x1c Core/Src/main.o
 .debug_macro   0x0000000000000000       0x22 Core/Src/main.o
 .debug_macro   0x0000000000000000       0xd9 Core/Src/main.o
 .debug_macro   0x0000000000000000     0x102d Core/Src/main.o
 .debug_macro   0x0000000000000000      0x11f Core/Src/main.o
 .debug_macro   0x0000000000000000    0x14251 Core/Src/main.o
 .group         0x0000000000000000        0xc Core/Src/syscalls.o
 .group         0x0000000000000000        0xc Core/Src/syscalls.o
 .group         0x0000000000000000        0xc Core/Src/syscalls.o
 .group         0x0000000000000000        0xc Core/Src/syscalls.o
 .group         0x0000000000000000        0xc Core/Src/syscalls.o
 .group         0x0000000000000000        0xc Core/Src/syscalls.o
 .group         0x0000000000000000        0xc Core/Src/syscalls.o
 .group         0x0000000000000000        0xc Core/Src/syscalls.o
 .group         0x0000000000000000        0xc Core/Src/syscalls.o
 .group         0x0000000000000000        0xc Core/Src/syscalls.o
 .group         0x0000000000000000        0xc Core/Src/syscalls.o
 .group         0x0000000000000000        0xc Core/Src/syscalls.o
 .group         0x0000000000000000        0xc Core/Src/syscalls.o
 .group         0x0000000000000000        0xc Core/Src/syscalls.o
 .group         0x0000000000000000        0xc Core/Src/syscalls.o
 .group         0x0000000000000000        0xc Core/Src/syscalls.o
 .group         0x0000000000000000        0xc Core/Src/syscalls.o
 .group         0x0000000000000000        0xc Core/Src/syscalls.o
 .group         0x0000000000000000        0xc Core/Src/syscalls.o
 .group         0x0000000000000000        0xc Core/Src/syscalls.o
 .group         0x0000000000000000        0xc Core/Src/syscalls.o
 .group         0x0000000000000000        0xc Core/Src/syscalls.o
 .group         0x0000000000000000        0xc Core/Src/syscalls.o
 .group         0x0000000000000000        0xc Core/Src/syscalls.o
 .group         0x0000000000000000        0xc Core/Src/syscalls.o
 .group         0x0000000000000000        0xc Core/Src/syscalls.o
 .group         0x0000000000000000        0xc Core/Src/syscalls.o
 .group         0x0000000000000000        0xc Core/Src/syscalls.o
 .group         0x0000000000000000        0xc Core/Src/syscalls.o
 .group         0x0000000000000000        0xc Core/Src/syscalls.o
 .group         0x0000000000000000        0xc Core/Src/syscalls.o
 .group         0x0000000000000000        0xc Core/Src/syscalls.o
 .group         0x0000000000000000        0xc Core/Src/syscalls.o
 .group         0x0000000000000000        0xc Core/Src/syscalls.o
 .group         0x0000000000000000        0xc Core/Src/syscalls.o
 .group         0x0000000000000000        0xc Core/Src/syscalls.o
 .group         0x0000000000000000        0xc Core/Src/syscalls.o
 .group         0x0000000000000000        0xc Core/Src/syscalls.o
 .group         0x0000000000000000        0xc Core/Src/syscalls.o
 .group         0x0000000000000000        0xc Core/Src/syscalls.o
 .group         0x0000000000000000        0xc Core/Src/syscalls.o
 .group         0x0000000000000000        0xc Core/Src/syscalls.o
 .group         0x0000000000000000        0xc Core/Src/syscalls.o
 .group         0x0000000000000000        0xc Core/Src/syscalls.o
 .text          0x0000000000000000        0x0 Core/Src/syscalls.o
 .data          0x0000000000000000        0x0 Core/Src/syscalls.o
 .bss           0x0000000000000000        0x0 Core/Src/syscalls.o
 .bss.__env     0x0000000000000000        0x4 Core/Src/syscalls.o
 .data.environ  0x0000000000000000        0x4 Core/Src/syscalls.o
 .text.initialise_monitor_handles
                0x0000000000000000        0xe Core/Src/syscalls.o
 .text._getpid  0x0000000000000000       0x10 Core/Src/syscalls.o
 .text._kill    0x0000000000000000       0x20 Core/Src/syscalls.o
 .text._exit    0x0000000000000000       0x14 Core/Src/syscalls.o
 .text._read    0x0000000000000000       0x3a Core/Src/syscalls.o
 .text._write   0x0000000000000000       0x38 Core/Src/syscalls.o
 .text._close   0x0000000000000000       0x18 Core/Src/syscalls.o
 .text._fstat   0x0000000000000000       0x20 Core/Src/syscalls.o
 .text._isatty  0x0000000000000000       0x16 Core/Src/syscalls.o
 .text._lseek   0x0000000000000000       0x1a Core/Src/syscalls.o
 .text._open    0x0000000000000000       0x1c Core/Src/syscalls.o
 .text._wait    0x0000000000000000       0x1e Core/Src/syscalls.o
 .text._unlink  0x0000000000000000       0x1e Core/Src/syscalls.o
 .text._times   0x0000000000000000       0x18 Core/Src/syscalls.o
 .text._stat    0x0000000000000000       0x20 Core/Src/syscalls.o
 .text._link    0x0000000000000000       0x20 Core/Src/syscalls.o
 .text._fork    0x0000000000000000       0x16 Core/Src/syscalls.o
 .text._execve  0x0000000000000000       0x22 Core/Src/syscalls.o
 .debug_info    0x0000000000000000      0xebd Core/Src/syscalls.o
 .debug_abbrev  0x0000000000000000      0x261 Core/Src/syscalls.o
 .debug_aranges
                0x0000000000000000       0xa8 Core/Src/syscalls.o
 .debug_ranges  0x0000000000000000       0x98 Core/Src/syscalls.o
 .debug_macro   0x0000000000000000      0x243 Core/Src/syscalls.o
 .debug_macro   0x0000000000000000      0xa5a Core/Src/syscalls.o
 .debug_macro   0x0000000000000000       0x22 Core/Src/syscalls.o
 .debug_macro   0x0000000000000000       0x40 Core/Src/syscalls.o
 .debug_macro   0x0000000000000000       0x18 Core/Src/syscalls.o
 .debug_macro   0x0000000000000000       0x94 Core/Src/syscalls.o
 .debug_macro   0x0000000000000000       0x3c Core/Src/syscalls.o
 .debug_macro   0x0000000000000000       0x34 Core/Src/syscalls.o
 .debug_macro   0x0000000000000000       0x57 Core/Src/syscalls.o
 .debug_macro   0x0000000000000000      0x174 Core/Src/syscalls.o
 .debug_macro   0x0000000000000000      0x330 Core/Src/syscalls.o
 .debug_macro   0x0000000000000000       0x52 Core/Src/syscalls.o
 .debug_macro   0x0000000000000000       0x1f Core/Src/syscalls.o
 .debug_macro   0x0000000000000000       0x43 Core/Src/syscalls.o
 .debug_macro   0x0000000000000000       0x20 Core/Src/syscalls.o
 .debug_macro   0x0000000000000000      0x1a3 Core/Src/syscalls.o
 .debug_macro   0x0000000000000000       0x10 Core/Src/syscalls.o
 .debug_macro   0x0000000000000000       0x35 Core/Src/syscalls.o
 .debug_macro   0x0000000000000000       0x10 Core/Src/syscalls.o
 .debug_macro   0x0000000000000000       0x10 Core/Src/syscalls.o
 .debug_macro   0x0000000000000000       0x10 Core/Src/syscalls.o
 .debug_macro   0x0000000000000000       0x6a Core/Src/syscalls.o
 .debug_macro   0x0000000000000000       0x1c Core/Src/syscalls.o
 .debug_macro   0x0000000000000000       0x52 Core/Src/syscalls.o
 .debug_macro   0x0000000000000000       0x40 Core/Src/syscalls.o
 .debug_macro   0x0000000000000000       0x10 Core/Src/syscalls.o
 .debug_macro   0x0000000000000000       0x40 Core/Src/syscalls.o
 .debug_macro   0x0000000000000000       0xd7 Core/Src/syscalls.o
 .debug_macro   0x0000000000000000       0x1c Core/Src/syscalls.o
 .debug_macro   0x0000000000000000       0x3d Core/Src/syscalls.o
 .debug_macro   0x0000000000000000       0x35 Core/Src/syscalls.o
 .debug_macro   0x0000000000000000      0x122 Core/Src/syscalls.o
 .debug_macro   0x0000000000000000       0x16 Core/Src/syscalls.o
 .debug_macro   0x0000000000000000       0x16 Core/Src/syscalls.o
 .debug_macro   0x0000000000000000       0x29 Core/Src/syscalls.o
 .debug_macro   0x0000000000000000       0x10 Core/Src/syscalls.o
 .debug_macro   0x0000000000000000      0x241 Core/Src/syscalls.o
 .debug_macro   0x0000000000000000       0x1c Core/Src/syscalls.o
 .debug_macro   0x0000000000000000       0x10 Core/Src/syscalls.o
 .debug_macro   0x0000000000000000       0x10 Core/Src/syscalls.o
 .debug_macro   0x0000000000000000       0x16 Core/Src/syscalls.o
 .debug_macro   0x0000000000000000      0x145 Core/Src/syscalls.o
 .debug_macro   0x0000000000000000      0x189 Core/Src/syscalls.o
 .debug_macro   0x0000000000000000       0x16 Core/Src/syscalls.o
 .debug_macro   0x0000000000000000       0x88 Core/Src/syscalls.o
 .debug_line    0x0000000000000000      0x73e Core/Src/syscalls.o
 .debug_str     0x0000000000000000     0x88a7 Core/Src/syscalls.o
 .comment       0x0000000000000000       0x7c Core/Src/syscalls.o
 .debug_frame   0x0000000000000000      0x2ac Core/Src/syscalls.o
 .ARM.attributes
                0x0000000000000000       0x39 Core/Src/syscalls.o
 .group         0x0000000000000000        0xc Core/Src/sysmem.o
 .group         0x0000000000000000        0xc Core/Src/sysmem.o
 .group         0x0000000000000000        0xc Core/Src/sysmem.o
 .group         0x0000000000000000        0xc Core/Src/sysmem.o
 .group         0x0000000000000000        0xc Core/Src/sysmem.o
 .group         0x0000000000000000        0xc Core/Src/sysmem.o
 .group         0x0000000000000000        0xc Core/Src/sysmem.o
 .group         0x0000000000000000        0xc Core/Src/sysmem.o
 .group         0x0000000000000000        0xc Core/Src/sysmem.o
 .group         0x0000000000000000        0xc Core/Src/sysmem.o
 .group         0x0000000000000000        0xc Core/Src/sysmem.o
 .group         0x0000000000000000        0xc Core/Src/sysmem.o
 .group         0x0000000000000000        0xc Core/Src/sysmem.o
 .group         0x0000000000000000        0xc Core/Src/sysmem.o
 .group         0x0000000000000000        0xc Core/Src/sysmem.o
 .group         0x0000000000000000        0xc Core/Src/sysmem.o
 .group         0x0000000000000000        0xc Core/Src/sysmem.o
 .group         0x0000000000000000        0xc Core/Src/sysmem.o
 .group         0x0000000000000000        0xc Core/Src/sysmem.o
 .text          0x0000000000000000        0x0 Core/Src/sysmem.o
 .data          0x0000000000000000        0x0 Core/Src/sysmem.o
 .bss           0x0000000000000000        0x0 Core/Src/sysmem.o
 .bss.__sbrk_heap_end
                0x0000000000000000        0x4 Core/Src/sysmem.o
 .text._sbrk    0x0000000000000000       0x6c Core/Src/sysmem.o
 .debug_info    0x0000000000000000      0x985 Core/Src/sysmem.o
 .debug_abbrev  0x0000000000000000      0x19b Core/Src/sysmem.o
 .debug_aranges
                0x0000000000000000       0x20 Core/Src/sysmem.o
 .debug_ranges  0x0000000000000000       0x10 Core/Src/sysmem.o
 .debug_macro   0x0000000000000000       0xee Core/Src/sysmem.o
 .debug_macro   0x0000000000000000      0xa5a Core/Src/sysmem.o
 .debug_macro   0x0000000000000000       0x10 Core/Src/sysmem.o
 .debug_macro   0x0000000000000000       0x22 Core/Src/sysmem.o
 .debug_macro   0x0000000000000000       0x40 Core/Src/sysmem.o
 .debug_macro   0x0000000000000000       0x18 Core/Src/sysmem.o
 .debug_macro   0x0000000000000000       0x94 Core/Src/sysmem.o
 .debug_macro   0x0000000000000000       0x3c Core/Src/sysmem.o
 .debug_macro   0x0000000000000000       0x34 Core/Src/sysmem.o
 .debug_macro   0x0000000000000000      0x174 Core/Src/sysmem.o
 .debug_macro   0x0000000000000000       0x57 Core/Src/sysmem.o
 .debug_macro   0x0000000000000000       0x52 Core/Src/sysmem.o
 .debug_macro   0x0000000000000000       0x1f Core/Src/sysmem.o
 .debug_macro   0x0000000000000000       0x43 Core/Src/sysmem.o
 .debug_macro   0x0000000000000000       0x20 Core/Src/sysmem.o
 .debug_macro   0x0000000000000000      0x1a3 Core/Src/sysmem.o
 .debug_macro   0x0000000000000000      0x23b Core/Src/sysmem.o
 .debug_macro   0x0000000000000000       0xef Core/Src/sysmem.o
 .debug_macro   0x0000000000000000       0x6a Core/Src/sysmem.o
 .debug_macro   0x0000000000000000      0x1df Core/Src/sysmem.o
 .debug_line    0x0000000000000000      0x4c7 Core/Src/sysmem.o
 .debug_str     0x0000000000000000     0x5f75 Core/Src/sysmem.o
 .comment       0x0000000000000000       0x7c Core/Src/sysmem.o
 .debug_frame   0x0000000000000000       0x34 Core/Src/sysmem.o
 .ARM.attributes
                0x0000000000000000       0x39 Core/Src/sysmem.o
 .group         0x0000000000000000        0xc Core/Src/system_stm32f4xx.o
 .group         0x0000000000000000        0xc Core/Src/system_stm32f4xx.o
 .group         0x0000000000000000        0xc Core/Src/system_stm32f4xx.o
 .group         0x0000000000000000        0xc Core/Src/system_stm32f4xx.o
 .group         0x0000000000000000        0xc Core/Src/system_stm32f4xx.o
 .group         0x0000000000000000        0xc Core/Src/system_stm32f4xx.o
 .group         0x0000000000000000        0xc Core/Src/system_stm32f4xx.o
 .group         0x0000000000000000        0xc Core/Src/system_stm32f4xx.o
 .group         0x0000000000000000        0xc Core/Src/system_stm32f4xx.o
 .group         0x0000000000000000        0xc Core/Src/system_stm32f4xx.o
 .group         0x0000000000000000        0xc Core/Src/system_stm32f4xx.o
 .group         0x0000000000000000        0xc Core/Src/system_stm32f4xx.o
 .group         0x0000000000000000        0xc Core/Src/system_stm32f4xx.o
 .group         0x0000000000000000        0xc Core/Src/system_stm32f4xx.o
 .group         0x0000000000000000        0xc Core/Src/system_stm32f4xx.o
 .group         0x0000000000000000        0xc Core/Src/system_stm32f4xx.o
 .text          0x0000000000000000        0x0 Core/Src/system_stm32f4xx.o
 .data          0x0000000000000000        0x0 Core/Src/system_stm32f4xx.o
 .bss           0x0000000000000000        0x0 Core/Src/system_stm32f4xx.o
 .data.SystemCoreClock
                0x0000000000000000        0x4 Core/Src/system_stm32f4xx.o
 .rodata.AHBPrescTable
                0x0000000000000000       0x10 Core/Src/system_stm32f4xx.o
 .rodata.APBPrescTable
                0x0000000000000000        0x8 Core/Src/system_stm32f4xx.o
 .text.SystemCoreClockUpdate
                0x0000000000000000       0xf4 Core/Src/system_stm32f4xx.o
 .debug_macro   0x0000000000000000      0xa5a Core/Src/system_stm32f4xx.o
 .debug_macro   0x0000000000000000       0x2f Core/Src/system_stm32f4xx.o
 .debug_macro   0x0000000000000000       0x22 Core/Src/system_stm32f4xx.o
 .debug_macro   0x0000000000000000       0xef Core/Src/system_stm32f4xx.o
 .debug_macro   0x0000000000000000       0x6a Core/Src/system_stm32f4xx.o
 .debug_macro   0x0000000000000000      0x1df Core/Src/system_stm32f4xx.o
 .debug_macro   0x0000000000000000       0x1c Core/Src/system_stm32f4xx.o
 .debug_macro   0x0000000000000000       0x22 Core/Src/system_stm32f4xx.o
 .debug_macro   0x0000000000000000     0x102d Core/Src/system_stm32f4xx.o
 .debug_macro   0x0000000000000000      0x11f Core/Src/system_stm32f4xx.o
 .debug_macro   0x0000000000000000    0x14251 Core/Src/system_stm32f4xx.o
 .group         0x0000000000000000        0xc Core/Src/w6100.o
 .group         0x0000000000000000        0xc Core/Src/w6100.o
 .group         0x0000000000000000        0xc Core/Src/w6100.o
 .group         0x0000000000000000        0xc Core/Src/w6100.o
 .group         0x0000000000000000        0xc Core/Src/w6100.o
 .group         0x0000000000000000        0xc Core/Src/w6100.o
 .group         0x0000000000000000        0xc Core/Src/w6100.o
 .group         0x0000000000000000        0xc Core/Src/w6100.o
 .group         0x0000000000000000        0xc Core/Src/w6100.o
 .group         0x0000000000000000        0xc Core/Src/w6100.o
 .group         0x0000000000000000        0xc Core/Src/w6100.o
 .group         0x0000000000000000        0xc Core/Src/w6100.o
 .group         0x0000000000000000        0xc Core/Src/w6100.o
 .group         0x0000000000000000        0xc Core/Src/w6100.o
 .group         0x0000000000000000        0xc Core/Src/w6100.o
 .group         0x0000000000000000        0xc Core/Src/w6100.o
 .group         0x0000000000000000        0xc Core/Src/w6100.o
 .group         0x0000000000000000        0xc Core/Src/w6100.o
 .group         0x0000000000000000        0xc Core/Src/w6100.o
 .group         0x0000000000000000        0xc Core/Src/w6100.o
 .group         0x0000000000000000        0xc Core/Src/w6100.o
 .group         0x0000000000000000        0xc Core/Src/w6100.o
 .group         0x0000000000000000        0xc Core/Src/w6100.o
 .group         0x0000000000000000        0xc Core/Src/w6100.o
 .group         0x0000000000000000        0xc Core/Src/w6100.o
 .group         0x0000000000000000        0xc Core/Src/w6100.o
 .group         0x0000000000000000        0xc Core/Src/w6100.o
 .group         0x0000000000000000        0xc Core/Src/w6100.o
 .group         0x0000000000000000        0xc Core/Src/w6100.o
 .group         0x0000000000000000        0xc Core/Src/w6100.o
 .group         0x0000000000000000        0xc Core/Src/w6100.o
 .group         0x0000000000000000        0xc Core/Src/w6100.o
 .group         0x0000000000000000        0xc Core/Src/w6100.o
 .group         0x0000000000000000        0xc Core/Src/w6100.o
 .group         0x0000000000000000        0xc Core/Src/w6100.o
 .group         0x0000000000000000        0xc Core/Src/w6100.o
 .group         0x0000000000000000        0xc Core/Src/w6100.o
 .group         0x0000000000000000        0xc Core/Src/w6100.o
 .group         0x0000000000000000        0xc Core/Src/w6100.o
 .group         0x0000000000000000        0xc Core/Src/w6100.o
 .group         0x0000000000000000        0xc Core/Src/w6100.o
 .group         0x0000000000000000        0xc Core/Src/w6100.o
 .group         0x0000000000000000        0xc Core/Src/w6100.o
 .text          0x0000000000000000        0x0 Core/Src/w6100.o
 .data          0x0000000000000000        0x0 Core/Src/w6100.o
 .bss           0x0000000000000000        0x0 Core/Src/w6100.o
 .text.SPI_W6100_RCR
                0x0000000000000000       0x48 Core/Src/w6100.o
 .debug_macro   0x0000000000000000      0xa5a Core/Src/w6100.o
 .debug_macro   0x0000000000000000       0x22 Core/Src/w6100.o
 .debug_macro   0x0000000000000000       0x40 Core/Src/w6100.o
 .debug_macro   0x0000000000000000       0x18 Core/Src/w6100.o
 .debug_macro   0x0000000000000000       0x94 Core/Src/w6100.o
 .debug_macro   0x0000000000000000       0x3c Core/Src/w6100.o
 .debug_macro   0x0000000000000000       0x34 Core/Src/w6100.o
 .debug_macro   0x0000000000000000       0x16 Core/Src/w6100.o
 .debug_macro   0x0000000000000000       0x57 Core/Src/w6100.o
 .debug_macro   0x0000000000000000       0x97 Core/Src/w6100.o
 .debug_macro   0x0000000000000000      0x330 Core/Src/w6100.o
 .debug_macro   0x0000000000000000       0xfd Core/Src/w6100.o
 .debug_macro   0x0000000000000000       0x10 Core/Src/w6100.o
 .debug_macro   0x0000000000000000       0x52 Core/Src/w6100.o
 .debug_macro   0x0000000000000000       0x1f Core/Src/w6100.o
 .debug_macro   0x0000000000000000       0x43 Core/Src/w6100.o
 .debug_macro   0x0000000000000000       0x20 Core/Src/w6100.o
 .debug_macro   0x0000000000000000      0x1a3 Core/Src/w6100.o
 .debug_macro   0x0000000000000000       0x10 Core/Src/w6100.o
 .debug_macro   0x0000000000000000       0x6a Core/Src/w6100.o
 .debug_macro   0x0000000000000000       0x1c Core/Src/w6100.o
 .debug_macro   0x0000000000000000       0x52 Core/Src/w6100.o
 .debug_macro   0x0000000000000000       0x40 Core/Src/w6100.o
 .debug_macro   0x0000000000000000       0x10 Core/Src/w6100.o
 .debug_macro   0x0000000000000000       0x40 Core/Src/w6100.o
 .debug_macro   0x0000000000000000       0xd7 Core/Src/w6100.o
 .debug_macro   0x0000000000000000       0x1c Core/Src/w6100.o
 .debug_macro   0x0000000000000000       0x3d Core/Src/w6100.o
 .debug_macro   0x0000000000000000       0x16 Core/Src/w6100.o
 .debug_macro   0x0000000000000000      0x145 Core/Src/w6100.o
 .debug_macro   0x0000000000000000       0x16 Core/Src/w6100.o
 .debug_macro   0x0000000000000000       0x35 Core/Src/w6100.o
 .debug_macro   0x0000000000000000       0x20 Core/Src/w6100.o
 .debug_macro   0x0000000000000000       0x2f Core/Src/w6100.o
 .debug_macro   0x0000000000000000       0xef Core/Src/w6100.o
 .debug_macro   0x0000000000000000      0x1df Core/Src/w6100.o
 .debug_macro   0x0000000000000000       0x1c Core/Src/w6100.o
 .debug_macro   0x0000000000000000       0x22 Core/Src/w6100.o
 .debug_macro   0x0000000000000000       0xd9 Core/Src/w6100.o
 .debug_macro   0x0000000000000000     0x102d Core/Src/w6100.o
 .debug_macro   0x0000000000000000      0x11f Core/Src/w6100.o
 .debug_macro   0x0000000000000000    0x14251 Core/Src/w6100.o
 .text          0x0000000000000000       0x14 Core/Startup/startup_stm32f405rgtx.o
 .data          0x0000000000000000        0x0 Core/Startup/startup_stm32f405rgtx.o
 .bss           0x0000000000000000        0x0 Core/Startup/startup_stm32f405rgtx.o
 .text          0x0000000000000000        0x0 c:/st/stm32cubeide_1.5.1/stm32cubeide/plugins/com.st.stm32cube.ide.mcu.externaltools.gnu-tools-for-stm32.7-2018-q2-update.win32_1.5.0.202011040924/tools/bin/../lib/gcc/arm-none-eabi/7.3.1/../../../../arm-none-eabi/lib/thumb/v7e-m/fpv4-sp/hard\libc_nano.a(lib_a-errno.o)
 .data          0x0000000000000000        0x0 c:/st/stm32cubeide_1.5.1/stm32cubeide/plugins/com.st.stm32cube.ide.mcu.externaltools.gnu-tools-for-stm32.7-2018-q2-update.win32_1.5.0.202011040924/tools/bin/../lib/gcc/arm-none-eabi/7.3.1/../../../../arm-none-eabi/lib/thumb/v7e-m/fpv4-sp/hard\libc_nano.a(lib_a-errno.o)
 .bss           0x0000000000000000        0x0 c:/st/stm32cubeide_1.5.1/stm32cubeide/plugins/com.st.stm32cube.ide.mcu.externaltools.gnu-tools-for-stm32.7-2018-q2-update.win32_1.5.0.202011040924/tools/bin/../lib/gcc/arm-none-eabi/7.3.1/../../../../arm-none-eabi/lib/thumb/v7e-m/fpv4-sp/hard\libc_nano.a(lib_a-errno.o)
 .text.__errno  0x0000000000000000        0xc c:/st/stm32cubeide_1.5.1/stm32cubeide/plugins/com.st.stm32cube.ide.mcu.externaltools.gnu-tools-for-stm32.7-2018-q2-update.win32_1.5.0.202011040924/tools/bin/../lib/gcc/arm-none-eabi/7.3.1/../../../../arm-none-eabi/lib/thumb/v7e-m/fpv4-sp/hard\libc_nano.a(lib_a-errno.o)
 .debug_frame   0x0000000000000000       0x20 c:/st/stm32cubeide_1.5.1/stm32cubeide/plugins/com.st.stm32cube.ide.mcu.externaltools.gnu-tools-for-stm32.7-2018-q2-update.win32_1.5.0.202011040924/tools/bin/../lib/gcc/arm-none-eabi/7.3.1/../../../../arm-none-eabi/lib/thumb/v7e-m/fpv4-sp/hard\libc_nano.a(lib_a-errno.o)
 .ARM.attributes
                0x0000000000000000       0x34 c:/st/stm32cubeide_1.5.1/stm32cubeide/plugins/com.st.stm32cube.ide.mcu.externaltools.gnu-tools-for-stm32.7-2018-q2-update.win32_1.5.0.202011040924/tools/bin/../lib/gcc/arm-none-eabi/7.3.1/../../../../arm-none-eabi/lib/thumb/v7e-m/fpv4-sp/hard\libc_nano.a(lib_a-errno.o)
 .text          0x0000000000000000        0x0 c:/st/stm32cubeide_1.5.1/stm32cubeide/plugins/com.st.stm32cube.ide.mcu.externaltools.gnu-tools-for-stm32.7-2018-q2-update.win32_1.5.0.202011040924/tools/bin/../lib/gcc/arm-none-eabi/7.3.1/../../../../arm-none-eabi/lib/thumb/v7e-m/fpv4-sp/hard\libc_nano.a(lib_a-exit.o)
 .data          0x0000000000000000        0x0 c:/st/stm32cubeide_1.5.1/stm32cubeide/plugins/com.st.stm32cube.ide.mcu.externaltools.gnu-tools-for-stm32.7-2018-q2-update.win32_1.5.0.202011040924/tools/bin/../lib/gcc/arm-none-eabi/7.3.1/../../../../arm-none-eabi/lib/thumb/v7e-m/fpv4-sp/hard\libc_nano.a(lib_a-exit.o)
 .bss           0x0000000000000000        0x0 c:/st/stm32cubeide_1.5.1/stm32cubeide/plugins/com.st.stm32cube.ide.mcu.externaltools.gnu-tools-for-stm32.7-2018-q2-update.win32_1.5.0.202011040924/tools/bin/../lib/gcc/arm-none-eabi/7.3.1/../../../../arm-none-eabi/lib/thumb/v7e-m/fpv4-sp/hard\libc_nano.a(lib_a-exit.o)
 .text.exit     0x0000000000000000       0x28 c:/st/stm32cubeide_1.5.1/stm32cubeide/plugins/com.st.stm32cube.ide.mcu.externaltools.gnu-tools-for-stm32.7-2018-q2-update.win32_1.5.0.202011040924/tools/bin/../lib/gcc/arm-none-eabi/7.3.1/../../../../arm-none-eabi/lib/thumb/v7e-m/fpv4-sp/hard\libc_nano.a(lib_a-exit.o)
 .debug_frame   0x0000000000000000       0x28 c:/st/stm32cubeide_1.5.1/stm32cubeide/plugins/com.st.stm32cube.ide.mcu.externaltools.gnu-tools-for-stm32.7-2018-q2-update.win32_1.5.0.202011040924/tools/bin/../lib/gcc/arm-none-eabi/7.3.1/../../../../arm-none-eabi/lib/thumb/v7e-m/fpv4-sp/hard\libc_nano.a(lib_a-exit.o)
 .ARM.attributes
                0x0000000000000000       0x34 c:/st/stm32cubeide_1.5.1/stm32cubeide/plugins/com.st.stm32cube.ide.mcu.externaltools.gnu-tools-for-stm32.7-2018-q2-update.win32_1.5.0.202011040924/tools/bin/../lib/gcc/arm-none-eabi/7.3.1/../../../../arm-none-eabi/lib/thumb/v7e-m/fpv4-sp/hard\libc_nano.a(lib_a-exit.o)
 .text          0x0000000000000000        0x0 c:/st/stm32cubeide_1.5.1/stm32cubeide/plugins/com.st.stm32cube.ide.mcu.externaltools.gnu-tools-for-stm32.7-2018-q2-update.win32_1.5.0.202011040924/tools/bin/../lib/gcc/arm-none-eabi/7.3.1/../../../../arm-none-eabi/lib/thumb/v7e-m/fpv4-sp/hard\libc_nano.a(lib_a-impure.o)
 .data          0x0000000000000000        0x0 c:/st/stm32cubeide_1.5.1/stm32cubeide/plugins/com.st.stm32cube.ide.mcu.externaltools.gnu-tools-for-stm32.7-2018-q2-update.win32_1.5.0.202011040924/tools/bin/../lib/gcc/arm-none-eabi/7.3.1/../../../../arm-none-eabi/lib/thumb/v7e-m/fpv4-sp/hard\libc_nano.a(lib_a-impure.o)
 .bss           0x0000000000000000        0x0 c:/st/stm32cubeide_1.5.1/stm32cubeide/plugins/com.st.stm32cube.ide.mcu.externaltools.gnu-tools-for-stm32.7-2018-q2-update.win32_1.5.0.202011040924/tools/bin/../lib/gcc/arm-none-eabi/7.3.1/../../../../arm-none-eabi/lib/thumb/v7e-m/fpv4-sp/hard\libc_nano.a(lib_a-impure.o)
 .data._impure_ptr
                0x0000000000000000        0x4 c:/st/stm32cubeide_1.5.1/stm32cubeide/plugins/com.st.stm32cube.ide.mcu.externaltools.gnu-tools-for-stm32.7-2018-q2-update.win32_1.5.0.202011040924/tools/bin/../lib/gcc/arm-none-eabi/7.3.1/../../../../arm-none-eabi/lib/thumb/v7e-m/fpv4-sp/hard\libc_nano.a(lib_a-impure.o)
 .data.impure_data
                0x0000000000000000       0x60 c:/st/stm32cubeide_1.5.1/stm32cubeide/plugins/com.st.stm32cube.ide.mcu.externaltools.gnu-tools-for-stm32.7-2018-q2-update.win32_1.5.0.202011040924/tools/bin/../lib/gcc/arm-none-eabi/7.3.1/../../../../arm-none-eabi/lib/thumb/v7e-m/fpv4-sp/hard\libc_nano.a(lib_a-impure.o)
 .rodata._global_impure_ptr
                0x0000000000000000        0x4 c:/st/stm32cubeide_1.5.1/stm32cubeide/plugins/com.st.stm32cube.ide.mcu.externaltools.gnu-tools-for-stm32.7-2018-q2-update.win32_1.5.0.202011040924/tools/bin/../lib/gcc/arm-none-eabi/7.3.1/../../../../arm-none-eabi/lib/thumb/v7e-m/fpv4-sp/hard\libc_nano.a(lib_a-impure.o)
 .ARM.attributes
                0x0000000000000000       0x34 c:/st/stm32cubeide_1.5.1/stm32cubeide/plugins/com.st.stm32cube.ide.mcu.externaltools.gnu-tools-for-stm32.7-2018-q2-update.win32_1.5.0.202011040924/tools/bin/../lib/gcc/arm-none-eabi/7.3.1/../../../../arm-none-eabi/lib/thumb/v7e-m/fpv4-sp/hard\libc_nano.a(lib_a-impure.o)
 .text          0x0000000000000000        0x0 c:/st/stm32cubeide_1.5.1/stm32cubeide/plugins/com.st.stm32cube.ide.mcu.externaltools.gnu-tools-for-stm32.7-2018-q2-update.win32_1.5.0.202011040924/tools/bin/../lib/gcc/arm-none-eabi/7.3.1/../../../../arm-none-eabi/lib/thumb/v7e-m/fpv4-sp/hard\libc_nano.a(lib_a-init.o)
 .data          0x0000000000000000        0x0 c:/st/stm32cubeide_1.5.1/stm32cubeide/plugins/com.st.stm32cube.ide.mcu.externaltools.gnu-tools-for-stm32.7-2018-q2-update.win32_1.5.0.202011040924/tools/bin/../lib/gcc/arm-none-eabi/7.3.1/../../../../arm-none-eabi/lib/thumb/v7e-m/fpv4-sp/hard\libc_nano.a(lib_a-init.o)
 .bss           0x0000000000000000        0x0 c:/st/stm32cubeide_1.5.1/stm32cubeide/plugins/com.st.stm32cube.ide.mcu.externaltools.gnu-tools-for-stm32.7-2018-q2-update.win32_1.5.0.202011040924/tools/bin/../lib/gcc/arm-none-eabi/7.3.1/../../../../arm-none-eabi/lib/thumb/v7e-m/fpv4-sp/hard\libc_nano.a(lib_a-init.o)
 .text          0x0000000000000000        0x0 c:/st/stm32cubeide_1.5.1/stm32cubeide/plugins/com.st.stm32cube.ide.mcu.externaltools.gnu-tools-for-stm32.7-2018-q2-update.win32_1.5.0.202011040924/tools/bin/../lib/gcc/arm-none-eabi/7.3.1/../../../../arm-none-eabi/lib/thumb/v7e-m/fpv4-sp/hard\libc_nano.a(lib_a-memcpy-stub.o)
 .data          0x0000000000000000        0x0 c:/st/stm32cubeide_1.5.1/stm32cubeide/plugins/com.st.stm32cube.ide.mcu.externaltools.gnu-tools-for-stm32.7-2018-q2-update.win32_1.5.0.202011040924/tools/bin/../lib/gcc/arm-none-eabi/7.3.1/../../../../arm-none-eabi/lib/thumb/v7e-m/fpv4-sp/hard\libc_nano.a(lib_a-memcpy-stub.o)
 .bss           0x0000000000000000        0x0 c:/st/stm32cubeide_1.5.1/stm32cubeide/plugins/com.st.stm32cube.ide.mcu.externaltools.gnu-tools-for-stm32.7-2018-q2-update.win32_1.5.0.202011040924/tools/bin/../lib/gcc/arm-none-eabi/7.3.1/../../../../arm-none-eabi/lib/thumb/v7e-m/fpv4-sp/hard\libc_nano.a(lib_a-memcpy-stub.o)
 .text          0x0000000000000000        0x0 c:/st/stm32cubeide_1.5.1/stm32cubeide/plugins/com.st.stm32cube.ide.mcu.externaltools.gnu-tools-for-stm32.7-2018-q2-update.win32_1.5.0.202011040924/tools/bin/../lib/gcc/arm-none-eabi/7.3.1/../../../../arm-none-eabi/lib/thumb/v7e-m/fpv4-sp/hard\libc_nano.a(lib_a-memset.o)
 .data          0x0000000000000000        0x0 c:/st/stm32cubeide_1.5.1/stm32cubeide/plugins/com.st.stm32cube.ide.mcu.externaltools.gnu-tools-for-stm32.7-2018-q2-update.win32_1.5.0.202011040924/tools/bin/../lib/gcc/arm-none-eabi/7.3.1/../../../../arm-none-eabi/lib/thumb/v7e-m/fpv4-sp/hard\libc_nano.a(lib_a-memset.o)
 .bss           0x0000000000000000        0x0 c:/st/stm32cubeide_1.5.1/stm32cubeide/plugins/com.st.stm32cube.ide.mcu.externaltools.gnu-tools-for-stm32.7-2018-q2-update.win32_1.5.0.202011040924/tools/bin/../lib/gcc/arm-none-eabi/7.3.1/../../../../arm-none-eabi/lib/thumb/v7e-m/fpv4-sp/hard\libc_nano.a(lib_a-memset.o)
 .text          0x0000000000000000        0x0 c:/st/stm32cubeide_1.5.1/stm32cubeide/plugins/com.st.stm32cube.ide.mcu.externaltools.gnu-tools-for-stm32.7-2018-q2-update.win32_1.5.0.202011040924/tools/bin/../lib/gcc/arm-none-eabi/7.3.1/thumb/v7e-m/fpv4-sp/hard/crtend.o
 .data          0x0000000000000000        0x0 c:/st/stm32cubeide_1.5.1/stm32cubeide/plugins/com.st.stm32cube.ide.mcu.externaltools.gnu-tools-for-stm32.7-2018-q2-update.win32_1.5.0.202011040924/tools/bin/../lib/gcc/arm-none-eabi/7.3.1/thumb/v7e-m/fpv4-sp/hard/crtend.o
 .bss           0x0000000000000000        0x0 c:/st/stm32cubeide_1.5.1/stm32cubeide/plugins/com.st.stm32cube.ide.mcu.externaltools.gnu-tools-for-stm32.7-2018-q2-update.win32_1.5.0.202011040924/tools/bin/../lib/gcc/arm-none-eabi/7.3.1/thumb/v7e-m/fpv4-sp/hard/crtend.o
 .eh_frame      0x0000000000000000        0x4 c:/st/stm32cubeide_1.5.1/stm32cubeide/plugins/com.st.stm32cube.ide.mcu.externaltools.gnu-tools-for-stm32.7-2018-q2-update.win32_1.5.0.202011040924/tools/bin/../lib/gcc/arm-none-eabi/7.3.1/thumb/v7e-m/fpv4-sp/hard/crtend.o
 .ARM.attributes
                0x0000000000000000       0x34 c:/st/stm32cubeide_1.5.1/stm32cubeide/plugins/com.st.stm32cube.ide.mcu.externaltools.gnu-tools-for-stm32.7-2018-q2-update.win32_1.5.0.202011040924/tools/bin/../lib/gcc/arm-none-eabi/7.3.1/thumb/v7e-m/fpv4-sp/hard/crtend.o
 .text          0x0000000000000000        0x0 c:/st/stm32cubeide_1.5.1/stm32cubeide/plugins/com.st.stm32cube.ide.mcu.externaltools.gnu-tools-for-stm32.7-2018-q2-update.win32_1.5.0.202011040924/tools/bin/../lib/gcc/arm-none-eabi/7.3.1/thumb/v7e-m/fpv4-sp/hard/crtn.o
 .data          0x0000000000000000        0x0 c:/st/stm32cubeide_1.5.1/stm32cubeide/plugins/com.st.stm32cube.ide.mcu.externaltools.gnu-tools-for-stm32.7-2018-q2-update.win32_1.5.0.202011040924/tools/bin/../lib/gcc/arm-none-eabi/7.3.1/thumb/v7e-m/fpv4-sp/hard/crtn.o
 .bss           0x0000000000000000        0x0 c:/st/stm32cubeide_1.5.1/stm32cubeide/plugins/com.st.stm32cube.ide.mcu.externaltools.gnu-tools-for-stm32.7-2018-q2-update.win32_1.5.0.202011040924/tools/bin/../lib/gcc/arm-none-eabi/7.3.1/thumb/v7e-m/fpv4-sp/hard/crtn.o

Memory Configuration

Name             Origin             Length             Attributes
CCMRAM           0x0000000010000000 0x0000000000010000 xrw
RAM              0x0000000020000000 0x0000000000020000 xrw
FLASH            0x0000000008000000 0x0000000000100000 xr
*default*        0x0000000000000000 0xffffffffffffffff

Linker script and memory map

LOAD c:/st/stm32cubeide_1.5.1/stm32cubeide/plugins/com.st.stm32cube.ide.mcu.externaltools.gnu-tools-for-stm32.7-2018-q2-update.win32_1.5.0.202011040924/tools/bin/../lib/gcc/arm-none-eabi/7.3.1/thumb/v7e-m/fpv4-sp/hard/crti.o
LOAD c:/st/stm32cubeide_1.5.1/stm32cubeide/plugins/com.st.stm32cube.ide.mcu.externaltools.gnu-tools-for-stm32.7-2018-q2-update.win32_1.5.0.202011040924/tools/bin/../lib/gcc/arm-none-eabi/7.3.1/thumb/v7e-m/fpv4-sp/hard/crtbegin.o
LOAD c:/st/stm32cubeide_1.5.1/stm32cubeide/plugins/com.st.stm32cube.ide.mcu.externaltools.gnu-tools-for-stm32.7-2018-q2-update.win32_1.5.0.202011040924/tools/bin/../lib/gcc/arm-none-eabi/7.3.1/../../../../arm-none-eabi/lib/thumb/v7e-m/fpv4-sp/hard/crt0.o
LOAD Core/Src/can.o
LOAD Core/Src/config.o
LOAD Core/Src/main.o
LOAD Core/Src/syscalls.o
LOAD Core/Src/sysmem.o
LOAD Core/Src/system_stm32f4xx.o
LOAD Core/Src/w6100.o
LOAD Core/Startup/startup_stm32f405rgtx.o
START GROUP
LOAD c:/st/stm32cubeide_1.5.1/stm32cubeide/plugins/com.st.stm32cube.ide.mcu.externaltools.gnu-tools-for-stm32.7-2018-q2-update.win32_1.5.0.202011040924/tools/bin/../lib/gcc/arm-none-eabi/7.3.1/../../../../arm-none-eabi/lib/thumb/v7e-m/fpv4-sp/hard\libc_nano.a
LOAD c:/st/stm32cubeide_1.5.1/stm32cubeide/plugins/com.st.stm32cube.ide.mcu.externaltools.gnu-tools-for-stm32.7-2018-q2-update.win32_1.5.0.202011040924/tools/bin/../lib/gcc/arm-none-eabi/7.3.1/../../../../arm-none-eabi/lib/thumb/v7e-m/fpv4-sp/hard\libm.a
END GROUP
START GROUP
LOAD c:/st/stm32cubeide_1.5.1/stm32cubeide/plugins/com.st.stm32cube.ide.mcu.externaltools.gnu-tools-for-stm32.7-2018-q2-update.win32_1.5.0.202011040924/tools/bin/../lib/gcc/arm-none-eabi/7.3.1/thumb/v7e-m/fpv4-sp/hard\libgcc.a
LOAD c:/st/stm32cubeide_1.5.1/stm32cubeide/plugins/com.st.stm32cube.ide.mcu.externaltools.gnu-tools-for-stm32.7-2018-q2-update.win32_1.5.0.202011040924/tools/bin/../lib/gcc/arm-none-eabi/7.3.1/../../../../arm-none-eabi/lib/thumb/v7e-m/fpv4-sp/hard\libc_nano.a
END GROUP
START GROUP
LOAD c:/st/stm32cubeide_1.5.1/stm32cubeide/plugins/com.st.stm32cube.ide.mcu.externaltools.gnu-tools-for-stm32.7-2018-q2-update.win32_1.5.0.202011040924/tools/bin/../lib/gcc/arm-none-eabi/7.3.1/thumb/v7e-m/fpv4-sp/hard\libgcc.a
LOAD c:/st/stm32cubeide_1.5.1/stm32cubeide/plugins/com.st.stm32cube.ide.mcu.externaltools.gnu-tools-for-stm32.7-2018-q2-update.win32_1.5.0.202011040924/tools/bin/../lib/gcc/arm-none-eabi/7.3.1/../../../../arm-none-eabi/lib/thumb/v7e-m/fpv4-sp/hard\libc_nano.a
LOAD c:/st/stm32cubeide_1.5.1/stm32cubeide/plugins/com.st.stm32cube.ide.mcu.externaltools.gnu-tools-for-stm32.7-2018-q2-update.win32_1.5.0.202011040924/tools/bin/../lib/gcc/arm-none-eabi/7.3.1/../../../../arm-none-eabi/lib/thumb/v7e-m/fpv4-sp/hard\libnosys.a
END GROUP
START GROUP
LOAD c:/st/stm32cubeide_1.5.1/stm32cubeide/plugins/com.st.stm32cube.ide.mcu.externaltools.gnu-tools-for-stm32.7-2018-q2-update.win32_1.5.0.202011040924/tools/bin/../lib/gcc/arm-none-eabi/7.3.1/thumb/v7e-m/fpv4-sp/hard\libgcc.a
LOAD c:/st/stm32cubeide_1.5.1/stm32cubeide/plugins/com.st.stm32cube.ide.mcu.externaltools.gnu-tools-for-stm32.7-2018-q2-update.win32_1.5.0.202011040924/tools/bin/../lib/gcc/arm-none-eabi/7.3.1/../../../../arm-none-eabi/lib/thumb/v7e-m/fpv4-sp/hard\libc_nano.a
LOAD c:/st/stm32cubeide_1.5.1/stm32cubeide/plugins/com.st.stm32cube.ide.mcu.externaltools.gnu-tools-for-stm32.7-2018-q2-update.win32_1.5.0.202011040924/tools/bin/../lib/gcc/arm-none-eabi/7.3.1/../../../../arm-none-eabi/lib/thumb/v7e-m/fpv4-sp/hard\libnosys.a
END GROUP
LOAD c:/st/stm32cubeide_1.5.1/stm32cubeide/plugins/com.st.stm32cube.ide.mcu.externaltools.gnu-tools-for-stm32.7-2018-q2-update.win32_1.5.0.202011040924/tools/bin/../lib/gcc/arm-none-eabi/7.3.1/thumb/v7e-m/fpv4-sp/hard/crtend.o
LOAD c:/st/stm32cubeide_1.5.1/stm32cubeide/plugins/com.st.stm32cube.ide.mcu.externaltools.gnu-tools-for-stm32.7-2018-q2-update.win32_1.5.0.202011040924/tools/bin/../lib/gcc/arm-none-eabi/7.3.1/thumb/v7e-m/fpv4-sp/hard/crtn.o
                0x0000000020020000                _estack = (ORIGIN (RAM) + LENGTH (RAM))
                0x0000000000000200                _Min_Heap_Size = 0x200
                0x0000000000000400                _Min_Stack_Size = 0x400

.isr_vector     0x0000000008000000      0x188
                0x0000000008000000                . = ALIGN (0x4)
 *(.isr_vector)
 .isr_vector    0x0000000008000000      0x188 Core/Startup/startup_stm32f405rgtx.o
                0x0000000008000000                g_pfnVectors
                0x0000000008000188                . = ALIGN (0x4)

.text           0x0000000008000188     0x1328
                0x0000000008000188                . = ALIGN (0x4)
 *(.text)
 .text          0x0000000008000188       0x40 c:/st/stm32cubeide_1.5.1/stm32cubeide/plugins/com.st.stm32cube.ide.mcu.externaltools.gnu-tools-for-stm32.7-2018-q2-update.win32_1.5.0.202011040924/tools/bin/../lib/gcc/arm-none-eabi/7.3.1/thumb/v7e-m/fpv4-sp/hard/crtbegin.o
 *(.text*)
 .text.__NVIC_EnableIRQ
                0x00000000080001c8       0x3c Core/Src/can.o
 .text.CanInit  0x0000000008000204       0x80 Core/Src/can.o
                0x0000000008000204                CanInit
 .text.Can_Tx_Msg
                0x0000000008000284      0x100 Core/Src/can.o
                0x0000000008000284                Can_Tx_Msg
 .text.Can_Rx_Msg
                0x0000000008000384       0xc8 Core/Src/can.o
                0x0000000008000384                Can_Rx_Msg
 .text.Can_Set_Filter
                0x000000000800044c      0x118 Core/Src/can.o
                0x000000000800044c                Can_Set_Filter
 .text.CAN1_TX_IRQHandler
                0x0000000008000564       0x40 Core/Src/can.o
                0x0000000008000564                CAN1_TX_IRQHandler
 .text.CAN1_RX0_IRQHandler
                0x00000000080005a4       0x44 Core/Src/can.o
                0x00000000080005a4                CAN1_RX0_IRQHandler
 .text.__NVIC_SetPriority
                0x00000000080005e8       0x54 Core/Src/config.o
 .text.SysTick_Config
                0x000000000800063c       0x44 Core/Src/config.o
 .text.SystemRegisterCFG
                0x0000000008000680      0x144 Core/Src/config.o
                0x0000000008000680                SystemRegisterCFG
 .text.SysTick_Handler
                0x00000000080007c4       0x16 Core/Src/config.o
                0x00000000080007c4                SysTick_Handler
 *fill*         0x00000000080007da        0x2 
 .text.main     0x00000000080007dc      0x190 Core/Src/main.o
                0x00000000080007dc                main
 .text.SystemInit
                0x000000000800096c       0x2c Core/Src/system_stm32f4xx.o
                0x000000000800096c                SystemInit
 .text.SPI_Eth_SS
                0x0000000008000998       0x40 Core/Src/w6100.o
                0x0000000008000998                SPI_Eth_SS
 .text.SPI_Eth_RT
                0x00000000080009d8       0x44 Core/Src/w6100.o
                0x00000000080009d8                SPI_Eth_RT
 .text.SPI_W6100_WCR
                0x0000000008000a1c       0x4a Core/Src/w6100.o
                0x0000000008000a1c                SPI_W6100_WCR
 .text.SPI_W6100_RSOCK
                0x0000000008000a66       0x76 Core/Src/w6100.o
                0x0000000008000a66                SPI_W6100_RSOCK
 .text.SPI_W6100_WSOCK
                0x0000000008000adc       0x7e Core/Src/w6100.o
                0x0000000008000adc                SPI_W6100_WSOCK
 .text.W6100_INIT
                0x0000000008000b5a      0x350 Core/Src/w6100.o
                0x0000000008000b5a                W6100_INIT
 *fill*         0x0000000008000eaa        0x2 
 .text.W6100_OpenTCPSocket
                0x0000000008000eac      0x118 Core/Src/w6100.o
                0x0000000008000eac                W6100_OpenTCPSocket
 .text.W6100_ReceiveData
                0x0000000008000fc4      0x19e Core/Src/w6100.o
                0x0000000008000fc4                W6100_ReceiveData
 .text.W6100_TransmitData
                0x0000000008001162      0x1be Core/Src/w6100.o
                0x0000000008001162                W6100_TransmitData
 .text.W6100_PassiveCloseSocket
                0x0000000008001320       0xb4 Core/Src/w6100.o
                0x0000000008001320                W6100_PassiveCloseSocket
 .text.Reset_Handler
                0x00000000080013d4       0x50 Core/Startup/startup_stm32f405rgtx.o
                0x00000000080013d4                Reset_Handler
 .text.Default_Handler
                0x0000000008001424        0x2 Core/Startup/startup_stm32f405rgtx.o
                0x0000000008001424                RTC_Alarm_IRQHandler
                0x0000000008001424                HASH_RNG_IRQHandler
                0x0000000008001424                EXTI2_IRQHandler
                0x0000000008001424                TIM8_CC_IRQHandler
                0x0000000008001424                DebugMon_Handler
                0x0000000008001424                TIM1_CC_IRQHandler
                0x0000000008001424                DMA2_Stream5_IRQHandler
                0x0000000008001424                HardFault_Handler
                0x0000000008001424                DMA1_Stream5_IRQHandler
                0x0000000008001424                PVD_IRQHandler
                0x0000000008001424                SDIO_IRQHandler
                0x0000000008001424                TAMP_STAMP_IRQHandler
                0x0000000008001424                PendSV_Handler
                0x0000000008001424                NMI_Handler
                0x0000000008001424                CAN2_RX1_IRQHandler
                0x0000000008001424                EXTI3_IRQHandler
                0x0000000008001424                TIM8_TRG_COM_TIM14_IRQHandler
                0x0000000008001424                TIM1_UP_TIM10_IRQHandler
                0x0000000008001424                TIM8_UP_TIM13_IRQHandler
                0x0000000008001424                I2C3_ER_IRQHandler
                0x0000000008001424                EXTI0_IRQHandler
                0x0000000008001424                I2C2_EV_IRQHandler
                0x0000000008001424                DMA1_Stream2_IRQHandler
                0x0000000008001424                FPU_IRQHandler
                0x0000000008001424                OTG_HS_WKUP_IRQHandler
                0x0000000008001424                UsageFault_Handler
                0x0000000008001424                CAN2_SCE_IRQHandler
                0x0000000008001424                DMA2_Stream2_IRQHandler
                0x0000000008001424                SPI1_IRQHandler
                0x0000000008001424                TIM6_DAC_IRQHandler
                0x0000000008001424                TIM1_BRK_TIM9_IRQHandler
                0x0000000008001424                CAN2_RX0_IRQHandler
                0x0000000008001424                DMA2_Stream3_IRQHandler
                0x0000000008001424                USART6_IRQHandler
                0x0000000008001424                USART3_IRQHandler
                0x0000000008001424                CAN1_RX1_IRQHandler
                0x0000000008001424                UART5_IRQHandler
                0x0000000008001424                DMA2_Stream0_IRQHandler
                0x0000000008001424                TIM4_IRQHandler
                0x0000000008001424                I2C1_EV_IRQHandler
                0x0000000008001424                DMA1_Stream6_IRQHandler
                0x0000000008001424                DMA1_Stream1_IRQHandler
                0x0000000008001424                UART4_IRQHandler
                0x0000000008001424                TIM3_IRQHandler
                0x0000000008001424                RCC_IRQHandler
                0x0000000008001424                TIM8_BRK_TIM12_IRQHandler
                0x0000000008001424                Default_Handler
                0x0000000008001424                EXTI15_10_IRQHandler
                0x0000000008001424                ADC_IRQHandler
                0x0000000008001424                DMA1_Stream7_IRQHandler
                0x0000000008001424                TIM7_IRQHandler
                0x0000000008001424                CAN2_TX_IRQHandler
                0x0000000008001424                TIM5_IRQHandler
                0x0000000008001424                DMA2_Stream7_IRQHandler
                0x0000000008001424                I2C3_EV_IRQHandler
                0x0000000008001424                EXTI9_5_IRQHandler
                0x0000000008001424                RTC_WKUP_IRQHandler
                0x0000000008001424                SPI2_IRQHandler
                0x0000000008001424                OTG_HS_EP1_IN_IRQHandler
                0x0000000008001424                MemManage_Handler
                0x0000000008001424                DMA1_Stream0_IRQHandler
                0x0000000008001424                SVC_Handler
                0x0000000008001424                EXTI4_IRQHandler
                0x0000000008001424                FSMC_IRQHandler
                0x0000000008001424                OTG_HS_EP1_OUT_IRQHandler
                0x0000000008001424                WWDG_IRQHandler
                0x0000000008001424                TIM2_IRQHandler
                0x0000000008001424                OTG_FS_WKUP_IRQHandler
                0x0000000008001424                TIM1_TRG_COM_TIM11_IRQHandler
                0x0000000008001424                OTG_HS_IRQHandler
                0x0000000008001424                EXTI1_IRQHandler
                0x0000000008001424                USART2_IRQHandler
                0x0000000008001424                I2C2_ER_IRQHandler
                0x0000000008001424                DMA2_Stream1_IRQHandler
                0x0000000008001424                CAN1_SCE_IRQHandler
                0x0000000008001424                FLASH_IRQHandler
                0x0000000008001424                DMA2_Stream4_IRQHandler
                0x0000000008001424                BusFault_Handler
                0x0000000008001424                USART1_IRQHandler
                0x0000000008001424                OTG_FS_IRQHandler
                0x0000000008001424                SPI3_IRQHandler
                0x0000000008001424                DMA1_Stream4_IRQHandler
                0x0000000008001424                I2C1_ER_IRQHandler
                0x0000000008001424                DMA2_Stream6_IRQHandler
                0x0000000008001424                DMA1_Stream3_IRQHandler
 *fill*         0x0000000008001426        0x2 
 .text.__libc_init_array
                0x0000000008001428       0x48 c:/st/stm32cubeide_1.5.1/stm32cubeide/plugins/com.st.stm32cube.ide.mcu.externaltools.gnu-tools-for-stm32.7-2018-q2-update.win32_1.5.0.202011040924/tools/bin/../lib/gcc/arm-none-eabi/7.3.1/../../../../arm-none-eabi/lib/thumb/v7e-m/fpv4-sp/hard\libc_nano.a(lib_a-init.o)
                0x0000000008001428                __libc_init_array
 .text.memcpy   0x0000000008001470       0x16 c:/st/stm32cubeide_1.5.1/stm32cubeide/plugins/com.st.stm32cube.ide.mcu.externaltools.gnu-tools-for-stm32.7-2018-q2-update.win32_1.5.0.202011040924/tools/bin/../lib/gcc/arm-none-eabi/7.3.1/../../../../arm-none-eabi/lib/thumb/v7e-m/fpv4-sp/hard\libc_nano.a(lib_a-memcpy-stub.o)
                0x0000000008001470                memcpy
 .text.memset   0x0000000008001486       0x10 c:/st/stm32cubeide_1.5.1/stm32cubeide/plugins/com.st.stm32cube.ide.mcu.externaltools.gnu-tools-for-stm32.7-2018-q2-update.win32_1.5.0.202011040924/tools/bin/../lib/gcc/arm-none-eabi/7.3.1/../../../../arm-none-eabi/lib/thumb/v7e-m/fpv4-sp/hard\libc_nano.a(lib_a-memset.o)
                0x0000000008001486                memset
 *(.glue_7)
 .glue_7        0x0000000008001496        0x0 linker stubs
 *(.glue_7t)
 .glue_7t       0x0000000008001496        0x0 linker stubs
 *(.eh_frame)
 *fill*         0x0000000008001496        0x2 
 .eh_frame      0x0000000008001498        0x0 c:/st/stm32cubeide_1.5.1/stm32cubeide/plugins/com.st.stm32cube.ide.mcu.externaltools.gnu-tools-for-stm32.7-2018-q2-update.win32_1.5.0.202011040924/tools/bin/../lib/gcc/arm-none-eabi/7.3.1/thumb/v7e-m/fpv4-sp/hard/crtbegin.o
 *(.init)
 .init          0x0000000008001498        0x4 c:/st/stm32cubeide_1.5.1/stm32cubeide/plugins/com.st.stm32cube.ide.mcu.externaltools.gnu-tools-for-stm32.7-2018-q2-update.win32_1.5.0.202011040924/tools/bin/../lib/gcc/arm-none-eabi/7.3.1/thumb/v7e-m/fpv4-sp/hard/crti.o
                0x0000000008001498                _init
 .init          0x000000000800149c        0x8 c:/st/stm32cubeide_1.5.1/stm32cubeide/plugins/com.st.stm32cube.ide.mcu.externaltools.gnu-tools-for-stm32.7-2018-q2-update.win32_1.5.0.202011040924/tools/bin/../lib/gcc/arm-none-eabi/7.3.1/thumb/v7e-m/fpv4-sp/hard/crtn.o
 *(.fini)
 .fini          0x00000000080014a4        0x4 c:/st/stm32cubeide_1.5.1/stm32cubeide/plugins/com.st.stm32cube.ide.mcu.externaltools.gnu-tools-for-stm32.7-2018-q2-update.win32_1.5.0.202011040924/tools/bin/../lib/gcc/arm-none-eabi/7.3.1/thumb/v7e-m/fpv4-sp/hard/crti.o
                0x00000000080014a4                _fini
 .fini          0x00000000080014a8        0x8 c:/st/stm32cubeide_1.5.1/stm32cubeide/plugins/com.st.stm32cube.ide.mcu.externaltools.gnu-tools-for-stm32.7-2018-q2-update.win32_1.5.0.202011040924/tools/bin/../lib/gcc/arm-none-eabi/7.3.1/thumb/v7e-m/fpv4-sp/hard/crtn.o
                0x00000000080014b0                . = ALIGN (0x4)
                0x00000000080014b0                _etext = .

.vfp11_veneer   0x00000000080014b0        0x0
 .vfp11_veneer  0x00000000080014b0        0x0 linker stubs

.v4_bx          0x00000000080014b0        0x0
 .v4_bx         0x00000000080014b0        0x0 linker stubs

.iplt           0x00000000080014b0        0x0
 .iplt          0x00000000080014b0        0x0 c:/st/stm32cubeide_1.5.1/stm32cubeide/plugins/com.st.stm32cube.ide.mcu.externaltools.gnu-tools-for-stm32.7-2018-q2-update.win32_1.5.0.202011040924/tools/bin/../lib/gcc/arm-none-eabi/7.3.1/thumb/v7e-m/fpv4-sp/hard/crtbegin.o

.rodata         0x00000000080014b0       0x40
                0x00000000080014b0                . = ALIGN (0x4)
 *(.rodata)
 .rodata        0x00000000080014b0       0x40 Core/Src/main.o
 *(.rodata*)
                0x00000000080014f0                . = ALIGN (0x4)

.rel.dyn        0x00000000080014f0        0x0
 .rel.iplt      0x00000000080014f0        0x0 c:/st/stm32cubeide_1.5.1/stm32cubeide/plugins/com.st.stm32cube.ide.mcu.externaltools.gnu-tools-for-stm32.7-2018-q2-update.win32_1.5.0.202011040924/tools/bin/../lib/gcc/arm-none-eabi/7.3.1/thumb/v7e-m/fpv4-sp/hard/crtbegin.o

.ARM.extab      0x00000000080014f0        0x0
                0x00000000080014f0                . = ALIGN (0x4)
 *(.ARM.extab* .gnu.linkonce.armextab.*)
                0x00000000080014f0                . = ALIGN (0x4)

.ARM            0x00000000080014f0        0x0
                0x00000000080014f0                . = ALIGN (0x4)
                0x00000000080014f0                __exidx_start = .
 *(.ARM.exidx*)
                0x00000000080014f0                __exidx_end = .
                0x00000000080014f0                . = ALIGN (0x4)

.preinit_array  0x00000000080014f0        0x0
                0x00000000080014f0                . = ALIGN (0x4)
                0x00000000080014f0                PROVIDE (__preinit_array_start = .)
 *(.preinit_array*)
                0x00000000080014f0                PROVIDE (__preinit_array_end = .)
                0x00000000080014f0                . = ALIGN (0x4)

.init_array     0x00000000080014f0        0x4
                0x00000000080014f0                . = ALIGN (0x4)
                0x00000000080014f0                PROVIDE (__init_array_start = .)
 *(SORT_BY_NAME(.init_array.*))
 *(.init_array*)
 .init_array    0x00000000080014f0        0x4 c:/st/stm32cubeide_1.5.1/stm32cubeide/plugins/com.st.stm32cube.ide.mcu.externaltools.gnu-tools-for-stm32.7-2018-q2-update.win32_1.5.0.202011040924/tools/bin/../lib/gcc/arm-none-eabi/7.3.1/thumb/v7e-m/fpv4-sp/hard/crtbegin.o
                0x00000000080014f4                PROVIDE (__init_array_end = .)
                0x00000000080014f4                . = ALIGN (0x4)

.fini_array     0x00000000080014f4        0x4
                0x00000000080014f4                . = ALIGN (0x4)
                [!provide]                        PROVIDE (__fini_array_start = .)
 *(SORT_BY_NAME(.fini_array.*))
 *(.fini_array*)
 .fini_array    0x00000000080014f4        0x4 c:/st/stm32cubeide_1.5.1/stm32cubeide/plugins/com.st.stm32cube.ide.mcu.externaltools.gnu-tools-for-stm32.7-2018-q2-update.win32_1.5.0.202011040924/tools/bin/../lib/gcc/arm-none-eabi/7.3.1/thumb/v7e-m/fpv4-sp/hard/crtbegin.o
                [!provide]                        PROVIDE (__fini_array_end = .)
                0x00000000080014f8                . = ALIGN (0x4)
                0x00000000080014f8                _sidata = LOADADDR (.data)

.data           0x0000000020000000        0x0 load address 0x00000000080014f8
                0x0000000020000000                . = ALIGN (0x4)
                0x0000000020000000                _sdata = .
 *(.data)
 *(.data*)
 *(.RamFunc)
 *(.RamFunc*)
                0x0000000020000000                . = ALIGN (0x4)
                0x0000000020000000                _edata = .

.igot.plt       0x0000000020000000        0x0 load address 0x00000000080014f8
 .igot.plt      0x0000000020000000        0x0 c:/st/stm32cubeide_1.5.1/stm32cubeide/plugins/com.st.stm32cube.ide.mcu.externaltools.gnu-tools-for-stm32.7-2018-q2-update.win32_1.5.0.202011040924/tools/bin/../lib/gcc/arm-none-eabi/7.3.1/thumb/v7e-m/fpv4-sp/hard/crtbegin.o
                0x0000000020000000                . = ALIGN (0x4)

.bss            0x0000000020000000       0x38 load address 0x00000000080014f8
                0x0000000020000000                _sbss = .
                0x0000000020000000                __bss_start__ = _sbss
 *(.bss)
 .bss           0x0000000020000000       0x1c c:/st/stm32cubeide_1.5.1/stm32cubeide/plugins/com.st.stm32cube.ide.mcu.externaltools.gnu-tools-for-stm32.7-2018-q2-update.win32_1.5.0.202011040924/tools/bin/../lib/gcc/arm-none-eabi/7.3.1/thumb/v7e-m/fpv4-sp/hard/crtbegin.o
 *(.bss*)
 .bss.CAN_filterIdx.7998
                0x000000002000001c        0x2 Core/Src/can.o
 *(COMMON)
 *fill*         0x000000002000001e        0x2 
 COMMON         0x0000000020000020       0x18 Core/Src/can.o
                0x0000000020000020                can_rx_message
                0x0000000020000038                . = ALIGN (0x4)
                0x0000000020000038                _ebss = .
                0x0000000020000038                __bss_end__ = _ebss

._user_heap_stack
                0x0000000020000038      0x600 load address 0x00000000080014f8
                0x0000000020000038                . = ALIGN (0x8)
                [!provide]                        PROVIDE (end = .)
                0x0000000020000038                PROVIDE (_end = .)
                0x0000000020000238                . = (. + _Min_Heap_Size)
 *fill*         0x0000000020000038      0x200 
                0x0000000020000638                . = (. + _Min_Stack_Size)
 *fill*         0x0000000020000238      0x400 
                0x0000000020000638                . = ALIGN (0x8)

/DISCARD/
 libc.a(*)
 libm.a(*)
 libgcc.a(*)

.ARM.attributes
                0x0000000000000000       0x30
 *(.ARM.attributes)
 .ARM.attributes
                0x0000000000000000       0x22 c:/st/stm32cubeide_1.5.1/stm32cubeide/plugins/com.st.stm32cube.ide.mcu.externaltools.gnu-tools-for-stm32.7-2018-q2-update.win32_1.5.0.202011040924/tools/bin/../lib/gcc/arm-none-eabi/7.3.1/thumb/v7e-m/fpv4-sp/hard/crti.o
 .ARM.attributes
                0x0000000000000022       0x34 c:/st/stm32cubeide_1.5.1/stm32cubeide/plugins/com.st.stm32cube.ide.mcu.externaltools.gnu-tools-for-stm32.7-2018-q2-update.win32_1.5.0.202011040924/tools/bin/../lib/gcc/arm-none-eabi/7.3.1/thumb/v7e-m/fpv4-sp/hard/crtbegin.o
 .ARM.attributes
                0x0000000000000056       0x39 Core/Src/can.o
 .ARM.attributes
                0x000000000000008f       0x39 Core/Src/config.o
 .ARM.attributes
                0x00000000000000c8       0x39 Core/Src/main.o
 .ARM.attributes
                0x0000000000000101       0x39 Core/Src/system_stm32f4xx.o
 .ARM.attributes
                0x000000000000013a       0x39 Core/Src/w6100.o
 .ARM.attributes
                0x0000000000000173       0x21 Core/Startup/startup_stm32f405rgtx.o
 .ARM.attributes
                0x0000000000000194       0x34 c:/st/stm32cubeide_1.5.1/stm32cubeide/plugins/com.st.stm32cube.ide.mcu.externaltools.gnu-tools-for-stm32.7-2018-q2-update.win32_1.5.0.202011040924/tools/bin/../lib/gcc/arm-none-eabi/7.3.1/../../../../arm-none-eabi/lib/thumb/v7e-m/fpv4-sp/hard\libc_nano.a(lib_a-init.o)
 .ARM.attributes
                0x00000000000001c8       0x34 c:/st/stm32cubeide_1.5.1/stm32cubeide/plugins/com.st.stm32cube.ide.mcu.externaltools.gnu-tools-for-stm32.7-2018-q2-update.win32_1.5.0.202011040924/tools/bin/../lib/gcc/arm-none-eabi/7.3.1/../../../../arm-none-eabi/lib/thumb/v7e-m/fpv4-sp/hard\libc_nano.a(lib_a-memcpy-stub.o)
 .ARM.attributes
                0x00000000000001fc       0x34 c:/st/stm32cubeide_1.5.1/stm32cubeide/plugins/com.st.stm32cube.ide.mcu.externaltools.gnu-tools-for-stm32.7-2018-q2-update.win32_1.5.0.202011040924/tools/bin/../lib/gcc/arm-none-eabi/7.3.1/../../../../arm-none-eabi/lib/thumb/v7e-m/fpv4-sp/hard\libc_nano.a(lib_a-memset.o)
 .ARM.attributes
                0x0000000000000230       0x22 c:/st/stm32cubeide_1.5.1/stm32cubeide/plugins/com.st.stm32cube.ide.mcu.externaltools.gnu-tools-for-stm32.7-2018-q2-update.win32_1.5.0.202011040924/tools/bin/../lib/gcc/arm-none-eabi/7.3.1/thumb/v7e-m/fpv4-sp/hard/crtn.o
OUTPUT(Hyperlink_MB_W6100_Library.elf elf32-littlearm)

.debug_info     0x0000000000000000     0x41c0
 .debug_info    0x0000000000000000     0x1278 Core/Src/can.o
 .debug_info    0x0000000000001278     0x11b0 Core/Src/config.o
 .debug_info    0x0000000000002428      0xaeb Core/Src/main.o
 .debug_info    0x0000000000002f13      0x4fb Core/Src/system_stm32f4xx.o
 .debug_info    0x000000000000340e      0xd90 Core/Src/w6100.o
 .debug_info    0x000000000000419e       0x22 Core/Startup/startup_stm32f405rgtx.o

.debug_abbrev   0x0000000000000000      0xa29
 .debug_abbrev  0x0000000000000000      0x281 Core/Src/can.o
 .debug_abbrev  0x0000000000000281      0x236 Core/Src/config.o
 .debug_abbrev  0x00000000000004b7      0x1cb Core/Src/main.o
 .debug_abbrev  0x0000000000000682      0x111 Core/Src/system_stm32f4xx.o
 .debug_abbrev  0x0000000000000793      0x284 Core/Src/w6100.o
 .debug_abbrev  0x0000000000000a17       0x12 Core/Startup/startup_stm32f405rgtx.o

.debug_aranges  0x0000000000000000      0x168
 .debug_aranges
                0x0000000000000000       0x50 Core/Src/can.o
 .debug_aranges
                0x0000000000000050       0x38 Core/Src/config.o
 .debug_aranges
                0x0000000000000088       0x20 Core/Src/main.o
 .debug_aranges
                0x00000000000000a8       0x28 Core/Src/system_stm32f4xx.o
 .debug_aranges
                0x00000000000000d0       0x70 Core/Src/w6100.o
 .debug_aranges
                0x0000000000000140       0x28 Core/Startup/startup_stm32f405rgtx.o

.debug_ranges   0x0000000000000000      0x110
 .debug_ranges  0x0000000000000000       0x40 Core/Src/can.o
 .debug_ranges  0x0000000000000040       0x28 Core/Src/config.o
 .debug_ranges  0x0000000000000068       0x10 Core/Src/main.o
 .debug_ranges  0x0000000000000078       0x18 Core/Src/system_stm32f4xx.o
 .debug_ranges  0x0000000000000090       0x60 Core/Src/w6100.o
 .debug_ranges  0x00000000000000f0       0x20 Core/Startup/startup_stm32f405rgtx.o

.debug_macro    0x0000000000000000    0x18c68
 .debug_macro   0x0000000000000000      0x253 Core/Src/can.o
 .debug_macro   0x0000000000000253      0xa5a Core/Src/can.o
 .debug_macro   0x0000000000000cad       0x22 Core/Src/can.o
 .debug_macro   0x0000000000000ccf       0x40 Core/Src/can.o
 .debug_macro   0x0000000000000d0f       0x18 Core/Src/can.o
 .debug_macro   0x0000000000000d27       0x94 Core/Src/can.o
 .debug_macro   0x0000000000000dbb       0x3c Core/Src/can.o
 .debug_macro   0x0000000000000df7       0x34 Core/Src/can.o
 .debug_macro   0x0000000000000e2b       0x16 Core/Src/can.o
 .debug_macro   0x0000000000000e41       0x57 Core/Src/can.o
 .debug_macro   0x0000000000000e98       0x97 Core/Src/can.o
 .debug_macro   0x0000000000000f2f      0x330 Core/Src/can.o
 .debug_macro   0x000000000000125f       0xfd Core/Src/can.o
 .debug_macro   0x000000000000135c       0x10 Core/Src/can.o
 .debug_macro   0x000000000000136c       0x52 Core/Src/can.o
 .debug_macro   0x00000000000013be       0x1f Core/Src/can.o
 .debug_macro   0x00000000000013dd       0x43 Core/Src/can.o
 .debug_macro   0x0000000000001420       0x20 Core/Src/can.o
 .debug_macro   0x0000000000001440      0x1a3 Core/Src/can.o
 .debug_macro   0x00000000000015e3       0x10 Core/Src/can.o
 .debug_macro   0x00000000000015f3       0x6a Core/Src/can.o
 .debug_macro   0x000000000000165d       0x1c Core/Src/can.o
 .debug_macro   0x0000000000001679       0x52 Core/Src/can.o
 .debug_macro   0x00000000000016cb       0x40 Core/Src/can.o
 .debug_macro   0x000000000000170b       0x10 Core/Src/can.o
 .debug_macro   0x000000000000171b       0x40 Core/Src/can.o
 .debug_macro   0x000000000000175b       0xd7 Core/Src/can.o
 .debug_macro   0x0000000000001832       0x1c Core/Src/can.o
 .debug_macro   0x000000000000184e       0x3d Core/Src/can.o
 .debug_macro   0x000000000000188b       0x16 Core/Src/can.o
 .debug_macro   0x00000000000018a1      0x145 Core/Src/can.o
 .debug_macro   0x00000000000019e6       0x16 Core/Src/can.o
 .debug_macro   0x00000000000019fc       0x35 Core/Src/can.o
 .debug_macro   0x0000000000001a31       0x20 Core/Src/can.o
 .debug_macro   0x0000000000001a51       0x2f Core/Src/can.o
 .debug_macro   0x0000000000001a80       0xef Core/Src/can.o
 .debug_macro   0x0000000000001b6f      0x1df Core/Src/can.o
 .debug_macro   0x0000000000001d4e       0x1c Core/Src/can.o
 .debug_macro   0x0000000000001d6a       0x22 Core/Src/can.o
 .debug_macro   0x0000000000001d8c       0xd9 Core/Src/can.o
 .debug_macro   0x0000000000001e65     0x102d Core/Src/can.o
 .debug_macro   0x0000000000002e92      0x11f Core/Src/can.o
 .debug_macro   0x0000000000002fb1    0x14251 Core/Src/can.o
 .debug_macro   0x0000000000017202       0x34 Core/Src/can.o
 .debug_macro   0x0000000000017236      0x24e Core/Src/config.o
 .debug_macro   0x0000000000017484      0x260 Core/Src/main.o
 .debug_macro   0x00000000000176e4      0x7f7 Core/Src/main.o
 .debug_macro   0x0000000000017edb       0x3a Core/Src/main.o
 .debug_macro   0x0000000000017f15       0xe0 Core/Src/system_stm32f4xx.o
 .debug_macro   0x0000000000017ff5       0x2e Core/Src/system_stm32f4xx.o
 .debug_macro   0x0000000000018023       0x8e Core/Src/system_stm32f4xx.o
 .debug_macro   0x00000000000180b1       0x51 Core/Src/system_stm32f4xx.o
 .debug_macro   0x0000000000018102       0xdf Core/Src/system_stm32f4xx.o
 .debug_macro   0x00000000000181e1       0x43 Core/Src/system_stm32f4xx.o
 .debug_macro   0x0000000000018224      0x253 Core/Src/w6100.o
 .debug_macro   0x0000000000018477      0x7f1 Core/Src/w6100.o

.debug_line     0x0000000000000000     0x2253
 .debug_line    0x0000000000000000      0x733 Core/Src/can.o
 .debug_line    0x0000000000000733      0x6de Core/Src/config.o
 .debug_line    0x0000000000000e11      0x6d5 Core/Src/main.o
 .debug_line    0x00000000000014e6      0x486 Core/Src/system_stm32f4xx.o
 .debug_line    0x000000000000196c      0x862 Core/Src/w6100.o
 .debug_line    0x00000000000021ce       0x85 Core/Startup/startup_stm32f405rgtx.o

.debug_str      0x0000000000000000    0x839ab
 .debug_str     0x0000000000000000    0x82267 Core/Src/can.o
                                      0x824fa (size before relaxing)
 .debug_str     0x0000000000082267       0xfb Core/Src/config.o
                                      0x8240a (size before relaxing)
 .debug_str     0x0000000000082362     0x10fa Core/Src/main.o
                                      0x82eb0 (size before relaxing)
 .debug_str     0x000000000008345c      0x3bb Core/Src/system_stm32f4xx.o
                                      0x7dd35 (size before relaxing)
 .debug_str     0x0000000000083817      0x15e Core/Src/w6100.o
                                      0x82f1a (size before relaxing)
 .debug_str     0x0000000000083975       0x36 Core/Startup/startup_stm32f405rgtx.o
                                         0x82 (size before relaxing)

.comment        0x0000000000000000       0x7b
 .comment       0x0000000000000000       0x7b Core/Src/can.o
                                         0x7c (size before relaxing)
 .comment       0x000000000000007b       0x7c Core/Src/config.o
 .comment       0x000000000000007b       0x7c Core/Src/main.o
 .comment       0x000000000000007b       0x7c Core/Src/system_stm32f4xx.o
 .comment       0x000000000000007b       0x7c Core/Src/w6100.o

.debug_frame    0x0000000000000000      0x464
 .debug_frame   0x0000000000000000      0x120 Core/Src/can.o
 .debug_frame   0x0000000000000120       0xa0 Core/Src/config.o
 .debug_frame   0x00000000000001c0       0x34 Core/Src/main.o
 .debug_frame   0x00000000000001f4       0x58 Core/Src/system_stm32f4xx.o
 .debug_frame   0x000000000000024c      0x1a4 Core/Src/w6100.o
 .debug_frame   0x00000000000003f0       0x2c c:/st/stm32cubeide_1.5.1/stm32cubeide/plugins/com.st.stm32cube.ide.mcu.externaltools.gnu-tools-for-stm32.7-2018-q2-update.win32_1.5.0.202011040924/tools/bin/../lib/gcc/arm-none-eabi/7.3.1/../../../../arm-none-eabi/lib/thumb/v7e-m/fpv4-sp/hard\libc_nano.a(lib_a-init.o)
 .debug_frame   0x000000000000041c       0x28 c:/st/stm32cubeide_1.5.1/stm32cubeide/plugins/com.st.stm32cube.ide.mcu.externaltools.gnu-tools-for-stm32.7-2018-q2-update.win32_1.5.0.202011040924/tools/bin/../lib/gcc/arm-none-eabi/7.3.1/../../../../arm-none-eabi/lib/thumb/v7e-m/fpv4-sp/hard\libc_nano.a(lib_a-memcpy-stub.o)
 .debug_frame   0x0000000000000444       0x20 c:/st/stm32cubeide_1.5.1/stm32cubeide/plugins/com.st.stm32cube.ide.mcu.externaltools.gnu-tools-for-stm32.7-2018-q2-update.win32_1.5.0.202011040924/tools/bin/../lib/gcc/arm-none-eabi/7.3.1/../../../../arm-none-eabi/lib/thumb/v7e-m/fpv4-sp/hard\libc_nano.a(lib_a-memset.o)
