Archive member included to satisfy reference by file (symbol)

c:/st/stm32cubeide_1.5.1/stm32cubeide/plugins/com.st.stm32cube.ide.mcu.externaltools.gnu-tools-for-stm32.7-2018-q2-update.win32_1.5.0.202011040924/tools/bin/../lib/gcc/arm-none-eabi/7.3.1/../../../../arm-none-eabi/lib/thumb/v7e-m/fpv4-sp/hard\libc_nano.a(lib_a-errno.o)
                              Core/Src/syscalls.o (__errno)
c:/st/stm32cubeide_1.5.1/stm32cubeide/plugins/com.st.stm32cube.ide.mcu.externaltools.gnu-tools-for-stm32.7-2018-q2-update.win32_1.5.0.202011040924/tools/bin/../lib/gcc/arm-none-eabi/7.3.1/../../../../arm-none-eabi/lib/thumb/v7e-m/fpv4-sp/hard\libc_nano.a(lib_a-exit.o)
                              c:/st/stm32cubeide_1.5.1/stm32cubeide/plugins/com.st.stm32cube.ide.mcu.externaltools.gnu-tools-for-stm32.7-2018-q2-update.win32_1.5.0.202011040924/tools/bin/../lib/gcc/arm-none-eabi/7.3.1/../../../../arm-none-eabi/lib/thumb/v7e-m/fpv4-sp/hard/crt0.o (exit)
c:/st/stm32cubeide_1.5.1/stm32cubeide/plugins/com.st.stm32cube.ide.mcu.externaltools.gnu-tools-for-stm32.7-2018-q2-update.win32_1.5.0.202011040924/tools/bin/../lib/gcc/arm-none-eabi/7.3.1/../../../../arm-none-eabi/lib/thumb/v7e-m/fpv4-sp/hard\libc_nano.a(lib_a-impure.o)
                              c:/st/stm32cubeide_1.5.1/stm32cubeide/plugins/com.st.stm32cube.ide.mcu.externaltools.gnu-tools-for-stm32.7-2018-q2-update.win32_1.5.0.202011040924/tools/bin/../lib/gcc/arm-none-eabi/7.3.1/../../../../arm-none-eabi/lib/thumb/v7e-m/fpv4-sp/hard\libc_nano.a(lib_a-exit.o) (_global_impure_ptr)
c:/st/stm32cubeide_1.5.1/stm32cubeide/plugins/com.st.stm32cube.ide.mcu.externaltools.gnu-tools-for-stm32.7-2018-q2-update.win32_1.5.0.202011040924/tools/bin/../lib/gcc/arm-none-eabi/7.3.1/../../../../arm-none-eabi/lib/thumb/v7e-m/fpv4-sp/hard\libc_nano.a(lib_a-init.o)
                              c:/st/stm32cubeide_1.5.1/stm32cubeide/plugins/com.st.stm32cube.ide.mcu.externaltools.gnu-tools-for-stm32.7-2018-q2-update.win32_1.5.0.202011040924/tools/bin/../lib/gcc/arm-none-eabi/7.3.1/../../../../arm-none-eabi/lib/thumb/v7e-m/fpv4-sp/hard/crt0.o (__libc_init_array)
c:/st/stm32cubeide_1.5.1/stm32cubeide/plugins/com.st.stm32cube.ide.mcu.externaltools.gnu-tools-for-stm32.7-2018-q2-update.win32_1.5.0.202011040924/tools/bin/../lib/gcc/arm-none-eabi/7.3.1/../../../../arm-none-eabi/lib/thumb/v7e-m/fpv4-sp/hard\libc_nano.a(lib_a-memcpy-stub.o)
                              Core/Src/w6100.o (memcpy)
c:/st/stm32cubeide_1.5.1/stm32cubeide/plugins/com.st.stm32cube.ide.mcu.externaltools.gnu-tools-for-stm32.7-2018-q2-update.win32_1.5.0.202011040924/tools/bin/../lib/gcc/arm-none-eabi/7.3.1/../../../../arm-none-eabi/lib/thumb/v7e-m/fpv4-sp/hard\libc_nano.a(lib_a-memset.o)
                              c:/st/stm32cubeide_1.5.1/stm32cubeide/plugins/com.st.stm32cube.ide.mcu.externaltools.gnu-tools-for-stm32.7-2018-q2-update.win32_1.5.0.202011040924/tools/bin/../lib/gcc/arm-none-eabi/7.3.1/../../../../arm-none-eabi/lib/thumb/v7e-m/fpv4-sp/hard/crt0.o (memset)
c:/st/stm32cubeide_1.5.1/stm32cubeide/plugins/com.st.stm32cube.ide.mcu.externaltools.gnu-tools-for-stm32.7-2018-q2-update.win32_1.5.0.202011040924/tools/bin/../lib/gcc/arm-none-eabi/7.3.1/../../../../arm-none-eabi/lib/thumb/v7e-m/fpv4-sp/hard\libc_nano.a(lib_a-strcmp.o)
                              Core/Src/control_sys.o (strcmp)

Allocating common symbols
Common symbol       size              file

canMessages         0x30              Core/Src/control_sys.o
delay               0x2               Core/Src/config.o
rx_dat              0x28              Core/Src/control_sys.o
destination_adr     0x4               Core/Src/control_sys.o

Discarded input sections

 .text          0x0000000000000000        0x0 c:/st/stm32cubeide_1.5.1/stm32cubeide/plugins/com.st.stm32cube.ide.mcu.externaltools.gnu-tools-for-stm32.7-2018-q2-update.win32_1.5.0.202011040924/tools/bin/../lib/gcc/arm-none-eabi/7.3.1/thumb/v7e-m/fpv4-sp/hard/crti.o
 .data          0x0000000000000000        0x0 c:/st/stm32cubeide_1.5.1/stm32cubeide/plugins/com.st.stm32cube.ide.mcu.externaltools.gnu-tools-for-stm32.7-2018-q2-update.win32_1.5.0.202011040924/tools/bin/../lib/gcc/arm-none-eabi/7.3.1/thumb/v7e-m/fpv4-sp/hard/crti.o
 .bss           0x0000000000000000        0x0 c:/st/stm32cubeide_1.5.1/stm32cubeide/plugins/com.st.stm32cube.ide.mcu.externaltools.gnu-tools-for-stm32.7-2018-q2-update.win32_1.5.0.202011040924/tools/bin/../lib/gcc/arm-none-eabi/7.3.1/thumb/v7e-m/fpv4-sp/hard/crti.o
 .data          0x0000000000000000        0x4 c:/st/stm32cubeide_1.5.1/stm32cubeide/plugins/com.st.stm32cube.ide.mcu.externaltools.gnu-tools-for-stm32.7-2018-q2-update.win32_1.5.0.202011040924/tools/bin/../lib/gcc/arm-none-eabi/7.3.1/thumb/v7e-m/fpv4-sp/hard/crtbegin.o
 .text          0x0000000000000000       0x74 c:/st/stm32cubeide_1.5.1/stm32cubeide/plugins/com.st.stm32cube.ide.mcu.externaltools.gnu-tools-for-stm32.7-2018-q2-update.win32_1.5.0.202011040924/tools/bin/../lib/gcc/arm-none-eabi/7.3.1/../../../../arm-none-eabi/lib/thumb/v7e-m/fpv4-sp/hard/crt0.o
 .data          0x0000000000000000        0x0 c:/st/stm32cubeide_1.5.1/stm32cubeide/plugins/com.st.stm32cube.ide.mcu.externaltools.gnu-tools-for-stm32.7-2018-q2-update.win32_1.5.0.202011040924/tools/bin/../lib/gcc/arm-none-eabi/7.3.1/../../../../arm-none-eabi/lib/thumb/v7e-m/fpv4-sp/hard/crt0.o
 .bss           0x0000000000000000        0x0 c:/st/stm32cubeide_1.5.1/stm32cubeide/plugins/com.st.stm32cube.ide.mcu.externaltools.gnu-tools-for-stm32.7-2018-q2-update.win32_1.5.0.202011040924/tools/bin/../lib/gcc/arm-none-eabi/7.3.1/../../../../arm-none-eabi/lib/thumb/v7e-m/fpv4-sp/hard/crt0.o
 .ARM.extab     0x0000000000000000        0x0 c:/st/stm32cubeide_1.5.1/stm32cubeide/plugins/com.st.stm32cube.ide.mcu.externaltools.gnu-tools-for-stm32.7-2018-q2-update.win32_1.5.0.202011040924/tools/bin/../lib/gcc/arm-none-eabi/7.3.1/../../../../arm-none-eabi/lib/thumb/v7e-m/fpv4-sp/hard/crt0.o
 .ARM.exidx     0x0000000000000000        0x8 c:/st/stm32cubeide_1.5.1/stm32cubeide/plugins/com.st.stm32cube.ide.mcu.externaltools.gnu-tools-for-stm32.7-2018-q2-update.win32_1.5.0.202011040924/tools/bin/../lib/gcc/arm-none-eabi/7.3.1/../../../../arm-none-eabi/lib/thumb/v7e-m/fpv4-sp/hard/crt0.o
 .ARM.attributes
                0x0000000000000000       0x20 c:/st/stm32cubeide_1.5.1/stm32cubeide/plugins/com.st.stm32cube.ide.mcu.externaltools.gnu-tools-for-stm32.7-2018-q2-update.win32_1.5.0.202011040924/tools/bin/../lib/gcc/arm-none-eabi/7.3.1/../../../../arm-none-eabi/lib/thumb/v7e-m/fpv4-sp/hard/crt0.o
 .group         0x0000000000000000        0xc Core/Src/can.o
 .group         0x0000000000000000        0xc Core/Src/can.o
 .group         0x0000000000000000        0xc Core/Src/can.o
 .group         0x0000000000000000        0xc Core/Src/can.o
 .group         0x0000000000000000        0xc Core/Src/can.o
 .group         0x0000000000000000        0xc Core/Src/can.o
 .group         0x0000000000000000        0xc Core/Src/can.o
 .group         0x0000000000000000        0xc Core/Src/can.o
 .group         0x0000000000000000        0xc Core/Src/can.o
 .group         0x0000000000000000        0xc Core/Src/can.o
 .group         0x0000000000000000        0xc Core/Src/can.o
 .group         0x0000000000000000        0xc Core/Src/can.o
 .group         0x0000000000000000        0xc Core/Src/can.o
 .group         0x0000000000000000        0xc Core/Src/can.o
 .group         0x0000000000000000        0xc Core/Src/can.o
 .group         0x0000000000000000        0xc Core/Src/can.o
 .group         0x0000000000000000        0xc Core/Src/can.o
 .group         0x0000000000000000        0xc Core/Src/can.o
 .group         0x0000000000000000        0xc Core/Src/can.o
 .group         0x0000000000000000        0xc Core/Src/can.o
 .group         0x0000000000000000        0xc Core/Src/can.o
 .group         0x0000000000000000        0xc Core/Src/can.o
 .group         0x0000000000000000        0xc Core/Src/can.o
 .group         0x0000000000000000        0xc Core/Src/can.o
 .group         0x0000000000000000        0xc Core/Src/can.o
 .group         0x0000000000000000        0xc Core/Src/can.o
 .group         0x0000000000000000        0xc Core/Src/can.o
 .group         0x0000000000000000        0xc Core/Src/can.o
 .group         0x0000000000000000        0xc Core/Src/can.o
 .group         0x0000000000000000        0xc Core/Src/can.o
 .group         0x0000000000000000        0xc Core/Src/can.o
 .group         0x0000000000000000        0xc Core/Src/can.o
 .group         0x0000000000000000        0xc Core/Src/can.o
 .group         0x0000000000000000        0xc Core/Src/can.o
 .group         0x0000000000000000        0xc Core/Src/can.o
 .group         0x0000000000000000        0xc Core/Src/can.o
 .group         0x0000000000000000        0xc Core/Src/can.o
 .group         0x0000000000000000        0xc Core/Src/can.o
 .group         0x0000000000000000        0xc Core/Src/can.o
 .group         0x0000000000000000        0xc Core/Src/can.o
 .group         0x0000000000000000        0xc Core/Src/can.o
 .group         0x0000000000000000        0xc Core/Src/can.o
 .group         0x0000000000000000        0xc Core/Src/can.o
 .text          0x0000000000000000        0x0 Core/Src/can.o
 .data          0x0000000000000000        0x0 Core/Src/can.o
 .bss           0x0000000000000000        0x0 Core/Src/can.o
 .group         0x0000000000000000        0xc Core/Src/config.o
 .group         0x0000000000000000        0xc Core/Src/config.o
 .group         0x0000000000000000        0xc Core/Src/config.o
 .group         0x0000000000000000        0xc Core/Src/config.o
 .group         0x0000000000000000        0xc Core/Src/config.o
 .group         0x0000000000000000        0xc Core/Src/config.o
 .group         0x0000000000000000        0xc Core/Src/config.o
 .group         0x0000000000000000        0xc Core/Src/config.o
 .group         0x0000000000000000        0xc Core/Src/config.o
 .group         0x0000000000000000        0xc Core/Src/config.o
 .group         0x0000000000000000        0xc Core/Src/config.o
 .group         0x0000000000000000        0xc Core/Src/config.o
 .group         0x0000000000000000        0xc Core/Src/config.o
 .group         0x0000000000000000        0xc Core/Src/config.o
 .group         0x0000000000000000        0xc Core/Src/config.o
 .group         0x0000000000000000        0xc Core/Src/config.o
 .group         0x0000000000000000        0xc Core/Src/config.o
 .group         0x0000000000000000        0xc Core/Src/config.o
 .group         0x0000000000000000        0xc Core/Src/config.o
 .group         0x0000000000000000        0xc Core/Src/config.o
 .group         0x0000000000000000        0xc Core/Src/config.o
 .group         0x0000000000000000        0xc Core/Src/config.o
 .group         0x0000000000000000        0xc Core/Src/config.o
 .group         0x0000000000000000        0xc Core/Src/config.o
 .group         0x0000000000000000        0xc Core/Src/config.o
 .group         0x0000000000000000        0xc Core/Src/config.o
 .group         0x0000000000000000        0xc Core/Src/config.o
 .group         0x0000000000000000        0xc Core/Src/config.o
 .group         0x0000000000000000        0xc Core/Src/config.o
 .group         0x0000000000000000        0xc Core/Src/config.o
 .group         0x0000000000000000        0xc Core/Src/config.o
 .group         0x0000000000000000        0xc Core/Src/config.o
 .group         0x0000000000000000        0xc Core/Src/config.o
 .group         0x0000000000000000        0xc Core/Src/config.o
 .group         0x0000000000000000        0xc Core/Src/config.o
 .group         0x0000000000000000        0xc Core/Src/config.o
 .group         0x0000000000000000        0xc Core/Src/config.o
 .group         0x0000000000000000        0xc Core/Src/config.o
 .group         0x0000000000000000        0xc Core/Src/config.o
 .group         0x0000000000000000        0xc Core/Src/config.o
 .group         0x0000000000000000        0xc Core/Src/config.o
 .group         0x0000000000000000        0xc Core/Src/config.o
 .text          0x0000000000000000        0x0 Core/Src/config.o
 .data          0x0000000000000000        0x0 Core/Src/config.o
 .bss           0x0000000000000000        0x0 Core/Src/config.o
 .text.delay_ms
                0x0000000000000000       0x4c Core/Src/config.o
 .debug_macro   0x0000000000000000      0xa5a Core/Src/config.o
 .debug_macro   0x0000000000000000       0x22 Core/Src/config.o
 .debug_macro   0x0000000000000000       0x40 Core/Src/config.o
 .debug_macro   0x0000000000000000       0x18 Core/Src/config.o
 .debug_macro   0x0000000000000000       0x94 Core/Src/config.o
 .debug_macro   0x0000000000000000       0x3c Core/Src/config.o
 .debug_macro   0x0000000000000000       0x34 Core/Src/config.o
 .debug_macro   0x0000000000000000       0x16 Core/Src/config.o
 .debug_macro   0x0000000000000000       0x57 Core/Src/config.o
 .debug_macro   0x0000000000000000       0x97 Core/Src/config.o
 .debug_macro   0x0000000000000000      0x330 Core/Src/config.o
 .debug_macro   0x0000000000000000       0xfd Core/Src/config.o
 .debug_macro   0x0000000000000000       0x10 Core/Src/config.o
 .debug_macro   0x0000000000000000       0x52 Core/Src/config.o
 .debug_macro   0x0000000000000000       0x1f Core/Src/config.o
 .debug_macro   0x0000000000000000       0x43 Core/Src/config.o
 .debug_macro   0x0000000000000000       0x20 Core/Src/config.o
 .debug_macro   0x0000000000000000      0x1a3 Core/Src/config.o
 .debug_macro   0x0000000000000000       0x10 Core/Src/config.o
 .debug_macro   0x0000000000000000       0x6a Core/Src/config.o
 .debug_macro   0x0000000000000000       0x1c Core/Src/config.o
 .debug_macro   0x0000000000000000       0x52 Core/Src/config.o
 .debug_macro   0x0000000000000000       0x40 Core/Src/config.o
 .debug_macro   0x0000000000000000       0x10 Core/Src/config.o
 .debug_macro   0x0000000000000000       0x40 Core/Src/config.o
 .debug_macro   0x0000000000000000       0xd7 Core/Src/config.o
 .debug_macro   0x0000000000000000       0x1c Core/Src/config.o
 .debug_macro   0x0000000000000000       0x3d Core/Src/config.o
 .debug_macro   0x0000000000000000       0x16 Core/Src/config.o
 .debug_macro   0x0000000000000000      0x145 Core/Src/config.o
 .debug_macro   0x0000000000000000       0x16 Core/Src/config.o
 .debug_macro   0x0000000000000000       0x35 Core/Src/config.o
 .debug_macro   0x0000000000000000       0x20 Core/Src/config.o
 .debug_macro   0x0000000000000000       0x2f Core/Src/config.o
 .debug_macro   0x0000000000000000       0xef Core/Src/config.o
 .debug_macro   0x0000000000000000      0x1df Core/Src/config.o
 .debug_macro   0x0000000000000000       0x1c Core/Src/config.o
 .debug_macro   0x0000000000000000       0x22 Core/Src/config.o
 .debug_macro   0x0000000000000000       0xd9 Core/Src/config.o
 .debug_macro   0x0000000000000000     0x102d Core/Src/config.o
 .debug_macro   0x0000000000000000      0x11f Core/Src/config.o
 .debug_macro   0x0000000000000000    0x14251 Core/Src/config.o
 .group         0x0000000000000000        0xc Core/Src/control_sys.o
 .group         0x0000000000000000        0xc Core/Src/control_sys.o
 .group         0x0000000000000000        0xc Core/Src/control_sys.o
 .group         0x0000000000000000        0xc Core/Src/control_sys.o
 .group         0x0000000000000000        0xc Core/Src/control_sys.o
 .group         0x0000000000000000        0xc Core/Src/control_sys.o
 .group         0x0000000000000000        0xc Core/Src/control_sys.o
 .group         0x0000000000000000        0xc Core/Src/control_sys.o
 .group         0x0000000000000000        0xc Core/Src/control_sys.o
 .group         0x0000000000000000        0xc Core/Src/control_sys.o
 .group         0x0000000000000000        0xc Core/Src/control_sys.o
 .group         0x0000000000000000        0xc Core/Src/control_sys.o
 .group         0x0000000000000000        0xc Core/Src/control_sys.o
 .group         0x0000000000000000        0xc Core/Src/control_sys.o
 .group         0x0000000000000000        0xc Core/Src/control_sys.o
 .group         0x0000000000000000        0xc Core/Src/control_sys.o
 .group         0x0000000000000000        0xc Core/Src/control_sys.o
 .group         0x0000000000000000        0xc Core/Src/control_sys.o
 .group         0x0000000000000000        0xc Core/Src/control_sys.o
 .group         0x0000000000000000        0xc Core/Src/control_sys.o
 .group         0x0000000000000000        0xc Core/Src/control_sys.o
 .group         0x0000000000000000        0xc Core/Src/control_sys.o
 .group         0x0000000000000000        0xc Core/Src/control_sys.o
 .group         0x0000000000000000        0xc Core/Src/control_sys.o
 .group         0x0000000000000000        0xc Core/Src/control_sys.o
 .group         0x0000000000000000        0xc Core/Src/control_sys.o
 .group         0x0000000000000000        0xc Core/Src/control_sys.o
 .group         0x0000000000000000        0xc Core/Src/control_sys.o
 .group         0x0000000000000000        0xc Core/Src/control_sys.o
 .group         0x0000000000000000        0xc Core/Src/control_sys.o
 .group         0x0000000000000000        0xc Core/Src/control_sys.o
 .group         0x0000000000000000        0xc Core/Src/control_sys.o
 .group         0x0000000000000000        0xc Core/Src/control_sys.o
 .group         0x0000000000000000        0xc Core/Src/control_sys.o
 .group         0x0000000000000000        0xc Core/Src/control_sys.o
 .group         0x0000000000000000        0xc Core/Src/control_sys.o
 .group         0x0000000000000000        0xc Core/Src/control_sys.o
 .group         0x0000000000000000        0xc Core/Src/control_sys.o
 .group         0x0000000000000000        0xc Core/Src/control_sys.o
 .group         0x0000000000000000        0xc Core/Src/control_sys.o
 .group         0x0000000000000000        0xc Core/Src/control_sys.o
 .group         0x0000000000000000        0xc Core/Src/control_sys.o
 .group         0x0000000000000000        0xc Core/Src/control_sys.o
 .group         0x0000000000000000        0xc Core/Src/control_sys.o
 .text          0x0000000000000000        0x0 Core/Src/control_sys.o
 .data          0x0000000000000000        0x0 Core/Src/control_sys.o
 .bss           0x0000000000000000        0x0 Core/Src/control_sys.o
 .bss.socketCloseCallback
                0x0000000000000000        0x4 Core/Src/control_sys.o
 .bss.socketOpenCallback
                0x0000000000000000        0x4 Core/Src/control_sys.o
 .bss.dataReceivedCallback
                0x0000000000000000        0x4 Core/Src/control_sys.o
 .bss.canMsgReceivedCallback
                0x0000000000000000        0x4 Core/Src/control_sys.o
 .debug_macro   0x0000000000000000      0xa5a Core/Src/control_sys.o
 .debug_macro   0x0000000000000000       0x22 Core/Src/control_sys.o
 .debug_macro   0x0000000000000000       0x40 Core/Src/control_sys.o
 .debug_macro   0x0000000000000000       0x18 Core/Src/control_sys.o
 .debug_macro   0x0000000000000000       0x94 Core/Src/control_sys.o
 .debug_macro   0x0000000000000000       0x3c Core/Src/control_sys.o
 .debug_macro   0x0000000000000000       0x34 Core/Src/control_sys.o
 .debug_macro   0x0000000000000000       0x16 Core/Src/control_sys.o
 .debug_macro   0x0000000000000000       0x57 Core/Src/control_sys.o
 .debug_macro   0x0000000000000000       0x97 Core/Src/control_sys.o
 .debug_macro   0x0000000000000000      0x330 Core/Src/control_sys.o
 .debug_macro   0x0000000000000000       0xfd Core/Src/control_sys.o
 .debug_macro   0x0000000000000000       0x10 Core/Src/control_sys.o
 .debug_macro   0x0000000000000000       0x52 Core/Src/control_sys.o
 .debug_macro   0x0000000000000000       0x1f Core/Src/control_sys.o
 .debug_macro   0x0000000000000000       0x43 Core/Src/control_sys.o
 .debug_macro   0x0000000000000000       0x20 Core/Src/control_sys.o
 .debug_macro   0x0000000000000000      0x1a3 Core/Src/control_sys.o
 .debug_macro   0x0000000000000000       0x10 Core/Src/control_sys.o
 .debug_macro   0x0000000000000000       0x6a Core/Src/control_sys.o
 .debug_macro   0x0000000000000000       0x1c Core/Src/control_sys.o
 .debug_macro   0x0000000000000000       0x52 Core/Src/control_sys.o
 .debug_macro   0x0000000000000000       0x40 Core/Src/control_sys.o
 .debug_macro   0x0000000000000000       0x10 Core/Src/control_sys.o
 .debug_macro   0x0000000000000000       0x40 Core/Src/control_sys.o
 .debug_macro   0x0000000000000000       0xd7 Core/Src/control_sys.o
 .debug_macro   0x0000000000000000       0x1c Core/Src/control_sys.o
 .debug_macro   0x0000000000000000       0x3d Core/Src/control_sys.o
 .debug_macro   0x0000000000000000       0x16 Core/Src/control_sys.o
 .debug_macro   0x0000000000000000      0x145 Core/Src/control_sys.o
 .debug_macro   0x0000000000000000       0x16 Core/Src/control_sys.o
 .debug_macro   0x0000000000000000       0x35 Core/Src/control_sys.o
 .debug_macro   0x0000000000000000       0x20 Core/Src/control_sys.o
 .debug_macro   0x0000000000000000       0x2f Core/Src/control_sys.o
 .debug_macro   0x0000000000000000       0xef Core/Src/control_sys.o
 .debug_macro   0x0000000000000000      0x1df Core/Src/control_sys.o
 .debug_macro   0x0000000000000000       0x1c Core/Src/control_sys.o
 .debug_macro   0x0000000000000000       0x22 Core/Src/control_sys.o
 .debug_macro   0x0000000000000000       0xd9 Core/Src/control_sys.o
 .debug_macro   0x0000000000000000     0x102d Core/Src/control_sys.o
 .debug_macro   0x0000000000000000      0x11f Core/Src/control_sys.o
 .debug_macro   0x0000000000000000    0x14251 Core/Src/control_sys.o
 .group         0x0000000000000000        0xc Core/Src/main.o
 .group         0x0000000000000000        0xc Core/Src/main.o
 .group         0x0000000000000000        0xc Core/Src/main.o
 .group         0x0000000000000000        0xc Core/Src/main.o
 .group         0x0000000000000000        0xc Core/Src/main.o
 .group         0x0000000000000000        0xc Core/Src/main.o
 .group         0x0000000000000000        0xc Core/Src/main.o
 .group         0x0000000000000000        0xc Core/Src/main.o
 .group         0x0000000000000000        0xc Core/Src/main.o
 .group         0x0000000000000000        0xc Core/Src/main.o
 .group         0x0000000000000000        0xc Core/Src/main.o
 .group         0x0000000000000000        0xc Core/Src/main.o
 .group         0x0000000000000000        0xc Core/Src/main.o
 .group         0x0000000000000000        0xc Core/Src/main.o
 .group         0x0000000000000000        0xc Core/Src/main.o
 .group         0x0000000000000000        0xc Core/Src/main.o
 .group         0x0000000000000000        0xc Core/Src/main.o
 .group         0x0000000000000000        0xc Core/Src/main.o
 .group         0x0000000000000000        0xc Core/Src/main.o
 .group         0x0000000000000000        0xc Core/Src/main.o
 .group         0x0000000000000000        0xc Core/Src/main.o
 .group         0x0000000000000000        0xc Core/Src/main.o
 .group         0x0000000000000000        0xc Core/Src/main.o
 .group         0x0000000000000000        0xc Core/Src/main.o
 .group         0x0000000000000000        0xc Core/Src/main.o
 .group         0x0000000000000000        0xc Core/Src/main.o
 .group         0x0000000000000000        0xc Core/Src/main.o
 .group         0x0000000000000000        0xc Core/Src/main.o
 .group         0x0000000000000000        0xc Core/Src/main.o
 .group         0x0000000000000000        0xc Core/Src/main.o
 .group         0x0000000000000000        0xc Core/Src/main.o
 .group         0x0000000000000000        0xc Core/Src/main.o
 .group         0x0000000000000000        0xc Core/Src/main.o
 .group         0x0000000000000000        0xc Core/Src/main.o
 .group         0x0000000000000000        0xc Core/Src/main.o
 .group         0x0000000000000000        0xc Core/Src/main.o
 .group         0x0000000000000000        0xc Core/Src/main.o
 .group         0x0000000000000000        0xc Core/Src/main.o
 .group         0x0000000000000000        0xc Core/Src/main.o
 .group         0x0000000000000000        0xc Core/Src/main.o
 .group         0x0000000000000000        0xc Core/Src/main.o
 .group         0x0000000000000000        0xc Core/Src/main.o
 .group         0x0000000000000000        0xc Core/Src/main.o
 .group         0x0000000000000000        0xc Core/Src/main.o
 .text          0x0000000000000000        0x0 Core/Src/main.o
 .data          0x0000000000000000        0x0 Core/Src/main.o
 .bss           0x0000000000000000        0x0 Core/Src/main.o
 .bss.socketCloseCallback
                0x0000000000000000        0x4 Core/Src/main.o
 .bss.socketOpenCallback
                0x0000000000000000        0x4 Core/Src/main.o
 .bss.dataReceivedCallback
                0x0000000000000000        0x4 Core/Src/main.o
 .bss.canMsgReceivedCallback
                0x0000000000000000        0x4 Core/Src/main.o
 .debug_macro   0x0000000000000000      0xa5a Core/Src/main.o
 .debug_macro   0x0000000000000000       0x22 Core/Src/main.o
 .debug_macro   0x0000000000000000       0x40 Core/Src/main.o
 .debug_macro   0x0000000000000000       0x18 Core/Src/main.o
 .debug_macro   0x0000000000000000       0x94 Core/Src/main.o
 .debug_macro   0x0000000000000000       0x3c Core/Src/main.o
 .debug_macro   0x0000000000000000       0x34 Core/Src/main.o
 .debug_macro   0x0000000000000000       0x16 Core/Src/main.o
 .debug_macro   0x0000000000000000       0x57 Core/Src/main.o
 .debug_macro   0x0000000000000000       0x97 Core/Src/main.o
 .debug_macro   0x0000000000000000      0x330 Core/Src/main.o
 .debug_macro   0x0000000000000000       0xfd Core/Src/main.o
 .debug_macro   0x0000000000000000       0x10 Core/Src/main.o
 .debug_macro   0x0000000000000000       0x52 Core/Src/main.o
 .debug_macro   0x0000000000000000       0x1f Core/Src/main.o
 .debug_macro   0x0000000000000000       0x43 Core/Src/main.o
 .debug_macro   0x0000000000000000       0x20 Core/Src/main.o
 .debug_macro   0x0000000000000000      0x1a3 Core/Src/main.o
 .debug_macro   0x0000000000000000       0x10 Core/Src/main.o
 .debug_macro   0x0000000000000000       0x6a Core/Src/main.o
 .debug_macro   0x0000000000000000       0x1c Core/Src/main.o
 .debug_macro   0x0000000000000000       0x52 Core/Src/main.o
 .debug_macro   0x0000000000000000       0x40 Core/Src/main.o
 .debug_macro   0x0000000000000000       0x10 Core/Src/main.o
 .debug_macro   0x0000000000000000       0x40 Core/Src/main.o
 .debug_macro   0x0000000000000000       0xd7 Core/Src/main.o
 .debug_macro   0x0000000000000000       0x1c Core/Src/main.o
 .debug_macro   0x0000000000000000       0x3d Core/Src/main.o
 .debug_macro   0x0000000000000000       0x16 Core/Src/main.o
 .debug_macro   0x0000000000000000      0x145 Core/Src/main.o
 .debug_macro   0x0000000000000000       0x16 Core/Src/main.o
 .debug_macro   0x0000000000000000       0x35 Core/Src/main.o
 .debug_macro   0x0000000000000000       0x20 Core/Src/main.o
 .debug_macro   0x0000000000000000       0x2f Core/Src/main.o
 .debug_macro   0x0000000000000000       0xef Core/Src/main.o
 .debug_macro   0x0000000000000000      0x1df Core/Src/main.o
 .debug_macro   0x0000000000000000       0x1c Core/Src/main.o
 .debug_macro   0x0000000000000000       0x22 Core/Src/main.o
 .debug_macro   0x0000000000000000       0xd9 Core/Src/main.o
 .debug_macro   0x0000000000000000     0x102d Core/Src/main.o
 .debug_macro   0x0000000000000000      0x11f Core/Src/main.o
 .debug_macro   0x0000000000000000    0x14251 Core/Src/main.o
 .debug_macro   0x0000000000000000      0x803 Core/Src/main.o
 .debug_macro   0x0000000000000000       0x3a Core/Src/main.o
 .group         0x0000000000000000        0xc Core/Src/syscalls.o
 .group         0x0000000000000000        0xc Core/Src/syscalls.o
 .group         0x0000000000000000        0xc Core/Src/syscalls.o
 .group         0x0000000000000000        0xc Core/Src/syscalls.o
 .group         0x0000000000000000        0xc Core/Src/syscalls.o
 .group         0x0000000000000000        0xc Core/Src/syscalls.o
 .group         0x0000000000000000        0xc Core/Src/syscalls.o
 .group         0x0000000000000000        0xc Core/Src/syscalls.o
 .group         0x0000000000000000        0xc Core/Src/syscalls.o
 .group         0x0000000000000000        0xc Core/Src/syscalls.o
 .group         0x0000000000000000        0xc Core/Src/syscalls.o
 .group         0x0000000000000000        0xc Core/Src/syscalls.o
 .group         0x0000000000000000        0xc Core/Src/syscalls.o
 .group         0x0000000000000000        0xc Core/Src/syscalls.o
 .group         0x0000000000000000        0xc Core/Src/syscalls.o
 .group         0x0000000000000000        0xc Core/Src/syscalls.o
 .group         0x0000000000000000        0xc Core/Src/syscalls.o
 .group         0x0000000000000000        0xc Core/Src/syscalls.o
 .group         0x0000000000000000        0xc Core/Src/syscalls.o
 .group         0x0000000000000000        0xc Core/Src/syscalls.o
 .group         0x0000000000000000        0xc Core/Src/syscalls.o
 .group         0x0000000000000000        0xc Core/Src/syscalls.o
 .group         0x0000000000000000        0xc Core/Src/syscalls.o
 .group         0x0000000000000000        0xc Core/Src/syscalls.o
 .group         0x0000000000000000        0xc Core/Src/syscalls.o
 .group         0x0000000000000000        0xc Core/Src/syscalls.o
 .group         0x0000000000000000        0xc Core/Src/syscalls.o
 .group         0x0000000000000000        0xc Core/Src/syscalls.o
 .group         0x0000000000000000        0xc Core/Src/syscalls.o
 .group         0x0000000000000000        0xc Core/Src/syscalls.o
 .group         0x0000000000000000        0xc Core/Src/syscalls.o
 .group         0x0000000000000000        0xc Core/Src/syscalls.o
 .group         0x0000000000000000        0xc Core/Src/syscalls.o
 .group         0x0000000000000000        0xc Core/Src/syscalls.o
 .group         0x0000000000000000        0xc Core/Src/syscalls.o
 .group         0x0000000000000000        0xc Core/Src/syscalls.o
 .group         0x0000000000000000        0xc Core/Src/syscalls.o
 .group         0x0000000000000000        0xc Core/Src/syscalls.o
 .group         0x0000000000000000        0xc Core/Src/syscalls.o
 .group         0x0000000000000000        0xc Core/Src/syscalls.o
 .group         0x0000000000000000        0xc Core/Src/syscalls.o
 .group         0x0000000000000000        0xc Core/Src/syscalls.o
 .group         0x0000000000000000        0xc Core/Src/syscalls.o
 .group         0x0000000000000000        0xc Core/Src/syscalls.o
 .text          0x0000000000000000        0x0 Core/Src/syscalls.o
 .data          0x0000000000000000        0x0 Core/Src/syscalls.o
 .bss           0x0000000000000000        0x0 Core/Src/syscalls.o
 .bss.__env     0x0000000000000000        0x4 Core/Src/syscalls.o
 .data.environ  0x0000000000000000        0x4 Core/Src/syscalls.o
 .text.initialise_monitor_handles
                0x0000000000000000        0xe Core/Src/syscalls.o
 .text._getpid  0x0000000000000000       0x10 Core/Src/syscalls.o
 .text._kill    0x0000000000000000       0x20 Core/Src/syscalls.o
 .text._exit    0x0000000000000000       0x14 Core/Src/syscalls.o
 .text._read    0x0000000000000000       0x3a Core/Src/syscalls.o
 .text._write   0x0000000000000000       0x38 Core/Src/syscalls.o
 .text._close   0x0000000000000000       0x18 Core/Src/syscalls.o
 .text._fstat   0x0000000000000000       0x20 Core/Src/syscalls.o
 .text._isatty  0x0000000000000000       0x16 Core/Src/syscalls.o
 .text._lseek   0x0000000000000000       0x1a Core/Src/syscalls.o
 .text._open    0x0000000000000000       0x1c Core/Src/syscalls.o
 .text._wait    0x0000000000000000       0x1e Core/Src/syscalls.o
 .text._unlink  0x0000000000000000       0x1e Core/Src/syscalls.o
 .text._times   0x0000000000000000       0x18 Core/Src/syscalls.o
 .text._stat    0x0000000000000000       0x20 Core/Src/syscalls.o
 .text._link    0x0000000000000000       0x20 Core/Src/syscalls.o
 .text._fork    0x0000000000000000       0x16 Core/Src/syscalls.o
 .text._execve  0x0000000000000000       0x22 Core/Src/syscalls.o
 .debug_info    0x0000000000000000      0xebd Core/Src/syscalls.o
 .debug_abbrev  0x0000000000000000      0x261 Core/Src/syscalls.o
 .debug_aranges
                0x0000000000000000       0xa8 Core/Src/syscalls.o
 .debug_ranges  0x0000000000000000       0x98 Core/Src/syscalls.o
 .debug_macro   0x0000000000000000      0x243 Core/Src/syscalls.o
 .debug_macro   0x0000000000000000      0xa5a Core/Src/syscalls.o
 .debug_macro   0x0000000000000000       0x22 Core/Src/syscalls.o
 .debug_macro   0x0000000000000000       0x40 Core/Src/syscalls.o
 .debug_macro   0x0000000000000000       0x18 Core/Src/syscalls.o
 .debug_macro   0x0000000000000000       0x94 Core/Src/syscalls.o
 .debug_macro   0x0000000000000000       0x3c Core/Src/syscalls.o
 .debug_macro   0x0000000000000000       0x34 Core/Src/syscalls.o
 .debug_macro   0x0000000000000000       0x57 Core/Src/syscalls.o
 .debug_macro   0x0000000000000000      0x174 Core/Src/syscalls.o
 .debug_macro   0x0000000000000000      0x330 Core/Src/syscalls.o
 .debug_macro   0x0000000000000000       0x52 Core/Src/syscalls.o
 .debug_macro   0x0000000000000000       0x1f Core/Src/syscalls.o
 .debug_macro   0x0000000000000000       0x43 Core/Src/syscalls.o
 .debug_macro   0x0000000000000000       0x20 Core/Src/syscalls.o
 .debug_macro   0x0000000000000000      0x1a3 Core/Src/syscalls.o
 .debug_macro   0x0000000000000000       0x10 Core/Src/syscalls.o
 .debug_macro   0x0000000000000000       0x35 Core/Src/syscalls.o
 .debug_macro   0x0000000000000000       0x10 Core/Src/syscalls.o
 .debug_macro   0x0000000000000000       0x10 Core/Src/syscalls.o
 .debug_macro   0x0000000000000000       0x10 Core/Src/syscalls.o
 .debug_macro   0x0000000000000000       0x6a Core/Src/syscalls.o
 .debug_macro   0x0000000000000000       0x1c Core/Src/syscalls.o
 .debug_macro   0x0000000000000000       0x52 Core/Src/syscalls.o
 .debug_macro   0x0000000000000000       0x40 Core/Src/syscalls.o
 .debug_macro   0x0000000000000000       0x10 Core/Src/syscalls.o
 .debug_macro   0x0000000000000000       0x40 Core/Src/syscalls.o
 .debug_macro   0x0000000000000000       0xd7 Core/Src/syscalls.o
 .debug_macro   0x0000000000000000       0x1c Core/Src/syscalls.o
 .debug_macro   0x0000000000000000       0x3d Core/Src/syscalls.o
 .debug_macro   0x0000000000000000       0x35 Core/Src/syscalls.o
 .debug_macro   0x0000000000000000      0x122 Core/Src/syscalls.o
 .debug_macro   0x0000000000000000       0x16 Core/Src/syscalls.o
 .debug_macro   0x0000000000000000       0x16 Core/Src/syscalls.o
 .debug_macro   0x0000000000000000       0x29 Core/Src/syscalls.o
 .debug_macro   0x0000000000000000       0x10 Core/Src/syscalls.o
 .debug_macro   0x0000000000000000      0x241 Core/Src/syscalls.o
 .debug_macro   0x0000000000000000       0x1c Core/Src/syscalls.o
 .debug_macro   0x0000000000000000       0x10 Core/Src/syscalls.o
 .debug_macro   0x0000000000000000       0x10 Core/Src/syscalls.o
 .debug_macro   0x0000000000000000       0x16 Core/Src/syscalls.o
 .debug_macro   0x0000000000000000      0x145 Core/Src/syscalls.o
 .debug_macro   0x0000000000000000      0x189 Core/Src/syscalls.o
 .debug_macro   0x0000000000000000       0x16 Core/Src/syscalls.o
 .debug_macro   0x0000000000000000       0x88 Core/Src/syscalls.o
 .debug_line    0x0000000000000000      0x73e Core/Src/syscalls.o
 .debug_str     0x0000000000000000     0x88a7 Core/Src/syscalls.o
 .comment       0x0000000000000000       0x7c Core/Src/syscalls.o
 .debug_frame   0x0000000000000000      0x2ac Core/Src/syscalls.o
 .ARM.attributes
                0x0000000000000000       0x39 Core/Src/syscalls.o
 .group         0x0000000000000000        0xc Core/Src/sysmem.o
 .group         0x0000000000000000        0xc Core/Src/sysmem.o
 .group         0x0000000000000000        0xc Core/Src/sysmem.o
 .group         0x0000000000000000        0xc Core/Src/sysmem.o
 .group         0x0000000000000000        0xc Core/Src/sysmem.o
 .group         0x0000000000000000        0xc Core/Src/sysmem.o
 .group         0x0000000000000000        0xc Core/Src/sysmem.o
 .group         0x0000000000000000        0xc Core/Src/sysmem.o
 .group         0x0000000000000000        0xc Core/Src/sysmem.o
 .group         0x0000000000000000        0xc Core/Src/sysmem.o
 .group         0x0000000000000000        0xc Core/Src/sysmem.o
 .group         0x0000000000000000        0xc Core/Src/sysmem.o
 .group         0x0000000000000000        0xc Core/Src/sysmem.o
 .group         0x0000000000000000        0xc Core/Src/sysmem.o
 .group         0x0000000000000000        0xc Core/Src/sysmem.o
 .group         0x0000000000000000        0xc Core/Src/sysmem.o
 .group         0x0000000000000000        0xc Core/Src/sysmem.o
 .group         0x0000000000000000        0xc Core/Src/sysmem.o
 .group         0x0000000000000000        0xc Core/Src/sysmem.o
 .text          0x0000000000000000        0x0 Core/Src/sysmem.o
 .data          0x0000000000000000        0x0 Core/Src/sysmem.o
 .bss           0x0000000000000000        0x0 Core/Src/sysmem.o
 .bss.__sbrk_heap_end
                0x0000000000000000        0x4 Core/Src/sysmem.o
 .text._sbrk    0x0000000000000000       0x6c Core/Src/sysmem.o
 .debug_info    0x0000000000000000      0x985 Core/Src/sysmem.o
 .debug_abbrev  0x0000000000000000      0x19b Core/Src/sysmem.o
 .debug_aranges
                0x0000000000000000       0x20 Core/Src/sysmem.o
 .debug_ranges  0x0000000000000000       0x10 Core/Src/sysmem.o
 .debug_macro   0x0000000000000000       0xee Core/Src/sysmem.o
 .debug_macro   0x0000000000000000      0xa5a Core/Src/sysmem.o
 .debug_macro   0x0000000000000000       0x10 Core/Src/sysmem.o
 .debug_macro   0x0000000000000000       0x22 Core/Src/sysmem.o
 .debug_macro   0x0000000000000000       0x40 Core/Src/sysmem.o
 .debug_macro   0x0000000000000000       0x18 Core/Src/sysmem.o
 .debug_macro   0x0000000000000000       0x94 Core/Src/sysmem.o
 .debug_macro   0x0000000000000000       0x3c Core/Src/sysmem.o
 .debug_macro   0x0000000000000000       0x34 Core/Src/sysmem.o
 .debug_macro   0x0000000000000000      0x174 Core/Src/sysmem.o
 .debug_macro   0x0000000000000000       0x57 Core/Src/sysmem.o
 .debug_macro   0x0000000000000000       0x52 Core/Src/sysmem.o
 .debug_macro   0x0000000000000000       0x1f Core/Src/sysmem.o
 .debug_macro   0x0000000000000000       0x43 Core/Src/sysmem.o
 .debug_macro   0x0000000000000000       0x20 Core/Src/sysmem.o
 .debug_macro   0x0000000000000000      0x1a3 Core/Src/sysmem.o
 .debug_macro   0x0000000000000000      0x23b Core/Src/sysmem.o
 .debug_macro   0x0000000000000000       0xef Core/Src/sysmem.o
 .debug_macro   0x0000000000000000       0x6a Core/Src/sysmem.o
 .debug_macro   0x0000000000000000      0x1df Core/Src/sysmem.o
 .debug_line    0x0000000000000000      0x4c7 Core/Src/sysmem.o
 .debug_str     0x0000000000000000     0x5f75 Core/Src/sysmem.o
 .comment       0x0000000000000000       0x7c Core/Src/sysmem.o
 .debug_frame   0x0000000000000000       0x34 Core/Src/sysmem.o
 .ARM.attributes
                0x0000000000000000       0x39 Core/Src/sysmem.o
 .group         0x0000000000000000        0xc Core/Src/system_stm32f4xx.o
 .group         0x0000000000000000        0xc Core/Src/system_stm32f4xx.o
 .group         0x0000000000000000        0xc Core/Src/system_stm32f4xx.o
 .group         0x0000000000000000        0xc Core/Src/system_stm32f4xx.o
 .group         0x0000000000000000        0xc Core/Src/system_stm32f4xx.o
 .group         0x0000000000000000        0xc Core/Src/system_stm32f4xx.o
 .group         0x0000000000000000        0xc Core/Src/system_stm32f4xx.o
 .group         0x0000000000000000        0xc Core/Src/system_stm32f4xx.o
 .group         0x0000000000000000        0xc Core/Src/system_stm32f4xx.o
 .group         0x0000000000000000        0xc Core/Src/system_stm32f4xx.o
 .group         0x0000000000000000        0xc Core/Src/system_stm32f4xx.o
 .group         0x0000000000000000        0xc Core/Src/system_stm32f4xx.o
 .group         0x0000000000000000        0xc Core/Src/system_stm32f4xx.o
 .group         0x0000000000000000        0xc Core/Src/system_stm32f4xx.o
 .group         0x0000000000000000        0xc Core/Src/system_stm32f4xx.o
 .group         0x0000000000000000        0xc Core/Src/system_stm32f4xx.o
 .text          0x0000000000000000        0x0 Core/Src/system_stm32f4xx.o
 .data          0x0000000000000000        0x0 Core/Src/system_stm32f4xx.o
 .bss           0x0000000000000000        0x0 Core/Src/system_stm32f4xx.o
 .data.SystemCoreClock
                0x0000000000000000        0x4 Core/Src/system_stm32f4xx.o
 .rodata.AHBPrescTable
                0x0000000000000000       0x10 Core/Src/system_stm32f4xx.o
 .rodata.APBPrescTable
                0x0000000000000000        0x8 Core/Src/system_stm32f4xx.o
 .text.SystemCoreClockUpdate
                0x0000000000000000       0xf4 Core/Src/system_stm32f4xx.o
 .debug_macro   0x0000000000000000      0xa5a Core/Src/system_stm32f4xx.o
 .debug_macro   0x0000000000000000       0x2f Core/Src/system_stm32f4xx.o
 .debug_macro   0x0000000000000000       0x22 Core/Src/system_stm32f4xx.o
 .debug_macro   0x0000000000000000       0xef Core/Src/system_stm32f4xx.o
 .debug_macro   0x0000000000000000       0x6a Core/Src/system_stm32f4xx.o
 .debug_macro   0x0000000000000000      0x1df Core/Src/system_stm32f4xx.o
 .debug_macro   0x0000000000000000       0x1c Core/Src/system_stm32f4xx.o
 .debug_macro   0x0000000000000000       0x22 Core/Src/system_stm32f4xx.o
 .debug_macro   0x0000000000000000     0x102d Core/Src/system_stm32f4xx.o
 .debug_macro   0x0000000000000000      0x11f Core/Src/system_stm32f4xx.o
 .debug_macro   0x0000000000000000    0x14251 Core/Src/system_stm32f4xx.o
 .group         0x0000000000000000        0xc Core/Src/w6100.o
 .group         0x0000000000000000        0xc Core/Src/w6100.o
 .group         0x0000000000000000        0xc Core/Src/w6100.o
 .group         0x0000000000000000        0xc Core/Src/w6100.o
 .group         0x0000000000000000        0xc Core/Src/w6100.o
 .group         0x0000000000000000        0xc Core/Src/w6100.o
 .group         0x0000000000000000        0xc Core/Src/w6100.o
 .group         0x0000000000000000        0xc Core/Src/w6100.o
 .group         0x0000000000000000        0xc Core/Src/w6100.o
 .group         0x0000000000000000        0xc Core/Src/w6100.o
 .group         0x0000000000000000        0xc Core/Src/w6100.o
 .group         0x0000000000000000        0xc Core/Src/w6100.o
 .group         0x0000000000000000        0xc Core/Src/w6100.o
 .group         0x0000000000000000        0xc Core/Src/w6100.o
 .group         0x0000000000000000        0xc Core/Src/w6100.o
 .group         0x0000000000000000        0xc Core/Src/w6100.o
 .group         0x0000000000000000        0xc Core/Src/w6100.o
 .group         0x0000000000000000        0xc Core/Src/w6100.o
 .group         0x0000000000000000        0xc Core/Src/w6100.o
 .group         0x0000000000000000        0xc Core/Src/w6100.o
 .group         0x0000000000000000        0xc Core/Src/w6100.o
 .group         0x0000000000000000        0xc Core/Src/w6100.o
 .group         0x0000000000000000        0xc Core/Src/w6100.o
 .group         0x0000000000000000        0xc Core/Src/w6100.o
 .group         0x0000000000000000        0xc Core/Src/w6100.o
 .group         0x0000000000000000        0xc Core/Src/w6100.o
 .group         0x0000000000000000        0xc Core/Src/w6100.o
 .group         0x0000000000000000        0xc Core/Src/w6100.o
 .group         0x0000000000000000        0xc Core/Src/w6100.o
 .group         0x0000000000000000        0xc Core/Src/w6100.o
 .group         0x0000000000000000        0xc Core/Src/w6100.o
 .group         0x0000000000000000        0xc Core/Src/w6100.o
 .group         0x0000000000000000        0xc Core/Src/w6100.o
 .group         0x0000000000000000        0xc Core/Src/w6100.o
 .group         0x0000000000000000        0xc Core/Src/w6100.o
 .group         0x0000000000000000        0xc Core/Src/w6100.o
 .group         0x0000000000000000        0xc Core/Src/w6100.o
 .group         0x0000000000000000        0xc Core/Src/w6100.o
 .group         0x0000000000000000        0xc Core/Src/w6100.o
 .group         0x0000000000000000        0xc Core/Src/w6100.o
 .group         0x0000000000000000        0xc Core/Src/w6100.o
 .group         0x0000000000000000        0xc Core/Src/w6100.o
 .group         0x0000000000000000        0xc Core/Src/w6100.o
 .text          0x0000000000000000        0x0 Core/Src/w6100.o
 .data          0x0000000000000000        0x0 Core/Src/w6100.o
 .bss           0x0000000000000000        0x0 Core/Src/w6100.o
 .debug_macro   0x0000000000000000      0xa5a Core/Src/w6100.o
 .debug_macro   0x0000000000000000       0x22 Core/Src/w6100.o
 .debug_macro   0x0000000000000000       0x40 Core/Src/w6100.o
 .debug_macro   0x0000000000000000       0x18 Core/Src/w6100.o
 .debug_macro   0x0000000000000000       0x94 Core/Src/w6100.o
 .debug_macro   0x0000000000000000       0x3c Core/Src/w6100.o
 .debug_macro   0x0000000000000000       0x34 Core/Src/w6100.o
 .debug_macro   0x0000000000000000       0x16 Core/Src/w6100.o
 .debug_macro   0x0000000000000000       0x57 Core/Src/w6100.o
 .debug_macro   0x0000000000000000       0x97 Core/Src/w6100.o
 .debug_macro   0x0000000000000000      0x330 Core/Src/w6100.o
 .debug_macro   0x0000000000000000       0xfd Core/Src/w6100.o
 .debug_macro   0x0000000000000000       0x10 Core/Src/w6100.o
 .debug_macro   0x0000000000000000       0x52 Core/Src/w6100.o
 .debug_macro   0x0000000000000000       0x1f Core/Src/w6100.o
 .debug_macro   0x0000000000000000       0x43 Core/Src/w6100.o
 .debug_macro   0x0000000000000000       0x20 Core/Src/w6100.o
 .debug_macro   0x0000000000000000      0x1a3 Core/Src/w6100.o
 .debug_macro   0x0000000000000000       0x10 Core/Src/w6100.o
 .debug_macro   0x0000000000000000       0x6a Core/Src/w6100.o
 .debug_macro   0x0000000000000000       0x1c Core/Src/w6100.o
 .debug_macro   0x0000000000000000       0x52 Core/Src/w6100.o
 .debug_macro   0x0000000000000000       0x40 Core/Src/w6100.o
 .debug_macro   0x0000000000000000       0x10 Core/Src/w6100.o
 .debug_macro   0x0000000000000000       0x40 Core/Src/w6100.o
 .debug_macro   0x0000000000000000       0xd7 Core/Src/w6100.o
 .debug_macro   0x0000000000000000       0x1c Core/Src/w6100.o
 .debug_macro   0x0000000000000000       0x3d Core/Src/w6100.o
 .debug_macro   0x0000000000000000       0x16 Core/Src/w6100.o
 .debug_macro   0x0000000000000000      0x145 Core/Src/w6100.o
 .debug_macro   0x0000000000000000       0x16 Core/Src/w6100.o
 .debug_macro   0x0000000000000000       0x35 Core/Src/w6100.o
 .debug_macro   0x0000000000000000       0x20 Core/Src/w6100.o
 .debug_macro   0x0000000000000000       0x2f Core/Src/w6100.o
 .debug_macro   0x0000000000000000       0xef Core/Src/w6100.o
 .debug_macro   0x0000000000000000      0x1df Core/Src/w6100.o
 .debug_macro   0x0000000000000000       0x1c Core/Src/w6100.o
 .debug_macro   0x0000000000000000       0x22 Core/Src/w6100.o
 .debug_macro   0x0000000000000000       0xd9 Core/Src/w6100.o
 .debug_macro   0x0000000000000000     0x102d Core/Src/w6100.o
 .debug_macro   0x0000000000000000      0x11f Core/Src/w6100.o
 .debug_macro   0x0000000000000000    0x14251 Core/Src/w6100.o
 .text          0x0000000000000000       0x14 Core/Startup/startup_stm32f405rgtx.o
 .data          0x0000000000000000        0x0 Core/Startup/startup_stm32f405rgtx.o
 .bss           0x0000000000000000        0x0 Core/Startup/startup_stm32f405rgtx.o
 .text          0x0000000000000000        0x0 c:/st/stm32cubeide_1.5.1/stm32cubeide/plugins/com.st.stm32cube.ide.mcu.externaltools.gnu-tools-for-stm32.7-2018-q2-update.win32_1.5.0.202011040924/tools/bin/../lib/gcc/arm-none-eabi/7.3.1/../../../../arm-none-eabi/lib/thumb/v7e-m/fpv4-sp/hard\libc_nano.a(lib_a-errno.o)
 .data          0x0000000000000000        0x0 c:/st/stm32cubeide_1.5.1/stm32cubeide/plugins/com.st.stm32cube.ide.mcu.externaltools.gnu-tools-for-stm32.7-2018-q2-update.win32_1.5.0.202011040924/tools/bin/../lib/gcc/arm-none-eabi/7.3.1/../../../../arm-none-eabi/lib/thumb/v7e-m/fpv4-sp/hard\libc_nano.a(lib_a-errno.o)
 .bss           0x0000000000000000        0x0 c:/st/stm32cubeide_1.5.1/stm32cubeide/plugins/com.st.stm32cube.ide.mcu.externaltools.gnu-tools-for-stm32.7-2018-q2-update.win32_1.5.0.202011040924/tools/bin/../lib/gcc/arm-none-eabi/7.3.1/../../../../arm-none-eabi/lib/thumb/v7e-m/fpv4-sp/hard\libc_nano.a(lib_a-errno.o)
 .text.__errno  0x0000000000000000        0xc c:/st/stm32cubeide_1.5.1/stm32cubeide/plugins/com.st.stm32cube.ide.mcu.externaltools.gnu-tools-for-stm32.7-2018-q2-update.win32_1.5.0.202011040924/tools/bin/../lib/gcc/arm-none-eabi/7.3.1/../../../../arm-none-eabi/lib/thumb/v7e-m/fpv4-sp/hard\libc_nano.a(lib_a-errno.o)
 .debug_frame   0x0000000000000000       0x20 c:/st/stm32cubeide_1.5.1/stm32cubeide/plugins/com.st.stm32cube.ide.mcu.externaltools.gnu-tools-for-stm32.7-2018-q2-update.win32_1.5.0.202011040924/tools/bin/../lib/gcc/arm-none-eabi/7.3.1/../../../../arm-none-eabi/lib/thumb/v7e-m/fpv4-sp/hard\libc_nano.a(lib_a-errno.o)
 .ARM.attributes
                0x0000000000000000       0x34 c:/st/stm32cubeide_1.5.1/stm32cubeide/plugins/com.st.stm32cube.ide.mcu.externaltools.gnu-tools-for-stm32.7-2018-q2-update.win32_1.5.0.202011040924/tools/bin/../lib/gcc/arm-none-eabi/7.3.1/../../../../arm-none-eabi/lib/thumb/v7e-m/fpv4-sp/hard\libc_nano.a(lib_a-errno.o)
 .text          0x0000000000000000        0x0 c:/st/stm32cubeide_1.5.1/stm32cubeide/plugins/com.st.stm32cube.ide.mcu.externaltools.gnu-tools-for-stm32.7-2018-q2-update.win32_1.5.0.202011040924/tools/bin/../lib/gcc/arm-none-eabi/7.3.1/../../../../arm-none-eabi/lib/thumb/v7e-m/fpv4-sp/hard\libc_nano.a(lib_a-exit.o)
 .data          0x0000000000000000        0x0 c:/st/stm32cubeide_1.5.1/stm32cubeide/plugins/com.st.stm32cube.ide.mcu.externaltools.gnu-tools-for-stm32.7-2018-q2-update.win32_1.5.0.202011040924/tools/bin/../lib/gcc/arm-none-eabi/7.3.1/../../../../arm-none-eabi/lib/thumb/v7e-m/fpv4-sp/hard\libc_nano.a(lib_a-exit.o)
 .bss           0x0000000000000000        0x0 c:/st/stm32cubeide_1.5.1/stm32cubeide/plugins/com.st.stm32cube.ide.mcu.externaltools.gnu-tools-for-stm32.7-2018-q2-update.win32_1.5.0.202011040924/tools/bin/../lib/gcc/arm-none-eabi/7.3.1/../../../../arm-none-eabi/lib/thumb/v7e-m/fpv4-sp/hard\libc_nano.a(lib_a-exit.o)
 .text.exit     0x0000000000000000       0x28 c:/st/stm32cubeide_1.5.1/stm32cubeide/plugins/com.st.stm32cube.ide.mcu.externaltools.gnu-tools-for-stm32.7-2018-q2-update.win32_1.5.0.202011040924/tools/bin/../lib/gcc/arm-none-eabi/7.3.1/../../../../arm-none-eabi/lib/thumb/v7e-m/fpv4-sp/hard\libc_nano.a(lib_a-exit.o)
 .debug_frame   0x0000000000000000       0x28 c:/st/stm32cubeide_1.5.1/stm32cubeide/plugins/com.st.stm32cube.ide.mcu.externaltools.gnu-tools-for-stm32.7-2018-q2-update.win32_1.5.0.202011040924/tools/bin/../lib/gcc/arm-none-eabi/7.3.1/../../../../arm-none-eabi/lib/thumb/v7e-m/fpv4-sp/hard\libc_nano.a(lib_a-exit.o)
 .ARM.attributes
                0x0000000000000000       0x34 c:/st/stm32cubeide_1.5.1/stm32cubeide/plugins/com.st.stm32cube.ide.mcu.externaltools.gnu-tools-for-stm32.7-2018-q2-update.win32_1.5.0.202011040924/tools/bin/../lib/gcc/arm-none-eabi/7.3.1/../../../../arm-none-eabi/lib/thumb/v7e-m/fpv4-sp/hard\libc_nano.a(lib_a-exit.o)
 .text          0x0000000000000000        0x0 c:/st/stm32cubeide_1.5.1/stm32cubeide/plugins/com.st.stm32cube.ide.mcu.externaltools.gnu-tools-for-stm32.7-2018-q2-update.win32_1.5.0.202011040924/tools/bin/../lib/gcc/arm-none-eabi/7.3.1/../../../../arm-none-eabi/lib/thumb/v7e-m/fpv4-sp/hard\libc_nano.a(lib_a-impure.o)
 .data          0x0000000000000000        0x0 c:/st/stm32cubeide_1.5.1/stm32cubeide/plugins/com.st.stm32cube.ide.mcu.externaltools.gnu-tools-for-stm32.7-2018-q2-update.win32_1.5.0.202011040924/tools/bin/../lib/gcc/arm-none-eabi/7.3.1/../../../../arm-none-eabi/lib/thumb/v7e-m/fpv4-sp/hard\libc_nano.a(lib_a-impure.o)
 .bss           0x0000000000000000        0x0 c:/st/stm32cubeide_1.5.1/stm32cubeide/plugins/com.st.stm32cube.ide.mcu.externaltools.gnu-tools-for-stm32.7-2018-q2-update.win32_1.5.0.202011040924/tools/bin/../lib/gcc/arm-none-eabi/7.3.1/../../../../arm-none-eabi/lib/thumb/v7e-m/fpv4-sp/hard\libc_nano.a(lib_a-impure.o)
 .data._impure_ptr
                0x0000000000000000        0x4 c:/st/stm32cubeide_1.5.1/stm32cubeide/plugins/com.st.stm32cube.ide.mcu.externaltools.gnu-tools-for-stm32.7-2018-q2-update.win32_1.5.0.202011040924/tools/bin/../lib/gcc/arm-none-eabi/7.3.1/../../../../arm-none-eabi/lib/thumb/v7e-m/fpv4-sp/hard\libc_nano.a(lib_a-impure.o)
 .data.impure_data
                0x0000000000000000       0x60 c:/st/stm32cubeide_1.5.1/stm32cubeide/plugins/com.st.stm32cube.ide.mcu.externaltools.gnu-tools-for-stm32.7-2018-q2-update.win32_1.5.0.202011040924/tools/bin/../lib/gcc/arm-none-eabi/7.3.1/../../../../arm-none-eabi/lib/thumb/v7e-m/fpv4-sp/hard\libc_nano.a(lib_a-impure.o)
 .rodata._global_impure_ptr
                0x0000000000000000        0x4 c:/st/stm32cubeide_1.5.1/stm32cubeide/plugins/com.st.stm32cube.ide.mcu.externaltools.gnu-tools-for-stm32.7-2018-q2-update.win32_1.5.0.202011040924/tools/bin/../lib/gcc/arm-none-eabi/7.3.1/../../../../arm-none-eabi/lib/thumb/v7e-m/fpv4-sp/hard\libc_nano.a(lib_a-impure.o)
 .ARM.attributes
                0x0000000000000000       0x34 c:/st/stm32cubeide_1.5.1/stm32cubeide/plugins/com.st.stm32cube.ide.mcu.externaltools.gnu-tools-for-stm32.7-2018-q2-update.win32_1.5.0.202011040924/tools/bin/../lib/gcc/arm-none-eabi/7.3.1/../../../../arm-none-eabi/lib/thumb/v7e-m/fpv4-sp/hard\libc_nano.a(lib_a-impure.o)
 .text          0x0000000000000000        0x0 c:/st/stm32cubeide_1.5.1/stm32cubeide/plugins/com.st.stm32cube.ide.mcu.externaltools.gnu-tools-for-stm32.7-2018-q2-update.win32_1.5.0.202011040924/tools/bin/../lib/gcc/arm-none-eabi/7.3.1/../../../../arm-none-eabi/lib/thumb/v7e-m/fpv4-sp/hard\libc_nano.a(lib_a-init.o)
 .data          0x0000000000000000        0x0 c:/st/stm32cubeide_1.5.1/stm32cubeide/plugins/com.st.stm32cube.ide.mcu.externaltools.gnu-tools-for-stm32.7-2018-q2-update.win32_1.5.0.202011040924/tools/bin/../lib/gcc/arm-none-eabi/7.3.1/../../../../arm-none-eabi/lib/thumb/v7e-m/fpv4-sp/hard\libc_nano.a(lib_a-init.o)
 .bss           0x0000000000000000        0x0 c:/st/stm32cubeide_1.5.1/stm32cubeide/plugins/com.st.stm32cube.ide.mcu.externaltools.gnu-tools-for-stm32.7-2018-q2-update.win32_1.5.0.202011040924/tools/bin/../lib/gcc/arm-none-eabi/7.3.1/../../../../arm-none-eabi/lib/thumb/v7e-m/fpv4-sp/hard\libc_nano.a(lib_a-init.o)
 .text          0x0000000000000000        0x0 c:/st/stm32cubeide_1.5.1/stm32cubeide/plugins/com.st.stm32cube.ide.mcu.externaltools.gnu-tools-for-stm32.7-2018-q2-update.win32_1.5.0.202011040924/tools/bin/../lib/gcc/arm-none-eabi/7.3.1/../../../../arm-none-eabi/lib/thumb/v7e-m/fpv4-sp/hard\libc_nano.a(lib_a-memcpy-stub.o)
 .data          0x0000000000000000        0x0 c:/st/stm32cubeide_1.5.1/stm32cubeide/plugins/com.st.stm32cube.ide.mcu.externaltools.gnu-tools-for-stm32.7-2018-q2-update.win32_1.5.0.202011040924/tools/bin/../lib/gcc/arm-none-eabi/7.3.1/../../../../arm-none-eabi/lib/thumb/v7e-m/fpv4-sp/hard\libc_nano.a(lib_a-memcpy-stub.o)
 .bss           0x0000000000000000        0x0 c:/st/stm32cubeide_1.5.1/stm32cubeide/plugins/com.st.stm32cube.ide.mcu.externaltools.gnu-tools-for-stm32.7-2018-q2-update.win32_1.5.0.202011040924/tools/bin/../lib/gcc/arm-none-eabi/7.3.1/../../../../arm-none-eabi/lib/thumb/v7e-m/fpv4-sp/hard\libc_nano.a(lib_a-memcpy-stub.o)
 .text          0x0000000000000000        0x0 c:/st/stm32cubeide_1.5.1/stm32cubeide/plugins/com.st.stm32cube.ide.mcu.externaltools.gnu-tools-for-stm32.7-2018-q2-update.win32_1.5.0.202011040924/tools/bin/../lib/gcc/arm-none-eabi/7.3.1/../../../../arm-none-eabi/lib/thumb/v7e-m/fpv4-sp/hard\libc_nano.a(lib_a-memset.o)
 .data          0x0000000000000000        0x0 c:/st/stm32cubeide_1.5.1/stm32cubeide/plugins/com.st.stm32cube.ide.mcu.externaltools.gnu-tools-for-stm32.7-2018-q2-update.win32_1.5.0.202011040924/tools/bin/../lib/gcc/arm-none-eabi/7.3.1/../../../../arm-none-eabi/lib/thumb/v7e-m/fpv4-sp/hard\libc_nano.a(lib_a-memset.o)
 .bss           0x0000000000000000        0x0 c:/st/stm32cubeide_1.5.1/stm32cubeide/plugins/com.st.stm32cube.ide.mcu.externaltools.gnu-tools-for-stm32.7-2018-q2-update.win32_1.5.0.202011040924/tools/bin/../lib/gcc/arm-none-eabi/7.3.1/../../../../arm-none-eabi/lib/thumb/v7e-m/fpv4-sp/hard\libc_nano.a(lib_a-memset.o)
 .data          0x0000000000000000        0x0 c:/st/stm32cubeide_1.5.1/stm32cubeide/plugins/com.st.stm32cube.ide.mcu.externaltools.gnu-tools-for-stm32.7-2018-q2-update.win32_1.5.0.202011040924/tools/bin/../lib/gcc/arm-none-eabi/7.3.1/../../../../arm-none-eabi/lib/thumb/v7e-m/fpv4-sp/hard\libc_nano.a(lib_a-strcmp.o)
 .bss           0x0000000000000000        0x0 c:/st/stm32cubeide_1.5.1/stm32cubeide/plugins/com.st.stm32cube.ide.mcu.externaltools.gnu-tools-for-stm32.7-2018-q2-update.win32_1.5.0.202011040924/tools/bin/../lib/gcc/arm-none-eabi/7.3.1/../../../../arm-none-eabi/lib/thumb/v7e-m/fpv4-sp/hard\libc_nano.a(lib_a-strcmp.o)
 .text          0x0000000000000000        0x0 c:/st/stm32cubeide_1.5.1/stm32cubeide/plugins/com.st.stm32cube.ide.mcu.externaltools.gnu-tools-for-stm32.7-2018-q2-update.win32_1.5.0.202011040924/tools/bin/../lib/gcc/arm-none-eabi/7.3.1/thumb/v7e-m/fpv4-sp/hard/crtend.o
 .data          0x0000000000000000        0x0 c:/st/stm32cubeide_1.5.1/stm32cubeide/plugins/com.st.stm32cube.ide.mcu.externaltools.gnu-tools-for-stm32.7-2018-q2-update.win32_1.5.0.202011040924/tools/bin/../lib/gcc/arm-none-eabi/7.3.1/thumb/v7e-m/fpv4-sp/hard/crtend.o
 .bss           0x0000000000000000        0x0 c:/st/stm32cubeide_1.5.1/stm32cubeide/plugins/com.st.stm32cube.ide.mcu.externaltools.gnu-tools-for-stm32.7-2018-q2-update.win32_1.5.0.202011040924/tools/bin/../lib/gcc/arm-none-eabi/7.3.1/thumb/v7e-m/fpv4-sp/hard/crtend.o
 .eh_frame      0x0000000000000000        0x4 c:/st/stm32cubeide_1.5.1/stm32cubeide/plugins/com.st.stm32cube.ide.mcu.externaltools.gnu-tools-for-stm32.7-2018-q2-update.win32_1.5.0.202011040924/tools/bin/../lib/gcc/arm-none-eabi/7.3.1/thumb/v7e-m/fpv4-sp/hard/crtend.o
 .ARM.attributes
                0x0000000000000000       0x34 c:/st/stm32cubeide_1.5.1/stm32cubeide/plugins/com.st.stm32cube.ide.mcu.externaltools.gnu-tools-for-stm32.7-2018-q2-update.win32_1.5.0.202011040924/tools/bin/../lib/gcc/arm-none-eabi/7.3.1/thumb/v7e-m/fpv4-sp/hard/crtend.o
 .text          0x0000000000000000        0x0 c:/st/stm32cubeide_1.5.1/stm32cubeide/plugins/com.st.stm32cube.ide.mcu.externaltools.gnu-tools-for-stm32.7-2018-q2-update.win32_1.5.0.202011040924/tools/bin/../lib/gcc/arm-none-eabi/7.3.1/thumb/v7e-m/fpv4-sp/hard/crtn.o
 .data          0x0000000000000000        0x0 c:/st/stm32cubeide_1.5.1/stm32cubeide/plugins/com.st.stm32cube.ide.mcu.externaltools.gnu-tools-for-stm32.7-2018-q2-update.win32_1.5.0.202011040924/tools/bin/../lib/gcc/arm-none-eabi/7.3.1/thumb/v7e-m/fpv4-sp/hard/crtn.o
 .bss           0x0000000000000000        0x0 c:/st/stm32cubeide_1.5.1/stm32cubeide/plugins/com.st.stm32cube.ide.mcu.externaltools.gnu-tools-for-stm32.7-2018-q2-update.win32_1.5.0.202011040924/tools/bin/../lib/gcc/arm-none-eabi/7.3.1/thumb/v7e-m/fpv4-sp/hard/crtn.o

Memory Configuration

Name             Origin             Length             Attributes
CCMRAM           0x0000000010000000 0x0000000000010000 xrw
RAM              0x0000000020000000 0x0000000000020000 xrw
FLASH            0x0000000008000000 0x0000000000100000 xr
*default*        0x0000000000000000 0xffffffffffffffff

Linker script and memory map

LOAD c:/st/stm32cubeide_1.5.1/stm32cubeide/plugins/com.st.stm32cube.ide.mcu.externaltools.gnu-tools-for-stm32.7-2018-q2-update.win32_1.5.0.202011040924/tools/bin/../lib/gcc/arm-none-eabi/7.3.1/thumb/v7e-m/fpv4-sp/hard/crti.o
LOAD c:/st/stm32cubeide_1.5.1/stm32cubeide/plugins/com.st.stm32cube.ide.mcu.externaltools.gnu-tools-for-stm32.7-2018-q2-update.win32_1.5.0.202011040924/tools/bin/../lib/gcc/arm-none-eabi/7.3.1/thumb/v7e-m/fpv4-sp/hard/crtbegin.o
LOAD c:/st/stm32cubeide_1.5.1/stm32cubeide/plugins/com.st.stm32cube.ide.mcu.externaltools.gnu-tools-for-stm32.7-2018-q2-update.win32_1.5.0.202011040924/tools/bin/../lib/gcc/arm-none-eabi/7.3.1/../../../../arm-none-eabi/lib/thumb/v7e-m/fpv4-sp/hard/crt0.o
LOAD Core/Src/can.o
LOAD Core/Src/config.o
LOAD Core/Src/control_sys.o
LOAD Core/Src/main.o
LOAD Core/Src/syscalls.o
LOAD Core/Src/sysmem.o
LOAD Core/Src/system_stm32f4xx.o
LOAD Core/Src/w6100.o
LOAD Core/Startup/startup_stm32f405rgtx.o
START GROUP
LOAD c:/st/stm32cubeide_1.5.1/stm32cubeide/plugins/com.st.stm32cube.ide.mcu.externaltools.gnu-tools-for-stm32.7-2018-q2-update.win32_1.5.0.202011040924/tools/bin/../lib/gcc/arm-none-eabi/7.3.1/../../../../arm-none-eabi/lib/thumb/v7e-m/fpv4-sp/hard\libc_nano.a
LOAD c:/st/stm32cubeide_1.5.1/stm32cubeide/plugins/com.st.stm32cube.ide.mcu.externaltools.gnu-tools-for-stm32.7-2018-q2-update.win32_1.5.0.202011040924/tools/bin/../lib/gcc/arm-none-eabi/7.3.1/../../../../arm-none-eabi/lib/thumb/v7e-m/fpv4-sp/hard\libm.a
END GROUP
START GROUP
LOAD c:/st/stm32cubeide_1.5.1/stm32cubeide/plugins/com.st.stm32cube.ide.mcu.externaltools.gnu-tools-for-stm32.7-2018-q2-update.win32_1.5.0.202011040924/tools/bin/../lib/gcc/arm-none-eabi/7.3.1/thumb/v7e-m/fpv4-sp/hard\libgcc.a
LOAD c:/st/stm32cubeide_1.5.1/stm32cubeide/plugins/com.st.stm32cube.ide.mcu.externaltools.gnu-tools-for-stm32.7-2018-q2-update.win32_1.5.0.202011040924/tools/bin/../lib/gcc/arm-none-eabi/7.3.1/../../../../arm-none-eabi/lib/thumb/v7e-m/fpv4-sp/hard\libc_nano.a
END GROUP
START GROUP
LOAD c:/st/stm32cubeide_1.5.1/stm32cubeide/plugins/com.st.stm32cube.ide.mcu.externaltools.gnu-tools-for-stm32.7-2018-q2-update.win32_1.5.0.202011040924/tools/bin/../lib/gcc/arm-none-eabi/7.3.1/thumb/v7e-m/fpv4-sp/hard\libgcc.a
LOAD c:/st/stm32cubeide_1.5.1/stm32cubeide/plugins/com.st.stm32cube.ide.mcu.externaltools.gnu-tools-for-stm32.7-2018-q2-update.win32_1.5.0.202011040924/tools/bin/../lib/gcc/arm-none-eabi/7.3.1/../../../../arm-none-eabi/lib/thumb/v7e-m/fpv4-sp/hard\libc_nano.a
LOAD c:/st/stm32cubeide_1.5.1/stm32cubeide/plugins/com.st.stm32cube.ide.mcu.externaltools.gnu-tools-for-stm32.7-2018-q2-update.win32_1.5.0.202011040924/tools/bin/../lib/gcc/arm-none-eabi/7.3.1/../../../../arm-none-eabi/lib/thumb/v7e-m/fpv4-sp/hard\libnosys.a
END GROUP
START GROUP
LOAD c:/st/stm32cubeide_1.5.1/stm32cubeide/plugins/com.st.stm32cube.ide.mcu.externaltools.gnu-tools-for-stm32.7-2018-q2-update.win32_1.5.0.202011040924/tools/bin/../lib/gcc/arm-none-eabi/7.3.1/thumb/v7e-m/fpv4-sp/hard\libgcc.a
LOAD c:/st/stm32cubeide_1.5.1/stm32cubeide/plugins/com.st.stm32cube.ide.mcu.externaltools.gnu-tools-for-stm32.7-2018-q2-update.win32_1.5.0.202011040924/tools/bin/../lib/gcc/arm-none-eabi/7.3.1/../../../../arm-none-eabi/lib/thumb/v7e-m/fpv4-sp/hard\libc_nano.a
LOAD c:/st/stm32cubeide_1.5.1/stm32cubeide/plugins/com.st.stm32cube.ide.mcu.externaltools.gnu-tools-for-stm32.7-2018-q2-update.win32_1.5.0.202011040924/tools/bin/../lib/gcc/arm-none-eabi/7.3.1/../../../../arm-none-eabi/lib/thumb/v7e-m/fpv4-sp/hard\libnosys.a
END GROUP
LOAD c:/st/stm32cubeide_1.5.1/stm32cubeide/plugins/com.st.stm32cube.ide.mcu.externaltools.gnu-tools-for-stm32.7-2018-q2-update.win32_1.5.0.202011040924/tools/bin/../lib/gcc/arm-none-eabi/7.3.1/thumb/v7e-m/fpv4-sp/hard/crtend.o
LOAD c:/st/stm32cubeide_1.5.1/stm32cubeide/plugins/com.st.stm32cube.ide.mcu.externaltools.gnu-tools-for-stm32.7-2018-q2-update.win32_1.5.0.202011040924/tools/bin/../lib/gcc/arm-none-eabi/7.3.1/thumb/v7e-m/fpv4-sp/hard/crtn.o
                0x0000000020020000                _estack = (ORIGIN (RAM) + LENGTH (RAM))
                0x0000000000000200                _Min_Heap_Size = 0x200
                0x0000000000000400                _Min_Stack_Size = 0x400

.isr_vector     0x0000000008000000      0x188
                0x0000000008000000                . = ALIGN (0x4)
 *(.isr_vector)
 .isr_vector    0x0000000008000000      0x188 Core/Startup/startup_stm32f405rgtx.o
                0x0000000008000000                g_pfnVectors
                0x0000000008000188                . = ALIGN (0x4)

.text           0x0000000008000188     0x1668
                0x0000000008000188                . = ALIGN (0x4)
 *(.text)
 .text          0x0000000008000188       0x40 c:/st/stm32cubeide_1.5.1/stm32cubeide/plugins/com.st.stm32cube.ide.mcu.externaltools.gnu-tools-for-stm32.7-2018-q2-update.win32_1.5.0.202011040924/tools/bin/../lib/gcc/arm-none-eabi/7.3.1/thumb/v7e-m/fpv4-sp/hard/crtbegin.o
 .text          0x00000000080001c8       0x14 c:/st/stm32cubeide_1.5.1/stm32cubeide/plugins/com.st.stm32cube.ide.mcu.externaltools.gnu-tools-for-stm32.7-2018-q2-update.win32_1.5.0.202011040924/tools/bin/../lib/gcc/arm-none-eabi/7.3.1/../../../../arm-none-eabi/lib/thumb/v7e-m/fpv4-sp/hard\libc_nano.a(lib_a-strcmp.o)
                0x00000000080001c8                strcmp
 *(.text*)
 .text.__NVIC_EnableIRQ
                0x00000000080001dc       0x3c Core/Src/can.o
 .text.CanInit  0x0000000008000218       0x8c Core/Src/can.o
                0x0000000008000218                CanInit
 .text.Can_Tx_Msg
                0x00000000080002a4      0x100 Core/Src/can.o
                0x00000000080002a4                Can_Tx_Msg
 .text.Can_Rx_Msg
                0x00000000080003a4       0xc8 Core/Src/can.o
                0x00000000080003a4                Can_Rx_Msg
 .text.Can_Set_Filter
                0x000000000800046c      0x118 Core/Src/can.o
                0x000000000800046c                Can_Set_Filter
 .text.registerCanMsgRxCallback
                0x0000000008000584       0x20 Core/Src/can.o
                0x0000000008000584                registerCanMsgRxCallback
 .text.CAN1_TX_IRQHandler
                0x00000000080005a4       0x40 Core/Src/can.o
                0x00000000080005a4                CAN1_TX_IRQHandler
 .text.CAN1_RX0_IRQHandler
                0x00000000080005e4       0x58 Core/Src/can.o
                0x00000000080005e4                CAN1_RX0_IRQHandler
 .text.__NVIC_EnableIRQ
                0x000000000800063c       0x3c Core/Src/config.o
 .text.__NVIC_SetPriority
                0x0000000008000678       0x54 Core/Src/config.o
 .text.SysTick_Config
                0x00000000080006cc       0x44 Core/Src/config.o
 .text.SystemRegisterCFG
                0x0000000008000710      0x1a4 Core/Src/config.o
                0x0000000008000710                SystemRegisterCFG
 .text.SysTick_Handler
                0x00000000080008b4       0x28 Core/Src/config.o
                0x00000000080008b4                SysTick_Handler
 .text.canVariables
                0x00000000080008dc       0x78 Core/Src/control_sys.o
                0x00000000080008dc                canVariables
 .text.dataPacketReceived
                0x0000000008000954       0xe4 Core/Src/control_sys.o
                0x0000000008000954                dataPacketReceived
 .text.canMessageReceived
                0x0000000008000a38       0x28 Core/Src/control_sys.o
                0x0000000008000a38                canMessageReceived
 .text.serverOffResponse
                0x0000000008000a60       0x34 Core/Src/control_sys.o
                0x0000000008000a60                serverOffResponse
 .text.serverStartResponse
                0x0000000008000a94       0x34 Core/Src/control_sys.o
                0x0000000008000a94                serverStartResponse
 .text.main     0x0000000008000ac8       0xbc Core/Src/main.o
                0x0000000008000ac8                main
 .text.SystemInit
                0x0000000008000b84       0x2c Core/Src/system_stm32f4xx.o
                0x0000000008000b84                SystemInit
 .text.SPI_Eth_SS
                0x0000000008000bb0       0x40 Core/Src/w6100.o
                0x0000000008000bb0                SPI_Eth_SS
 .text.SPI_Eth_RT
                0x0000000008000bf0       0x44 Core/Src/w6100.o
                0x0000000008000bf0                SPI_Eth_RT
 .text.SPI_W6100_RCR
                0x0000000008000c34       0x48 Core/Src/w6100.o
                0x0000000008000c34                SPI_W6100_RCR
 .text.SPI_W6100_WCR
                0x0000000008000c7c       0x4a Core/Src/w6100.o
                0x0000000008000c7c                SPI_W6100_WCR
 .text.SPI_W6100_RSOCK
                0x0000000008000cc6       0x76 Core/Src/w6100.o
                0x0000000008000cc6                SPI_W6100_RSOCK
 .text.SPI_W6100_WSOCK
                0x0000000008000d3c       0x7e Core/Src/w6100.o
                0x0000000008000d3c                SPI_W6100_WSOCK
 .text.W6100_INIT
                0x0000000008000dba      0x370 Core/Src/w6100.o
                0x0000000008000dba                W6100_INIT
 *fill*         0x000000000800112a        0x2 
 .text.W6100_OpenTCPSocket
                0x000000000800112c      0x120 Core/Src/w6100.o
                0x000000000800112c                W6100_OpenTCPSocket
 .text.W6100_ReceiveData
                0x000000000800124c      0x192 Core/Src/w6100.o
                0x000000000800124c                W6100_ReceiveData
 .text.W6100_TransmitData
                0x00000000080013de      0x1be Core/Src/w6100.o
                0x00000000080013de                W6100_TransmitData
 .text.registerDataReceivedCallback
                0x000000000800159c       0x20 Core/Src/w6100.o
                0x000000000800159c                registerDataReceivedCallback
 .text.registerSocketOpenCallback
                0x00000000080015bc       0x20 Core/Src/w6100.o
                0x00000000080015bc                registerSocketOpenCallback
 .text.registerSocketCloseCallback
                0x00000000080015dc       0x20 Core/Src/w6100.o
                0x00000000080015dc                registerSocketCloseCallback
 .text.W6100_PassiveCloseSocket
                0x00000000080015fc       0xac Core/Src/w6100.o
                0x00000000080015fc                W6100_PassiveCloseSocket
 .text.EXTI9_5_IRQHandler
                0x00000000080016a8       0x6c Core/Src/w6100.o
                0x00000000080016a8                EXTI9_5_IRQHandler
 .text.Reset_Handler
                0x0000000008001714       0x50 Core/Startup/startup_stm32f405rgtx.o
                0x0000000008001714                Reset_Handler
 .text.Default_Handler
                0x0000000008001764        0x2 Core/Startup/startup_stm32f405rgtx.o
                0x0000000008001764                RTC_Alarm_IRQHandler
                0x0000000008001764                HASH_RNG_IRQHandler
                0x0000000008001764                EXTI2_IRQHandler
                0x0000000008001764                TIM8_CC_IRQHandler
                0x0000000008001764                DebugMon_Handler
                0x0000000008001764                TIM1_CC_IRQHandler
                0x0000000008001764                DMA2_Stream5_IRQHandler
                0x0000000008001764                HardFault_Handler
                0x0000000008001764                DMA1_Stream5_IRQHandler
                0x0000000008001764                PVD_IRQHandler
                0x0000000008001764                SDIO_IRQHandler
                0x0000000008001764                TAMP_STAMP_IRQHandler
                0x0000000008001764                PendSV_Handler
                0x0000000008001764                NMI_Handler
                0x0000000008001764                CAN2_RX1_IRQHandler
                0x0000000008001764                EXTI3_IRQHandler
                0x0000000008001764                TIM8_TRG_COM_TIM14_IRQHandler
                0x0000000008001764                TIM1_UP_TIM10_IRQHandler
                0x0000000008001764                TIM8_UP_TIM13_IRQHandler
                0x0000000008001764                I2C3_ER_IRQHandler
                0x0000000008001764                EXTI0_IRQHandler
                0x0000000008001764                I2C2_EV_IRQHandler
                0x0000000008001764                DMA1_Stream2_IRQHandler
                0x0000000008001764                FPU_IRQHandler
                0x0000000008001764                OTG_HS_WKUP_IRQHandler
                0x0000000008001764                UsageFault_Handler
                0x0000000008001764                CAN2_SCE_IRQHandler
                0x0000000008001764                DMA2_Stream2_IRQHandler
                0x0000000008001764                SPI1_IRQHandler
                0x0000000008001764                TIM6_DAC_IRQHandler
                0x0000000008001764                TIM1_BRK_TIM9_IRQHandler
                0x0000000008001764                CAN2_RX0_IRQHandler
                0x0000000008001764                DMA2_Stream3_IRQHandler
                0x0000000008001764                USART6_IRQHandler
                0x0000000008001764                USART3_IRQHandler
                0x0000000008001764                CAN1_RX1_IRQHandler
                0x0000000008001764                UART5_IRQHandler
                0x0000000008001764                DMA2_Stream0_IRQHandler
                0x0000000008001764                TIM4_IRQHandler
                0x0000000008001764                I2C1_EV_IRQHandler
                0x0000000008001764                DMA1_Stream6_IRQHandler
                0x0000000008001764                DMA1_Stream1_IRQHandler
                0x0000000008001764                UART4_IRQHandler
                0x0000000008001764                TIM3_IRQHandler
                0x0000000008001764                RCC_IRQHandler
                0x0000000008001764                TIM8_BRK_TIM12_IRQHandler
                0x0000000008001764                Default_Handler
                0x0000000008001764                EXTI15_10_IRQHandler
                0x0000000008001764                ADC_IRQHandler
                0x0000000008001764                DMA1_Stream7_IRQHandler
                0x0000000008001764                TIM7_IRQHandler
                0x0000000008001764                CAN2_TX_IRQHandler
                0x0000000008001764                TIM5_IRQHandler
                0x0000000008001764                DMA2_Stream7_IRQHandler
                0x0000000008001764                I2C3_EV_IRQHandler
                0x0000000008001764                RTC_WKUP_IRQHandler
                0x0000000008001764                SPI2_IRQHandler
                0x0000000008001764                OTG_HS_EP1_IN_IRQHandler
                0x0000000008001764                MemManage_Handler
                0x0000000008001764                DMA1_Stream0_IRQHandler
                0x0000000008001764                SVC_Handler
                0x0000000008001764                EXTI4_IRQHandler
                0x0000000008001764                FSMC_IRQHandler
                0x0000000008001764                OTG_HS_EP1_OUT_IRQHandler
                0x0000000008001764                WWDG_IRQHandler
                0x0000000008001764                TIM2_IRQHandler
                0x0000000008001764                OTG_FS_WKUP_IRQHandler
                0x0000000008001764                TIM1_TRG_COM_TIM11_IRQHandler
                0x0000000008001764                OTG_HS_IRQHandler
                0x0000000008001764                EXTI1_IRQHandler
                0x0000000008001764                USART2_IRQHandler
                0x0000000008001764                I2C2_ER_IRQHandler
                0x0000000008001764                DMA2_Stream1_IRQHandler
                0x0000000008001764                CAN1_SCE_IRQHandler
                0x0000000008001764                FLASH_IRQHandler
                0x0000000008001764                DMA2_Stream4_IRQHandler
                0x0000000008001764                BusFault_Handler
                0x0000000008001764                USART1_IRQHandler
                0x0000000008001764                OTG_FS_IRQHandler
                0x0000000008001764                SPI3_IRQHandler
                0x0000000008001764                DMA1_Stream4_IRQHandler
                0x0000000008001764                I2C1_ER_IRQHandler
                0x0000000008001764                DMA2_Stream6_IRQHandler
                0x0000000008001764                DMA1_Stream3_IRQHandler
 *fill*         0x0000000008001766        0x2 
 .text.__libc_init_array
                0x0000000008001768       0x48 c:/st/stm32cubeide_1.5.1/stm32cubeide/plugins/com.st.stm32cube.ide.mcu.externaltools.gnu-tools-for-stm32.7-2018-q2-update.win32_1.5.0.202011040924/tools/bin/../lib/gcc/arm-none-eabi/7.3.1/../../../../arm-none-eabi/lib/thumb/v7e-m/fpv4-sp/hard\libc_nano.a(lib_a-init.o)
                0x0000000008001768                __libc_init_array
 .text.memcpy   0x00000000080017b0       0x16 c:/st/stm32cubeide_1.5.1/stm32cubeide/plugins/com.st.stm32cube.ide.mcu.externaltools.gnu-tools-for-stm32.7-2018-q2-update.win32_1.5.0.202011040924/tools/bin/../lib/gcc/arm-none-eabi/7.3.1/../../../../arm-none-eabi/lib/thumb/v7e-m/fpv4-sp/hard\libc_nano.a(lib_a-memcpy-stub.o)
                0x00000000080017b0                memcpy
 .text.memset   0x00000000080017c6       0x10 c:/st/stm32cubeide_1.5.1/stm32cubeide/plugins/com.st.stm32cube.ide.mcu.externaltools.gnu-tools-for-stm32.7-2018-q2-update.win32_1.5.0.202011040924/tools/bin/../lib/gcc/arm-none-eabi/7.3.1/../../../../arm-none-eabi/lib/thumb/v7e-m/fpv4-sp/hard\libc_nano.a(lib_a-memset.o)
                0x00000000080017c6                memset
 *(.glue_7)
 .glue_7        0x00000000080017d6        0x0 linker stubs
 *(.glue_7t)
 .glue_7t       0x00000000080017d6        0x0 linker stubs
 *(.eh_frame)
 *fill*         0x00000000080017d6        0x2 
 .eh_frame      0x00000000080017d8        0x0 c:/st/stm32cubeide_1.5.1/stm32cubeide/plugins/com.st.stm32cube.ide.mcu.externaltools.gnu-tools-for-stm32.7-2018-q2-update.win32_1.5.0.202011040924/tools/bin/../lib/gcc/arm-none-eabi/7.3.1/thumb/v7e-m/fpv4-sp/hard/crtbegin.o
 *(.init)
 .init          0x00000000080017d8        0x4 c:/st/stm32cubeide_1.5.1/stm32cubeide/plugins/com.st.stm32cube.ide.mcu.externaltools.gnu-tools-for-stm32.7-2018-q2-update.win32_1.5.0.202011040924/tools/bin/../lib/gcc/arm-none-eabi/7.3.1/thumb/v7e-m/fpv4-sp/hard/crti.o
                0x00000000080017d8                _init
 .init          0x00000000080017dc        0x8 c:/st/stm32cubeide_1.5.1/stm32cubeide/plugins/com.st.stm32cube.ide.mcu.externaltools.gnu-tools-for-stm32.7-2018-q2-update.win32_1.5.0.202011040924/tools/bin/../lib/gcc/arm-none-eabi/7.3.1/thumb/v7e-m/fpv4-sp/hard/crtn.o
 *(.fini)
 .fini          0x00000000080017e4        0x4 c:/st/stm32cubeide_1.5.1/stm32cubeide/plugins/com.st.stm32cube.ide.mcu.externaltools.gnu-tools-for-stm32.7-2018-q2-update.win32_1.5.0.202011040924/tools/bin/../lib/gcc/arm-none-eabi/7.3.1/thumb/v7e-m/fpv4-sp/hard/crti.o
                0x00000000080017e4                _fini
 .fini          0x00000000080017e8        0x8 c:/st/stm32cubeide_1.5.1/stm32cubeide/plugins/com.st.stm32cube.ide.mcu.externaltools.gnu-tools-for-stm32.7-2018-q2-update.win32_1.5.0.202011040924/tools/bin/../lib/gcc/arm-none-eabi/7.3.1/thumb/v7e-m/fpv4-sp/hard/crtn.o
                0x00000000080017f0                . = ALIGN (0x4)
                0x00000000080017f0                _etext = .

.vfp11_veneer   0x00000000080017f0        0x0
 .vfp11_veneer  0x00000000080017f0        0x0 linker stubs

.v4_bx          0x00000000080017f0        0x0
 .v4_bx         0x00000000080017f0        0x0 linker stubs

.iplt           0x00000000080017f0        0x0
 .iplt          0x00000000080017f0        0x0 c:/st/stm32cubeide_1.5.1/stm32cubeide/plugins/com.st.stm32cube.ide.mcu.externaltools.gnu-tools-for-stm32.7-2018-q2-update.win32_1.5.0.202011040924/tools/bin/../lib/gcc/arm-none-eabi/7.3.1/thumb/v7e-m/fpv4-sp/hard/crtbegin.o

.rodata         0x00000000080017f0       0x84
                0x00000000080017f0                . = ALIGN (0x4)
 *(.rodata)
 .rodata        0x00000000080017f0       0x84 Core/Src/control_sys.o
 *(.rodata*)
                0x0000000008001874                . = ALIGN (0x4)

.rel.dyn        0x0000000008001874        0x0
 .rel.iplt      0x0000000008001874        0x0 c:/st/stm32cubeide_1.5.1/stm32cubeide/plugins/com.st.stm32cube.ide.mcu.externaltools.gnu-tools-for-stm32.7-2018-q2-update.win32_1.5.0.202011040924/tools/bin/../lib/gcc/arm-none-eabi/7.3.1/thumb/v7e-m/fpv4-sp/hard/crtbegin.o

.ARM.extab      0x0000000008001874        0x0
                0x0000000008001874                . = ALIGN (0x4)
 *(.ARM.extab* .gnu.linkonce.armextab.*)
                0x0000000008001874                . = ALIGN (0x4)

.ARM            0x0000000008001874        0x0
                0x0000000008001874                . = ALIGN (0x4)
                0x0000000008001874                __exidx_start = .
 *(.ARM.exidx*)
                0x0000000008001874                __exidx_end = .
                0x0000000008001874                . = ALIGN (0x4)

.preinit_array  0x0000000008001874        0x0
                0x0000000008001874                . = ALIGN (0x4)
                0x0000000008001874                PROVIDE (__preinit_array_start = .)
 *(.preinit_array*)
                0x0000000008001874                PROVIDE (__preinit_array_end = .)
                0x0000000008001874                . = ALIGN (0x4)

.init_array     0x0000000008001874        0x4
                0x0000000008001874                . = ALIGN (0x4)
                0x0000000008001874                PROVIDE (__init_array_start = .)
 *(SORT_BY_NAME(.init_array.*))
 *(.init_array*)
 .init_array    0x0000000008001874        0x4 c:/st/stm32cubeide_1.5.1/stm32cubeide/plugins/com.st.stm32cube.ide.mcu.externaltools.gnu-tools-for-stm32.7-2018-q2-update.win32_1.5.0.202011040924/tools/bin/../lib/gcc/arm-none-eabi/7.3.1/thumb/v7e-m/fpv4-sp/hard/crtbegin.o
                0x0000000008001878                PROVIDE (__init_array_end = .)
                0x0000000008001878                . = ALIGN (0x4)

.fini_array     0x0000000008001878        0x4
                0x0000000008001878                . = ALIGN (0x4)
                [!provide]                        PROVIDE (__fini_array_start = .)
 *(SORT_BY_NAME(.fini_array.*))
 *(.fini_array*)
 .fini_array    0x0000000008001878        0x4 c:/st/stm32cubeide_1.5.1/stm32cubeide/plugins/com.st.stm32cube.ide.mcu.externaltools.gnu-tools-for-stm32.7-2018-q2-update.win32_1.5.0.202011040924/tools/bin/../lib/gcc/arm-none-eabi/7.3.1/thumb/v7e-m/fpv4-sp/hard/crtbegin.o
                [!provide]                        PROVIDE (__fini_array_end = .)
                0x000000000800187c                . = ALIGN (0x4)
                0x000000000800187c                _sidata = LOADADDR (.data)

.data           0x0000000020000000        0x0 load address 0x000000000800187c
                0x0000000020000000                . = ALIGN (0x4)
                0x0000000020000000                _sdata = .
 *(.data)
 *(.data*)
 *(.RamFunc)
 *(.RamFunc*)
                0x0000000020000000                . = ALIGN (0x4)
                0x0000000020000000                _edata = .

.igot.plt       0x0000000020000000        0x0 load address 0x000000000800187c
 .igot.plt      0x0000000020000000        0x0 c:/st/stm32cubeide_1.5.1/stm32cubeide/plugins/com.st.stm32cube.ide.mcu.externaltools.gnu-tools-for-stm32.7-2018-q2-update.win32_1.5.0.202011040924/tools/bin/../lib/gcc/arm-none-eabi/7.3.1/thumb/v7e-m/fpv4-sp/hard/crtbegin.o
                0x0000000020000000                . = ALIGN (0x4)

.bss            0x0000000020000000       0x90 load address 0x000000000800187c
                0x0000000020000000                _sbss = .
                0x0000000020000000                __bss_start__ = _sbss
 *(.bss)
 .bss           0x0000000020000000       0x1c c:/st/stm32cubeide_1.5.1/stm32cubeide/plugins/com.st.stm32cube.ide.mcu.externaltools.gnu-tools-for-stm32.7-2018-q2-update.win32_1.5.0.202011040924/tools/bin/../lib/gcc/arm-none-eabi/7.3.1/thumb/v7e-m/fpv4-sp/hard/crtbegin.o
 *(.bss*)
 .bss.canMsgReceivedCallback
                0x000000002000001c        0x4 Core/Src/can.o
 .bss.CAN_filterIdx.8004
                0x0000000020000020        0x2 Core/Src/can.o
 *fill*         0x0000000020000022        0x2 
 .bss.socketCloseCallback
                0x0000000020000024        0x4 Core/Src/w6100.o
 .bss.socketOpenCallback
                0x0000000020000028        0x4 Core/Src/w6100.o
 .bss.dataReceivedCallback
                0x000000002000002c        0x4 Core/Src/w6100.o
 *(COMMON)
 COMMON         0x0000000020000030        0x2 Core/Src/config.o
                0x0000000020000030                delay
 *fill*         0x0000000020000032        0x2 
 COMMON         0x0000000020000034       0x5c Core/Src/control_sys.o
                0x0000000020000034                canMessages
                0x0000000020000064                rx_dat
                0x000000002000008c                destination_adr
                0x0000000020000090                . = ALIGN (0x4)
                0x0000000020000090                _ebss = .
                0x0000000020000090                __bss_end__ = _ebss

._user_heap_stack
                0x0000000020000090      0x600 load address 0x000000000800187c
                0x0000000020000090                . = ALIGN (0x8)
                [!provide]                        PROVIDE (end = .)
                0x0000000020000090                PROVIDE (_end = .)
                0x0000000020000290                . = (. + _Min_Heap_Size)
 *fill*         0x0000000020000090      0x200 
                0x0000000020000690                . = (. + _Min_Stack_Size)
 *fill*         0x0000000020000290      0x400 
                0x0000000020000690                . = ALIGN (0x8)

/DISCARD/
 libc.a(*)
 libm.a(*)
 libgcc.a(*)

.ARM.attributes
                0x0000000000000000       0x30
 *(.ARM.attributes)
 .ARM.attributes
                0x0000000000000000       0x22 c:/st/stm32cubeide_1.5.1/stm32cubeide/plugins/com.st.stm32cube.ide.mcu.externaltools.gnu-tools-for-stm32.7-2018-q2-update.win32_1.5.0.202011040924/tools/bin/../lib/gcc/arm-none-eabi/7.3.1/thumb/v7e-m/fpv4-sp/hard/crti.o
 .ARM.attributes
                0x0000000000000022       0x34 c:/st/stm32cubeide_1.5.1/stm32cubeide/plugins/com.st.stm32cube.ide.mcu.externaltools.gnu-tools-for-stm32.7-2018-q2-update.win32_1.5.0.202011040924/tools/bin/../lib/gcc/arm-none-eabi/7.3.1/thumb/v7e-m/fpv4-sp/hard/crtbegin.o
 .ARM.attributes
                0x0000000000000056       0x39 Core/Src/can.o
 .ARM.attributes
                0x000000000000008f       0x39 Core/Src/config.o
 .ARM.attributes
                0x00000000000000c8       0x39 Core/Src/control_sys.o
 .ARM.attributes
                0x0000000000000101       0x39 Core/Src/main.o
 .ARM.attributes
                0x000000000000013a       0x39 Core/Src/system_stm32f4xx.o
 .ARM.attributes
                0x0000000000000173       0x39 Core/Src/w6100.o
 .ARM.attributes
                0x00000000000001ac       0x21 Core/Startup/startup_stm32f405rgtx.o
 .ARM.attributes
                0x00000000000001cd       0x34 c:/st/stm32cubeide_1.5.1/stm32cubeide/plugins/com.st.stm32cube.ide.mcu.externaltools.gnu-tools-for-stm32.7-2018-q2-update.win32_1.5.0.202011040924/tools/bin/../lib/gcc/arm-none-eabi/7.3.1/../../../../arm-none-eabi/lib/thumb/v7e-m/fpv4-sp/hard\libc_nano.a(lib_a-init.o)
 .ARM.attributes
                0x0000000000000201       0x34 c:/st/stm32cubeide_1.5.1/stm32cubeide/plugins/com.st.stm32cube.ide.mcu.externaltools.gnu-tools-for-stm32.7-2018-q2-update.win32_1.5.0.202011040924/tools/bin/../lib/gcc/arm-none-eabi/7.3.1/../../../../arm-none-eabi/lib/thumb/v7e-m/fpv4-sp/hard\libc_nano.a(lib_a-memcpy-stub.o)
 .ARM.attributes
                0x0000000000000235       0x34 c:/st/stm32cubeide_1.5.1/stm32cubeide/plugins/com.st.stm32cube.ide.mcu.externaltools.gnu-tools-for-stm32.7-2018-q2-update.win32_1.5.0.202011040924/tools/bin/../lib/gcc/arm-none-eabi/7.3.1/../../../../arm-none-eabi/lib/thumb/v7e-m/fpv4-sp/hard\libc_nano.a(lib_a-memset.o)
 .ARM.attributes
                0x0000000000000269       0x20 c:/st/stm32cubeide_1.5.1/stm32cubeide/plugins/com.st.stm32cube.ide.mcu.externaltools.gnu-tools-for-stm32.7-2018-q2-update.win32_1.5.0.202011040924/tools/bin/../lib/gcc/arm-none-eabi/7.3.1/../../../../arm-none-eabi/lib/thumb/v7e-m/fpv4-sp/hard\libc_nano.a(lib_a-strcmp.o)
 .ARM.attributes
                0x0000000000000289       0x22 c:/st/stm32cubeide_1.5.1/stm32cubeide/plugins/com.st.stm32cube.ide.mcu.externaltools.gnu-tools-for-stm32.7-2018-q2-update.win32_1.5.0.202011040924/tools/bin/../lib/gcc/arm-none-eabi/7.3.1/thumb/v7e-m/fpv4-sp/hard/crtn.o
OUTPUT(Hyperlink_MB_W6100_Library.elf elf32-littlearm)

.debug_info     0x0000000000000000     0x50f1
 .debug_info    0x0000000000000000     0x12c0 Core/Src/can.o
 .debug_info    0x00000000000012c0     0x1315 Core/Src/config.o
 .debug_info    0x00000000000025d5      0xbd8 Core/Src/control_sys.o
 .debug_info    0x00000000000031ad      0xb5b Core/Src/main.o
 .debug_info    0x0000000000003d08      0x4fb Core/Src/system_stm32f4xx.o
 .debug_info    0x0000000000004203      0xecc Core/Src/w6100.o
 .debug_info    0x00000000000050cf       0x22 Core/Startup/startup_stm32f405rgtx.o

.debug_abbrev   0x0000000000000000      0xcd1
 .debug_abbrev  0x0000000000000000      0x28a Core/Src/can.o
 .debug_abbrev  0x000000000000028a      0x292 Core/Src/config.o
 .debug_abbrev  0x000000000000051c      0x20b Core/Src/control_sys.o
 .debug_abbrev  0x0000000000000727      0x1d1 Core/Src/main.o
 .debug_abbrev  0x00000000000008f8      0x111 Core/Src/system_stm32f4xx.o
 .debug_abbrev  0x0000000000000a09      0x2b6 Core/Src/w6100.o
 .debug_abbrev  0x0000000000000cbf       0x12 Core/Startup/startup_stm32f405rgtx.o

.debug_aranges  0x0000000000000000      0x1e0
 .debug_aranges
                0x0000000000000000       0x58 Core/Src/can.o
 .debug_aranges
                0x0000000000000058       0x48 Core/Src/config.o
 .debug_aranges
                0x00000000000000a0       0x40 Core/Src/control_sys.o
 .debug_aranges
                0x00000000000000e0       0x20 Core/Src/main.o
 .debug_aranges
                0x0000000000000100       0x28 Core/Src/system_stm32f4xx.o
 .debug_aranges
                0x0000000000000128       0x90 Core/Src/w6100.o
 .debug_aranges
                0x00000000000001b8       0x28 Core/Startup/startup_stm32f405rgtx.o

.debug_ranges   0x0000000000000000      0x178
 .debug_ranges  0x0000000000000000       0x48 Core/Src/can.o
 .debug_ranges  0x0000000000000048       0x38 Core/Src/config.o
 .debug_ranges  0x0000000000000080       0x30 Core/Src/control_sys.o
 .debug_ranges  0x00000000000000b0       0x10 Core/Src/main.o
 .debug_ranges  0x00000000000000c0       0x18 Core/Src/system_stm32f4xx.o
 .debug_ranges  0x00000000000000d8       0x80 Core/Src/w6100.o
 .debug_ranges  0x0000000000000158       0x20 Core/Startup/startup_stm32f405rgtx.o

.debug_macro    0x0000000000000000    0x18f0c
 .debug_macro   0x0000000000000000      0x253 Core/Src/can.o
 .debug_macro   0x0000000000000253      0xa5a Core/Src/can.o
 .debug_macro   0x0000000000000cad       0x22 Core/Src/can.o
 .debug_macro   0x0000000000000ccf       0x40 Core/Src/can.o
 .debug_macro   0x0000000000000d0f       0x18 Core/Src/can.o
 .debug_macro   0x0000000000000d27       0x94 Core/Src/can.o
 .debug_macro   0x0000000000000dbb       0x3c Core/Src/can.o
 .debug_macro   0x0000000000000df7       0x34 Core/Src/can.o
 .debug_macro   0x0000000000000e2b       0x16 Core/Src/can.o
 .debug_macro   0x0000000000000e41       0x57 Core/Src/can.o
 .debug_macro   0x0000000000000e98       0x97 Core/Src/can.o
 .debug_macro   0x0000000000000f2f      0x330 Core/Src/can.o
 .debug_macro   0x000000000000125f       0xfd Core/Src/can.o
 .debug_macro   0x000000000000135c       0x10 Core/Src/can.o
 .debug_macro   0x000000000000136c       0x52 Core/Src/can.o
 .debug_macro   0x00000000000013be       0x1f Core/Src/can.o
 .debug_macro   0x00000000000013dd       0x43 Core/Src/can.o
 .debug_macro   0x0000000000001420       0x20 Core/Src/can.o
 .debug_macro   0x0000000000001440      0x1a3 Core/Src/can.o
 .debug_macro   0x00000000000015e3       0x10 Core/Src/can.o
 .debug_macro   0x00000000000015f3       0x6a Core/Src/can.o
 .debug_macro   0x000000000000165d       0x1c Core/Src/can.o
 .debug_macro   0x0000000000001679       0x52 Core/Src/can.o
 .debug_macro   0x00000000000016cb       0x40 Core/Src/can.o
 .debug_macro   0x000000000000170b       0x10 Core/Src/can.o
 .debug_macro   0x000000000000171b       0x40 Core/Src/can.o
 .debug_macro   0x000000000000175b       0xd7 Core/Src/can.o
 .debug_macro   0x0000000000001832       0x1c Core/Src/can.o
 .debug_macro   0x000000000000184e       0x3d Core/Src/can.o
 .debug_macro   0x000000000000188b       0x16 Core/Src/can.o
 .debug_macro   0x00000000000018a1      0x145 Core/Src/can.o
 .debug_macro   0x00000000000019e6       0x16 Core/Src/can.o
 .debug_macro   0x00000000000019fc       0x35 Core/Src/can.o
 .debug_macro   0x0000000000001a31       0x20 Core/Src/can.o
 .debug_macro   0x0000000000001a51       0x2f Core/Src/can.o
 .debug_macro   0x0000000000001a80       0xef Core/Src/can.o
 .debug_macro   0x0000000000001b6f      0x1df Core/Src/can.o
 .debug_macro   0x0000000000001d4e       0x1c Core/Src/can.o
 .debug_macro   0x0000000000001d6a       0x22 Core/Src/can.o
 .debug_macro   0x0000000000001d8c       0xd9 Core/Src/can.o
 .debug_macro   0x0000000000001e65     0x102d Core/Src/can.o
 .debug_macro   0x0000000000002e92      0x11f Core/Src/can.o
 .debug_macro   0x0000000000002fb1    0x14251 Core/Src/can.o
 .debug_macro   0x0000000000017202       0x34 Core/Src/can.o
 .debug_macro   0x0000000000017236      0x24e Core/Src/config.o
 .debug_macro   0x0000000000017484      0x270 Core/Src/control_sys.o
 .debug_macro   0x00000000000176f4      0x803 Core/Src/control_sys.o
 .debug_macro   0x0000000000017ef7       0x3a Core/Src/control_sys.o
 .debug_macro   0x0000000000017f31      0x27c Core/Src/main.o
 .debug_macro   0x00000000000181ad       0xe0 Core/Src/system_stm32f4xx.o
 .debug_macro   0x000000000001828d       0x2e Core/Src/system_stm32f4xx.o
 .debug_macro   0x00000000000182bb       0x8e Core/Src/system_stm32f4xx.o
 .debug_macro   0x0000000000018349       0x51 Core/Src/system_stm32f4xx.o
 .debug_macro   0x000000000001839a       0xdf Core/Src/system_stm32f4xx.o
 .debug_macro   0x0000000000018479       0x43 Core/Src/system_stm32f4xx.o
 .debug_macro   0x00000000000184bc      0x253 Core/Src/w6100.o
 .debug_macro   0x000000000001870f      0x7fd Core/Src/w6100.o

.debug_line     0x0000000000000000     0x2a07
 .debug_line    0x0000000000000000      0x74f Core/Src/can.o
 .debug_line    0x000000000000074f      0x723 Core/Src/config.o
 .debug_line    0x0000000000000e72      0x701 Core/Src/control_sys.o
 .debug_line    0x0000000000001573      0x6c5 Core/Src/main.o
 .debug_line    0x0000000000001c38      0x486 Core/Src/system_stm32f4xx.o
 .debug_line    0x00000000000020be      0x8c4 Core/Src/w6100.o
 .debug_line    0x0000000000002982       0x85 Core/Startup/startup_stm32f405rgtx.o

.debug_str      0x0000000000000000    0x83b7c
 .debug_str     0x0000000000000000    0x822a0 Core/Src/can.o
                                      0x82533 (size before relaxing)
 .debug_str     0x00000000000822a0      0x164 Core/Src/config.o
                                      0x8248d (size before relaxing)
 .debug_str     0x0000000000082404     0x11a0 Core/Src/control_sys.o
                                      0x82f78 (size before relaxing)
 .debug_str     0x00000000000835a4       0x30 Core/Src/main.o
                                      0x82f0e (size before relaxing)
 .debug_str     0x00000000000835d4      0x3bb Core/Src/system_stm32f4xx.o
                                      0x7dd35 (size before relaxing)
 .debug_str     0x000000000008398f      0x1b7 Core/Src/w6100.o
                                      0x82fe8 (size before relaxing)
 .debug_str     0x0000000000083b46       0x36 Core/Startup/startup_stm32f405rgtx.o
                                         0x82 (size before relaxing)

.comment        0x0000000000000000       0x7b
 .comment       0x0000000000000000       0x7b Core/Src/can.o
                                         0x7c (size before relaxing)
 .comment       0x000000000000007b       0x7c Core/Src/config.o
 .comment       0x000000000000007b       0x7c Core/Src/control_sys.o
 .comment       0x000000000000007b       0x7c Core/Src/main.o
 .comment       0x000000000000007b       0x7c Core/Src/system_stm32f4xx.o
 .comment       0x000000000000007b       0x7c Core/Src/w6100.o

.debug_frame    0x0000000000000000      0x670
 .debug_frame   0x0000000000000000      0x150 Core/Src/can.o
 .debug_frame   0x0000000000000150       0xf0 Core/Src/config.o
 .debug_frame   0x0000000000000240       0xcc Core/Src/control_sys.o
 .debug_frame   0x000000000000030c       0x30 Core/Src/main.o
 .debug_frame   0x000000000000033c       0x58 Core/Src/system_stm32f4xx.o
 .debug_frame   0x0000000000000394      0x248 Core/Src/w6100.o
 .debug_frame   0x00000000000005dc       0x2c c:/st/stm32cubeide_1.5.1/stm32cubeide/plugins/com.st.stm32cube.ide.mcu.externaltools.gnu-tools-for-stm32.7-2018-q2-update.win32_1.5.0.202011040924/tools/bin/../lib/gcc/arm-none-eabi/7.3.1/../../../../arm-none-eabi/lib/thumb/v7e-m/fpv4-sp/hard\libc_nano.a(lib_a-init.o)
 .debug_frame   0x0000000000000608       0x28 c:/st/stm32cubeide_1.5.1/stm32cubeide/plugins/com.st.stm32cube.ide.mcu.externaltools.gnu-tools-for-stm32.7-2018-q2-update.win32_1.5.0.202011040924/tools/bin/../lib/gcc/arm-none-eabi/7.3.1/../../../../arm-none-eabi/lib/thumb/v7e-m/fpv4-sp/hard\libc_nano.a(lib_a-memcpy-stub.o)
 .debug_frame   0x0000000000000630       0x20 c:/st/stm32cubeide_1.5.1/stm32cubeide/plugins/com.st.stm32cube.ide.mcu.externaltools.gnu-tools-for-stm32.7-2018-q2-update.win32_1.5.0.202011040924/tools/bin/../lib/gcc/arm-none-eabi/7.3.1/../../../../arm-none-eabi/lib/thumb/v7e-m/fpv4-sp/hard\libc_nano.a(lib_a-memset.o)
 .debug_frame   0x0000000000000650       0x20 c:/st/stm32cubeide_1.5.1/stm32cubeide/plugins/com.st.stm32cube.ide.mcu.externaltools.gnu-tools-for-stm32.7-2018-q2-update.win32_1.5.0.202011040924/tools/bin/../lib/gcc/arm-none-eabi/7.3.1/../../../../arm-none-eabi/lib/thumb/v7e-m/fpv4-sp/hard\libc_nano.a(lib_a-strcmp.o)
